<html>
<body>
<pre>
<h1>µVision Build Log</h1>
<h2>Project:</h2>
H:\Electronics_design_contest\code\EDC\USER\EDC.uvprojx
Project File Date:  04/27/2019

<h2>Output:</h2>
Build target 'EDC'
compiling main.c...
main.c(239): warning:  #167-D: argument of type "char *" is incompatible with parameter of type "u8 *"
                LCD_ShowString(10, 220 , 240, 16, 16, str1);
main.c(240): warning:  #167-D: argument of type "char *" is incompatible with parameter of type "u8 *"
                LCD_ShowString(10, 250 , 240, 16, 16, str2);
main.c(244): warning:  #167-D: argument of type "char *" is incompatible with parameter of type "u8 *"
                LCD_ShowString(10, 270 , 240, 16, 16, str3);
main.c(245): warning:  #167-D: argument of type "char *" is incompatible with parameter of type "u8 *"
                LCD_ShowString(10, 300 , 240, 16, 16, str4);
main.c(256): warning:  #1-D: last line of file ends without a newline
   
main.c: 5 warnings, 0 errors
compiling stm32f4xx_it.c...
compiling system_stm32f4xx.c...
compiling misc.c...
compiling stm32f4xx_crc.c...
compiling stm32f4xx_dbgmcu.c...
compiling stm32f4xx_dcmi.c...
compiling stm32f4xx_exti.c...
compiling stm32f4xx_fsmc.c...
compiling stm32f4xx_gpio.c...
compiling stm32f4xx_ltdc.c...
compiling stm32f4xx_pwr.c...
compiling stm32f4xx_rcc.c...
compiling stm32f4xx_syscfg.c...
compiling stm32f4xx_tim.c...
compiling stm32f4xx_usart.c...
compiling stm32f4xx_dma.c...
compiling delay.c...
compiling sys.c...
compiling usart.c...
compiling motor.c...
compiling lcd.c...
compiling dcmi.c...
compiling sccb.c...
compiling ov2640.c...
compiling pid.c...
compiling usart3.c...
linking...
Program Size: Code=43160 RO-data=8212 RW-data=96 ZI-data=66032  
FromELF: creating hex file...
"..\OBJ\Template.axf" - 0 Error(s), 5 Warning(s).
