<html>
<body>
<pre>
<h1>µVision Build Log</h1>
<h2>Project:</h2>
H:\Electronics_design_contest\code\EDC\USER\EDC.uvprojx
Project File Date:  05/12/2019

<h2>Output:</h2>
Build target 'EDC'
compiling main.c...
main.c(417): warning:  #181-D: argument is incompatible with corresponding format string conversion
                sprintf(str1, "P_X: %d, %d", PWM_X, PWM_init_X[*aim_index]);
main.c(418): warning:  #181-D: argument is incompatible with corresponding format string conversion
                sprintf(str2, "P_Y: %d, %d", PWM_Y, PWM_init_Y[*aim_index]);
main.c(425): warning:  #167-D: argument of type "char *" is incompatible with parameter of type "u8 *"
                LCD_ShowString(150, 80 , 240, 16, 16, str1);
main.c(426): warning:  #167-D: argument of type "char *" is incompatible with parameter of type "u8 *"
                LCD_ShowString(150, 110 , 240, 16, 16, str2);
main.c(430): warning:  #167-D: argument of type "char *" is incompatible with parameter of type "u8 *"
                LCD_ShowString(150, 140 , 240, 16, 16, str3);
main.c(431): warning:  #167-D: argument of type "char *" is incompatible with parameter of type "u8 *"
                LCD_ShowString(150, 170 , 240, 16, 16, str4);
main.c: 6 warnings, 0 errors
linking...
Program Size: Code=43044 RO-data=8036 RW-data=2100 ZI-data=60868  
FromELF: creating hex file...
"..\OBJ\Template.axf" - 0 Error(s), 6 Warning(s).
Load "..\\OBJ\\Template.axf" 
Erase Done.
Programming Done.
Verify OK.
Application running ...
 Target DLL has been cancelled
Load "..\\OBJ\\Template.axf" 
Erase Done.
Programming Done.
Verify OK.
Application running ...
