<html>
<body>
<pre>
<h1>µVision Build Log</h1>
<h2>Project:</h2>
H:\Electronics_design_contest\code\EDC\USER\EDC.uvprojx
Project File Date:  05/08/2019

<h2>Output:</h2>
Build target 'EDC'
compiling main.c...
main.c(384): warning:  #167-D: argument of type "char *" is incompatible with parameter of type "u8 *"
                        LCD_ShowString(10, 220 , 240, 16, 16, str1);
main.c(385): warning:  #167-D: argument of type "char *" is incompatible with parameter of type "u8 *"
                        LCD_ShowString(10, 250 , 240, 16, 16, str2);
main.c(389): warning:  #167-D: argument of type "char *" is incompatible with parameter of type "u8 *"
                        LCD_ShowString(10, 270 , 240, 16, 16, str3);
main.c(390): warning:  #167-D: argument of type "char *" is incompatible with parameter of type "u8 *"
                        LCD_ShowString(10, 300 , 240, 16, 16, str4);
main.c(259): warning:  #177-D: variable "I_count" was declared but never referenced
        static u8 I_count = 0;
main.c(264): warning:  #177-D: variable "str5" was declared but never referenced
        char str5[30] = {0};
main.c(434): warning:  #167-D: argument of type "char *" is incompatible with parameter of type "u8 *"
                LCD_ShowString(150, 20 , 100, 16, 16, frame);
main.c: 7 warnings, 0 errors
compiling motor.c...
compiling init.c...
linking...
Program Size: Code=45264 RO-data=8212 RW-data=296 ZI-data=61024  
FromELF: creating hex file...
"..\OBJ\Template.axf" - 0 Error(s), 7 Warning(s).
