<html>
<body>
<pre>
<h1>µVision Build Log</h1>
<h2>Project:</h2>
H:\Electronics_design_contest\code\EDC\USER\EDC.uvprojx
Project File Date:  05/11/2019

<h2>Output:</h2>
Build target 'EDC'
linking...
Program Size: Code=40708 RO-data=8036 RW-data=280 ZI-data=60864  
FromELF: creating hex file...
"..\OBJ\Template.axf" - 0 Error(s), 0 Warning(s).
r(s), 0 Warning(s).
Load "..\\OBJ\\Template.axf" 
Erase Done.
Programming Done.
Verify OK.
Application running ...
ariable "str2" was declared but never referenced
        char str2[30] = {0};
main.c(281): warning:  #177-D: variable "str3" was declared but never referenced
        char str3[30] = {0};
main.c(282): warning:  #177-D: variable "str4" was declared but never referenced
        char str4[30] = {0};
main.c(283): warning:  #177-D: variable "str5" was declared but never referenced
        char str5[30] = {0};
main.c: 6 warnings, 0 errors
linking...
Program Size: Code=40680 RO-data=8036 RW-data=280 ZI-data=60864  
FromELF: creating hex file...
"..\OBJ\Template.axf" - 0 Error(s), 6 Warning(s).
Load "..\\OBJ\\Template.axf" 
Erase Done.
Programming Done.
Verify OK.
Application running ...
J\\Template.axf" 
_____^
*** error 56: cannot open file
Error: Flash Download failed  -  Could not load file '..\OBJ\Template.axf'
smc.c...
compiling stm32f4xx_gpio.c...
compiling stm32f4xx_ltdc.c...
compiling stm32f4xx_pwr.c...
compiling stm32f4xx_rcc.c...
compiling stm32f4xx_syscfg.c...
compiling stm32f4xx_tim.c...
compiling stm32f4xx_usart.c...
compiling stm32f4xx_dma.c...
compiling delay.c...
compiling sys.c...
compiling usart.c...
compiling motor.c...
compiling lcd.c...
compiling dcmi.c...
compiling sccb.c...
compiling ov2640.c...
compiling pid.c...
compiling usart3.c...
compiling init.c...
compiling beep.c...
linking...
Program Size: Code=40684 RO-data=8036 RW-data=284 ZI-data=60868  
FromELF: creating hex file...
"..\OBJ\Template.axf" - 0 Error(s), 7 Warning(s).
Load "..\\OBJ\\Template.axf" 
Erase Done.
Programming Done.
Verify OK.
Application running ...
