Product: MDK-ARM Professional 5.10
Component: ARM Compiler 5.04 update 1 (build 49)
Tool: armlink [5040049]

==============================================================================

Section Cross References

    main.o(.text) refers to _printf_percent.o(.ARM.Collect$$_printf_percent$$00000000) for _printf_percent
    main.o(.text) refers to _printf_d.o(.ARM.Collect$$_printf_percent$$00000009) for _printf_d
    main.o(.text) refers to _printf_f.o(.ARM.Collect$$_printf_percent$$00000003) for _printf_f
    main.o(.text) refers to _printf_dec.o(.text) for _printf_int_dec
    main.o(.text) refers to printf1.o(x$fpl$printf1) for _printf_fp_dec
    main.o(.text) refers to rt_memclr_w.o(.text) for __aeabi_memclr4
    main.o(.text) refers to stm32f4xx_tim.o(.text) for TIM_SetCompare1
    main.o(.text) refers to f2d.o(x$fpl$f2d) for __aeabi_f2d
    main.o(.text) refers to noretval__2sprintf.o(.text) for __2sprintf
    main.o(.text) refers to lcd.o(.text) for LCD_ShowString
    main.o(.text) refers to init.o(.text) for sys_init
    main.o(.text) refers to motor.o(.text) for motor_init
    main.o(.text) refers to pid.o(.text) for pid_init
    main.o(.text) refers to main.o(.data) for displayMode
    main.o(.text) refers to main.o(.bss) for Aim
    main.o(.text) refers to stm32f4xx_dcmi.o(.text) for DCMI_GetITStatus
    system_stm32f4xx.o(.text) refers to system_stm32f4xx.o(.data) for SystemCoreClock
    startup_stm32f40_41xxx.o(STACK) refers (Special) to heapauxi.o(.text) for __use_two_region_memory
    startup_stm32f40_41xxx.o(HEAP) refers (Special) to heapauxi.o(.text) for __use_two_region_memory
    startup_stm32f40_41xxx.o(RESET) refers (Special) to heapauxi.o(.text) for __use_two_region_memory
    startup_stm32f40_41xxx.o(RESET) refers to startup_stm32f40_41xxx.o(STACK) for __initial_sp
    startup_stm32f40_41xxx.o(RESET) refers to startup_stm32f40_41xxx.o(.text) for Reset_Handler
    startup_stm32f40_41xxx.o(RESET) refers to stm32f4xx_it.o(.text) for NMI_Handler
    startup_stm32f40_41xxx.o(RESET) refers to main.o(.text) for TIM3_IRQHandler
    startup_stm32f40_41xxx.o(RESET) refers to usart.o(.text) for USART1_IRQHandler
    startup_stm32f40_41xxx.o(RESET) refers to usart3.o(.text) for USART3_IRQHandler
    startup_stm32f40_41xxx.o(RESET) refers to dcmi.o(.text) for DMA2_Stream1_IRQHandler
    startup_stm32f40_41xxx.o(.text) refers (Special) to heapauxi.o(.text) for __use_two_region_memory
    startup_stm32f40_41xxx.o(.text) refers to system_stm32f4xx.o(.text) for SystemInit
    startup_stm32f40_41xxx.o(.text) refers to __main.o(!!!main) for __main
    startup_stm32f40_41xxx.o(.text) refers to startup_stm32f40_41xxx.o(HEAP) for Heap_Mem
    startup_stm32f40_41xxx.o(.text) refers to startup_stm32f40_41xxx.o(STACK) for Stack_Mem
    stm32f4xx_fsmc.o(.text) refers to stm32f4xx_fsmc.o(.constdata) for FSMC_DefaultTimingStruct
    stm32f4xx_gpio.o(.text) refers to stm32f4xx_rcc.o(.text) for RCC_AHB1PeriphResetCmd
    stm32f4xx_ltdc.o(.text) refers to stm32f4xx_rcc.o(.text) for RCC_APB2PeriphResetCmd
    stm32f4xx_pwr.o(.text) refers to stm32f4xx_rcc.o(.text) for RCC_APB1PeriphResetCmd
    stm32f4xx_rcc.o(.text) refers to stm32f4xx_rcc.o(.data) for APBAHBPrescTable
    stm32f4xx_syscfg.o(.text) refers to stm32f4xx_rcc.o(.text) for RCC_APB2PeriphResetCmd
    stm32f4xx_tim.o(.text) refers to stm32f4xx_rcc.o(.text) for RCC_APB2PeriphResetCmd
    stm32f4xx_usart.o(.text) refers to stm32f4xx_rcc.o(.text) for RCC_APB2PeriphResetCmd
    delay.o(.text) refers to misc.o(.text) for SysTick_CLKSourceConfig
    delay.o(.text) refers to delay.o(.data) for fac_us
    usart.o(.rev16_text) refers (Special) to use_no_semi_2.o(.text) for __use_no_semihosting
    usart.o(.revsh_text) refers (Special) to use_no_semi_2.o(.text) for __use_no_semihosting
    usart.o(.text) refers (Special) to use_no_semi_2.o(.text) for __use_no_semihosting
    usart.o(.text) refers to stm32f4xx_rcc.o(.text) for RCC_AHB1PeriphClockCmd
    usart.o(.text) refers to stm32f4xx_gpio.o(.text) for GPIO_PinAFConfig
    usart.o(.text) refers to stm32f4xx_usart.o(.text) for USART_Init
    usart.o(.text) refers to misc.o(.text) for NVIC_Init
    usart.o(.text) refers to usart.o(.data) for USART_RX_STA
    usart.o(.text) refers to usart.o(.bss) for USART_RX_BUF
    usart.o(.bss) refers (Special) to use_no_semi_2.o(.text) for __use_no_semihosting
    usart.o(.data) refers (Special) to use_no_semi_2.o(.text) for __use_no_semihosting
    motor.o(.text) refers to stm32f4xx_rcc.o(.text) for RCC_APB1PeriphClockCmd
    motor.o(.text) refers to stm32f4xx_gpio.o(.text) for GPIO_PinAFConfig
    motor.o(.text) refers to stm32f4xx_tim.o(.text) for TIM_TimeBaseInit
    lcd.o(.text) refers to _printf_percent.o(.ARM.Collect$$_printf_percent$$00000000) for _printf_percent
    lcd.o(.text) refers to _printf_x.o(.ARM.Collect$$_printf_percent$$0000000C) for _printf_x
    lcd.o(.text) refers to _printf_hex_int.o(.text) for _printf_longlong_hex
[...]
    .text                                    0x08009db0   Section        8  rt_locale_intlibspace.o(.text)
    .text                                    0x08009db8   Section      138  lludiv10.o(.text)
    .text                                    0x08009e44   Section        0  _printf_fp_infnan.o(.text)
    .text                                    0x08009ec4   Section        0  bigflt0.o(.text)
    .text                                    0x08009f9c   Section        0  ferror.o(.text)
    .text                                    0x08009fa4   Section        8  libspace.o(.text)
    .text                                    0x08009fac   Section       74  sys_stackheap_outer.o(.text)
    .text                                    0x08009ff6   Section        0  exit.o(.text)
    .text                                    0x0800a004   Section      128  strcmpv7m.o(.text)
    CL$$btod_d2e                             0x0800a084   Section       62  btod.o(CL$$btod_d2e)
    CL$$btod_d2e_denorm_low                  0x0800a0c2   Section       70  btod.o(CL$$btod_d2e_denorm_low)
    CL$$btod_d2e_norm_op1                    0x0800a108   Section       96  btod.o(CL$$btod_d2e_norm_op1)
    CL$$btod_div_common                      0x0800a168   Section      824  btod.o(CL$$btod_div_common)
    CL$$btod_e2e                             0x0800a4a0   Section      198  btod.o(CL$$btod_e2e)
    CL$$btod_ediv                            0x0800a566   Section       40  btod.o(CL$$btod_ediv)
    CL$$btod_emul                            0x0800a58e   Section       40  btod.o(CL$$btod_emul)
    CL$$btod_mult_common                     0x0800a5b6   Section      580  btod.o(CL$$btod_mult_common)
    i.__ARM_fpclassify                       0x0800a7fa   Section        0  fpclassify.o(i.__ARM_fpclassify)
    i._is_digit                              0x0800a82a   Section        0  __printf_wp.o(i._is_digit)
    locale$$code                             0x0800a838   Section       44  lc_numeric_c.o(locale$$code)
    x$fpl$d2f                                0x0800a864   Section       98  d2f.o(x$fpl$d2f)
    $v0                                      0x0800a864   Number         0  d2f.o(x$fpl$d2f)
    x$fpl$dadd                               0x0800a8c8   Section      336  daddsub_clz.o(x$fpl$dadd)
    $v0                                      0x0800a8c8   Number         0  daddsub_clz.o(x$fpl$dadd)
    _dadd1                                   0x0800a8d9   Thumb Code     0  daddsub_clz.o(x$fpl$dadd)
    x$fpl$dfixu                              0x0800aa18   Section       90  dfixu.o(x$fpl$dfixu)
    $v0                                      0x0800aa18   Number         0  dfixu.o(x$fpl$dfixu)
    x$fpl$dflt                               0x0800aa72   Section       46  dflt_clz.o(x$fpl$dflt)
    $v0                                      0x0800aa72   Number         0  dflt_clz.o(x$fpl$dflt)
    x$fpl$dfltu                              0x0800aaa0   Section       38  dflt_clz.o(x$fpl$dfltu)
    $v0                                      0x0800aaa0   Number         0  dflt_clz.o(x$fpl$dfltu)
    x$fpl$dmul                               0x0800aac8   Section      340  dmul.o(x$fpl$dmul)
    $v0                                      0x0800aac8   Number         0  dmul.o(x$fpl$dmul)
    x$fpl$dnaninf                            0x0800ac1c   Section      156  dnaninf.o(x$fpl$dnaninf)
    $v0                                      0x0800ac1c   Number         0  dnaninf.o(x$fpl$dnaninf)
    x$fpl$dretinf                            0x0800acb8   Section       12  dretinf.o(x$fpl$dretinf)
    $v0                                      0x0800acb8   Number         0  dretinf.o(x$fpl$dretinf)
    x$fpl$dsub                               0x0800acc4   Section      468  daddsub_clz.o(x$fpl$dsub)
    $v0                                      0x0800acc4   Number         0  daddsub_clz.o(x$fpl$dsub)
    _dsub1                                   0x0800acd5   Thumb Code     0  daddsub_clz.o(x$fpl$dsub)
    x$fpl$f2d                                0x0800ae98   Section       86  f2d.o(x$fpl$f2d)
    $v0                                      0x0800ae98   Number         0  f2d.o(x$fpl$f2d)
    x$fpl$fnaninf                            0x0800aeee   Section      140  fnaninf.o(x$fpl$fnaninf)
    $v0                                      0x0800aeee   Number         0  fnaninf.o(x$fpl$fnaninf)
    x$fpl$fpinit                             0x0800af7a   Section       10  fpinit.o(x$fpl$fpinit)
    $v0                                      0x0800af7a   Number         0  fpinit.o(x$fpl$fpinit)
    x$fpl$fretinf                            0x0800af84   Section       10  fretinf.o(x$fpl$fretinf)
    $v0                                      0x0800af84   Number         0  fretinf.o(x$fpl$fretinf)
    x$fpl$printf1                            0x0800af8e   Section        4  printf1.o(x$fpl$printf1)
    $v0                                      0x0800af8e   Number         0  printf1.o(x$fpl$printf1)
    x$fpl$usenofp                            0x0800af92   Section        0  usenofp.o(x$fpl$usenofp)
    .constdata                               0x0800af94   Section       28  stm32f4xx_fsmc.o(.constdata)
    .constdata                               0x0800afb0   Section     6080  lcd.o(.constdata)
    .constdata                               0x0800c770   Section     1464  ov2640.o(.constdata)
    OV2640_AUTOEXPOSURE_LEVEL                0x0800cd00   Data          40  ov2640.o(.constdata)
    .constdata                               0x0800cd28   Section       40  _printf_hex_int.o(.constdata)
    uc_hextab                                0x0800cd28   Data          20  _printf_hex_int.o(.constdata)
    lc_hextab                                0x0800cd3c   Data          20  _printf_hex_int.o(.constdata)
    .constdata                               0x0800cd50   Section      148  bigflt0.o(.constdata)
    tenpwrs_x                                0x0800cd50   Data          60  bigflt0.o(.constdata)
    tenpwrs_i                                0x0800cd8c   Data          64  bigflt0.o(.constdata)
    locale$$data                             0x0800ce04   Section       28  lc_numeric_c.o(locale$$data)
    __lcnum_c_name                           0x0800ce08   Data           2  lc_numeric_c.o(locale$$data)
    __lcnum_c_start                          0x0800ce10   Data           0  lc_numeric_c.o(locale$$data)
    __lcnum_c_point                          0x0800ce1c   Data           0  lc_numeric_c.o(locale$$data)
    __lcnum_c_thousands                      0x0800ce1e   Data           0  lc_numeric_c.o(locale$$data)
    __lcnum_c_grouping                       0x0800ce1f   Data           0  lc_numeric_c.o(locale$$data)
    __lcnum_c_end                            0x0800ce20   Data           0  lc_numeric_c.o(locale$$data)
    .data                                    0x20000000   Section      233  main.o(.data)
    I_count                                  0x200000e8   Data           1  main.o(.data)
    .data                                    0x200000ec   Section       20  system_stm32f4xx.o(.data)
    .data                                    0x20000100   Section       16  stm32f4xx_rcc.o(.data)
    APBAHBPrescTable                         0x20000100   Data          16  stm32f4xx_rcc.o(.data)
    .data                                    0x20000110   Section        4  delay.o(.data)
    fac_us                                   0x20000110   Data           1  delay.o(.data)
    fac_ms                                   0x20000112   Data           2  delay.o(.data)
    .data                                    0x20000114   Section        6  usart.o(.data)
    .data                                    0x2000011a   Section        4  lcd.o(.data)
    .data                                    0x20000120   Section        4  dcmi.o(.data)
    .data                                    0x20000124   Section        2  usart3.o(.data)
    .bss                                     0x20000128   Section    58824  main.o(.bss)
    .bss                                     0x2000e6f0   Section      200  usart.o(.bss)
    .bss                                     0x2000e7b8   Section       14  lcd.o(.bss)
    .bss                                     0x2000e7c6   Section       14  dcmi.o(.bss)
    .bss                                     0x2000e7d4   Section       20  usart3.o(.bss)
    .bss                                     0x2000e7e8   Section       96  libspace.o(.bss)
    HEAP                                     0x2000e848   Section      512  startup_stm32f40_41xxx.o(HEAP)
    Heap_Mem                                 0x2000e848   Data         512  startup_stm32f40_41xxx.o(HEAP)
    STACK                                    0x2000ea48   Section     1024  startup_stm32f40_41xxx.o(STACK)
    Stack_Mem                                0x2000ea48   Data        1024  startup_stm32f40_41xxx.o(STACK)
    __initial_sp                             0x2000ee48   Data           0  startup_stm32f40_41xxx.o(STACK)

    Global Symbols

    Symbol Name                              Value     Ov Type        Size  Object(Section)

    BuildAttributes$$THM_ISAv4$E$P$D$K$B$S$7EM$VFPi3$EXTD16$VFPS$VFMA$PE$A:L22UL41UL21$X:L11$S22US41US21$IEEE1$IW$USESV6$~STKCKD$USESV7$~SHL$OTIME$ROPI$IEEEJ$EBA8$UX$STANDARDLIB$REQ8$PRES8$EABIv2 0x00000000   Number         0  anon$$obj.o ABSOLUTE
    __ARM_use_no_argv                        0x00000000   Number         0  main.o ABSOLUTE
    _printf_flags                            0x00000000   Number         0  printf_stubs.o ABSOLUTE
    _printf_return_value                     0x00000000   Number         0  printf_stubs.o ABSOLUTE
    _printf_sizespec                         0x00000000   Number         0  printf_stubs.o ABSOLUTE
    _printf_widthprec                        0x00000000   Number         0  printf_stubs.o ABSOLUTE
    __ARM_exceptions_init                     - Undefined Weak Reference
    __alloca_initialize                       - Undefined Weak Reference
    __cpp_initialize__aeabi_                  - Undefined Weak Reference
    __cxa_finalize                            - Undefined Weak Reference
    __sigvec_lookup                           - Undefined Weak Reference
    _atexit_init                              - Undefined Weak Reference
    _call_atexit_fns                          - Undefined Weak Reference
    _clock_init                               - Undefined Weak Reference
    _fp_trap_init                             - Undefined Weak Reference
    _fp_trap_shutdown                         - Undefined Weak Reference
    _get_lc_collate                           - Undefined Weak Reference
    _get_lc_ctype                             - Undefined Weak Reference
    _get_lc_monetary                          - Undefined Weak Reference
    _get_lc_time                              - Undefined Weak Reference
    _getenv_init                              - Undefined Weak Reference
    _handle_redirection                       - Undefined Weak Reference
    _init_alloc                               - Undefined Weak Reference
    _init_user_alloc                          - Undefined Weak Reference
    _initio                                   - Undefined Weak Reference
    _mutex_acquire                            - Undefined Weak Reference
    _mutex_release                            - Undefined Weak Reference
    _printf_post_padding                      - Undefined Weak Reference
    _printf_pre_padding                       - Undefined Weak Reference
    _printf_truncate_signed                   - Undefined Weak Reference
    _printf_truncate_unsigned                 - Undefined Weak Reference
    _rand_init                                - Undefined Weak Reference
    _signal_finish                            - Undefined Weak Reference
    _signal_init                              - Undefined Weak Reference
    _terminate_alloc                          - Undefined Weak Reference
    _terminate_user_alloc                     - Undefined Weak Reference
    _terminateio                              - Undefined Weak Reference
    __Vectors_Size                           0x00000188   Number         0  startup_stm32f40_41xxx.o ABSOLUTE
    __Vectors                                0x08000000   Data           4  startup_stm32f40_41xxx.o(RESET)
    __Vectors_End                            0x08000188   Data           0  startup_stm32f40_41xxx.o(RESET)
    __main                                   0x08000189   Thumb Code     8  __main.o(!!!main)
    __scatterload                            0x08000191   Thumb Code     0  __scatter.o(!!!scatter)
    __scatterload_rt2                        0x08000191   Thumb Code    44  __scatter.o(!!!scatter)
    __scatterload_rt2_thumb_only             0x08000191   Thumb Code     0  __scatter.o(!!!scatter)
    __scatterload_null                       0x0800019f   Thumb Code     0  __scatter.o(!!!scatter)
    __scatterload_copy                       0x080001c5   Thumb Code    26  __scatter_copy.o(!!handler_copy)
    __scatterload_zeroinit                   0x080001e1   Thumb Code    28  __scatter_zi.o(!!handler_zi)
    _printf_f                                0x080001fd   Thumb Code     0  _printf_f.o(.ARM.Collect$$_printf_percent$$00000003)
    _printf_percent                          0x080001fd   Thumb Code     0  _printf_percent.o(.ARM.Collect$$_printf_percent$$00000000)
    _printf_d                                0x08000203   Thumb Code     0  _printf_d.o(.ARM.Collect$$_printf_percent$$00000009)
    _printf_x                                0x08000209   Thumb Code     0  _printf_x.o(.ARM.Collect$$_printf_percent$$0000000C)
    _printf_percent_end                      0x0800020f   Thumb Code     0  _printf_percent_end.o(.ARM.Collect$$_printf_percent$$00000017)
    __rt_lib_init                            0x08000213   Thumb Code     0  libinit.o(.ARM.Collect$$libinit$$00000000)
    __rt_lib_init_fp_1                       0x08000215   Thumb Code     0  libinit2.o(.ARM.Collect$$libinit$$00000001)
    __rt_lib_init_heap_1                     0x08000219   Thumb Code     0  libinit2.o(.ARM.Collect$$libinit$$00000008)
    __rt_lib_init_lc_common                  0x08000219   Thumb Code     0  libinit2.o(.ARM.Collect$$libinit$$0000000D)
    __rt_lib_init_rand_1                     0x08000219   Thumb Code     0  libinit2.o(.ARM.Collect$$libinit$$0000000C)
    __rt_lib_init_user_alloc_1               0x08000219   Thumb Code     0  libinit2.o(.ARM.Collect$$libinit$$0000000A)
    __rt_lib_init_lc_collate_1               0x0800021f   Thumb Code     0  libinit2.o(.ARM.Collect$$libinit$$0000000F)
    __rt_lib_init_lc_ctype_1                 0x0800021f   Thumb Code     0  libinit2.o(.ARM.Collect$$libinit$$00000011)
    __rt_lib_init_lc_monetary_1              0x0800021f   Thumb Code     0  libinit2.o(.ARM.Collect$$libinit$$00000013)
    __rt_lib_init_lc_numeric_2               0x0800021f   Thumb Code     0  libinit2.o(.ARM.Collect$$libinit$$00000014)
    __rt_lib_init_alloca_1                   0x08000229   Thumb Code     0  libinit2.o(.ARM.Collect$$libinit$$0000002C)
    __rt_lib_init_argv_1                     0x08000229   Thumb Code     0  libinit2.o(.ARM.Collect$$libinit$$0000002A)
    __rt_lib_init_atexit_1                   0x08000229   Thumb Code     0  libinit2.o(.ARM.Collect$$libinit$$00000019)
    __rt_lib_init_clock_1                    0x08000229   Thumb Code     0  libinit2.o(.ARM.Collect$$libinit$$0000001F)
    __rt_lib_init_cpp_1                      0x08000229   Thumb Code     0  libinit2.o(.ARM.Collect$$libinit$$00000030)
    __rt_lib_init_exceptions_1               0x08000229   Thumb Code     0  libinit2.o(.ARM.Collect$$libinit$$0000002E)
    __rt_lib_init_fp_trap_1                  0x08000229   Thumb Code     0  libinit2.o(.ARM.Collect$$libinit$$0000001D)
    __rt_lib_init_getenv_1                   0x08000229   Thumb Code     0  libinit2.o(.ARM.Collect$$libinit$$00000021)
    __rt_lib_init_lc_numeric_1               0x08000229   Thumb Code     0  libinit2.o(.ARM.Collect$$libinit$$00000015)
    __rt_lib_init_lc_time_1                  0x08000229   Thumb Code     0  libinit2.o(.ARM.Collect$$libinit$$00000017)
    __rt_lib_init_return                     0x08000229   Thumb Code     0  libinit2.o(.ARM.Collect$$libinit$$00000031)
    __rt_lib_init_signal_1                   0x08000229   Thumb Code     0  libinit2.o(.ARM.Collect$$libinit$$0000001B)
    __rt_lib_init_stdio_1                    0x08000229   Thumb Code     0  libinit2.o(.ARM.Collect$$libinit$$00000023)
    __rt_lib_shutdown                        0x0800022b   Thumb Code     0  libshutdown.o(.ARM.Collect$$libshutdown$$00000000)
    __rt_lib_shutdown_fp_trap_1              0x0800022d   Thumb Code     0  libshutdown2.o(.ARM.Collect$$libshutdown$$00000006)
    __rt_lib_shutdown_heap_1                 0x0800022d   Thumb Code     0  libshutdown2.o(.ARM.Collect$$libshutdown$$0000000E)
    __rt_lib_shutdown_return                 0x0800022d   Thumb Code     0  libshutdown2.o(.ARM.Collect$$libshutdown$$0000000F)
    __rt_lib_shutdown_signal_1               0x0800022d   Thumb Code     0  libshutdown2.o(.ARM.Collect$$libshutdown$$00000009)
    __rt_lib_shutdown_stdio_1                0x0800022d   Thumb Code     0  libshutdown2.o(.ARM.Collect$$libshutdown$$00000003)
    __rt_lib_shutdown_user_alloc_1           0x0800022d   Thumb Code     0  libshutdown2.o(.ARM.Collect$$libshutdown$$0000000B)
    __rt_entry                               0x0800022f   Thumb Code     0  rtentry.o(.ARM.Collect$$rtentry$$00000000)
    __rt_entry_presh_1                       0x0800022f   Thumb Code     0  rtentry2.o(.ARM.Collect$$rtentry$$00000002)
    __rt_entry_sh                            0x0800022f   Thumb Code     0  rtentry4.o(.ARM.Collect$$rtentry$$00000004)
    __rt_entry_li                            0x08000235   Thumb Code     0  rtentry2.o(.ARM.Collect$$rtentry$$0000000A)
    __rt_entry_postsh_1                      0x08000235   Thumb Code     0  rtentry2.o(.ARM.Collect$$rtentry$$00000009)
    __rt_entry_main                          0x08000239   Thumb Code     0  rtentry2.o(.ARM.Collect$$rtentry$$0000000D)
    __rt_entry_postli_1                      0x08000239   Thumb Code     0  rtentry2.o(.ARM.Collect$$rtentry$$0000000C)
    __rt_exit                                0x08000241   Thumb Code     0  rtexit.o(.ARM.Collect$$rtexit$$00000000)
    __rt_exit_ls                             0x08000243   Thumb Code     0  rtexit2.o(.ARM.Collect$$rtexit$$00000003)
    __rt_exit_prels_1                        0x08000243   Thumb Code     0  rtexit2.o(.ARM.Collect$$rtexit$$00000002)
    __rt_exit_exit                           0x08000247   Thumb Code     0  rtexit2.o(.ARM.Collect$$rtexit$$00000004)
    pid_calculate                            0x0800024d   Thumb Code   890  main.o(.text)
    main                                     0x080005c7   Thumb Code  1266  main.o(.text)
    DCMI_IRQHandler                          0x08000ab9   Thumb Code    24  main.o(.text)
    TIM3_IRQHandler                          0x08000ad1   Thumb Code   176  main.o(.text)
    NMI_Handler                              0x08000b81   Thumb Code     2  stm32f4xx_it.o(.text)
    HardFault_Handler                        0x08000b83   Thumb Code     4  stm32f4xx_it.o(.text)
    MemManage_Handler                        0x08000b87   Thumb Code     4  stm32f4xx_it.o(.text)
    BusFault_Handler                         0x08000b8b   Thumb Code     4  stm32f4xx_it.o(.text)
    UsageFault_Handler                       0x08000b8f   Thumb Code     4  stm32f4xx_it.o(.text)
    SVC_Handler                              0x08000b93   Thumb Code     2  stm32f4xx_it.o(.text)
    DebugMon_Handler                         0x08000b95   Thumb Code     2  stm32f4xx_it.o(.text)
    PendSV_Handler                           0x08000b97   Thumb Code     2  stm32f4xx_it.o(.text)
    SysTick_Handler                          0x08000b99   Thumb Code     2  stm32f4xx_it.o(.text)
    SystemInit                               0x08000c79   Thumb Code    88  system_stm32f4xx.o(.text)
    SystemCoreClockUpdate                    0x08000cd1   Thumb Code   174  system_stm32f4xx.o(.text)
    Reset_Handler                            0x08000dad   Thumb Code     8  startup_stm32f40_41xxx.o(.text)
    ADC_IRQHandler                           0x08000dc7   Thumb Code     0  startup_stm32f40_41xxx.o(.text)
    CAN1_RX0_IRQHandler                      0x08000dc7   Thumb Code     0  startup_stm32f40_41xxx.o(.text)
    CAN1_RX1_IRQHandler                      0x08000dc7   Thumb Code     0  startup_stm32f40_41xxx.o(.text)
    CAN1_SCE_IRQHandler                      0x08000dc7   Thumb Code     0  startup_stm32f40_41xxx.o(.text)
    CAN1_TX_IRQHandler                       0x08000dc7   Thumb Code     0  startup_stm32f40_41xxx.o(.text)
    CAN2_RX0_IRQHandler                      0x08000dc7   Thumb Code     0  startup_stm32f40_41xxx.o(.text)
    CAN2_RX1_IRQHandler                      0x08000dc7   Thumb Code     0  startup_stm32f40_41xxx.o(.text)
    CAN2_SCE_IRQHandler                      0x08000dc7   Thumb Code     0  startup_stm32f40_41xxx.o(.text)
    CAN2_TX_IRQHandler                       0x08000dc7   Thumb Code     0  startup_stm32f40_41xxx.o(.text)
    CRYP_IRQHandler                          0x08000dc7   Thumb Code     0  startup_stm32f40_41xxx.o(.text)
    DMA1_Stream0_IRQHandler                  0x08000dc7   Thumb Code     0  startup_stm32f40_41xxx.o(.text)
    DMA1_Stream1_IRQHandler                  0x08000dc7   Thumb Code     0  startup_stm32f40_41xxx.o(.text)
    DMA1_Stream2_IRQHandler                  0x08000dc7   Thumb Code     0  startup_stm32f40_41xxx.o(.text)
    DMA1_Stream3_IRQHandler                  0x08000dc7   Thumb Code     0  startup_stm32f40_41xxx.o(.text)
    DMA1_Stream4_IRQHandler                  0x08000dc7   Thumb Code     0  startup_stm32f40_41xxx.o(.text)
    DMA1_Stream5_IRQHandler                  0x08000dc7   Thumb Code     0  startup_stm32f40_41xxx.o(.text)
    DMA1_Stream6_IRQHandler                  0x08000dc7   Thumb Code     0  startup_stm32f40_41xxx.o(.text)
    DMA1_Stream7_IRQHandler                  0x08000dc7   Thumb Code     0  startup_stm32f40_41xxx.o(.text)
    DMA2_Stream0_IRQHandler                  0x08000dc7   Thumb Code     0  startup_stm32f40_41xxx.o(.text)
    DMA2_Stream2_IRQHandler                  0x08000dc7   Thumb Code     0  startup_stm32f40_41xxx.o(.text)
    DMA2_Stream3_IRQHandler                  0x08000dc7   Thumb Code     0  startup_stm32f40_41xxx.o(.text)
    DMA2_Stream4_IRQHandler                  0x08000dc7   Thumb Code     0  startup_stm32f40_41xxx.o(.text)
    DMA2_Stream5_IRQHandler                  0x08000dc7   Thumb Code     0  startup_stm32f40_41xxx.o(.text)
    DMA2_Stream6_IRQHandler                  0x08000dc7   Thumb Code     0  startup_stm32f40_41xxx.o(.text)
    DMA2_Stream7_IRQHandler                  0x08000dc7   Thumb Code     0  startup_stm32f40_41xxx.o(.text)
    ETH_IRQHandler                           0x08000dc7   Thumb Code     0  startup_stm32f40_41xxx.o(.text)
    ETH_WKUP_IRQHandler                      0x08000dc7   Thumb Code     0  startup_stm32f40_41xxx.o(.text)
    EXTI0_IRQHandler                         0x08000dc7   Thumb Code     0  startup_stm32f40_41xxx.o(.text)
    EXTI15_10_IRQHandler                     0x08000dc7   Thumb Code     0  startup_stm32f40_41xxx.o(.text)
    EXTI1_IRQHandler                         0x08000dc7   Thumb Code     0  startup_stm32f40_41xxx.o(.text)
    EXTI2_IRQHandler                         0x08000dc7   Thumb Code     0  startup_stm32f40_41xxx.o(.text)
    EXTI3_IRQHandler                         0x08000dc7   Thumb Code     0  startup_stm32f40_41xxx.o(.text)
    EXTI4_IRQHandler                         0x08000dc7   Thumb Code     0  startup_stm32f40_41xxx.o(.text)
    EXTI9_5_IRQHandler                       0x08000dc7   Thumb Code     0  startup_stm32f40_41xxx.o(.text)
    FLASH_IRQHandler                         0x08000dc7   Thumb Code     0  startup_stm32f40_41xxx.o(.text)
    FPU_IRQHandler                           0x08000dc7   Thumb Code     0  startup_stm32f40_41xxx.o(.text)
    FSMC_IRQHandler                          0x08000dc7   Thumb Code     0  startup_stm32f40_41xxx.o(.text)
    HASH_RNG_IRQHandler                      0x08000dc7   Thumb Code     0  startup_stm32f40_41xxx.o(.text)
    I2C1_ER_IRQHandler                       0x08000dc7   Thumb Code     0  startup_stm32f40_41xxx.o(.text)
    I2C1_EV_IRQHandler                       0x08000dc7   Thumb Code     0  startup_stm32f40_41xxx.o(.text)
    I2C2_ER_IRQHandler                       0x08000dc7   Thumb Code     0  startup_stm32f40_41xxx.o(.text)
    I2C2_EV_IRQHandler                       0x08000dc7   Thumb Code     0  startup_stm32f40_41xxx.o(.text)
    I2C3_ER_IRQHandler                       0x08000dc7   Thumb Code     0  startup_stm32f40_41xxx.o(.text)
    I2C3_EV_IRQHandler                       0x08000dc7   Thumb Code     0  startup_stm32f40_41xxx.o(.text)
    OTG_FS_IRQHandler                        0x08000dc7   Thumb Code     0  startup_stm32f40_41xxx.o(.text)
    OTG_FS_WKUP_IRQHandler                   0x08000dc7   Thumb Code     0  startup_stm32f40_41xxx.o(.text)
    OTG_HS_EP1_IN_IRQHandler                 0x08000dc7   Thumb Code     0  startup_stm32f40_41xxx.o(.text)
    OTG_HS_EP1_OUT_IRQHandler                0x08000dc7   Thumb Code     0  startup_stm32f40_41xxx.o(.text)
    OTG_HS_IRQHandler                        0x08000dc7   Thumb Code     0  startup_stm32f40_41xxx.o(.text)
    OTG_HS_WKUP_IRQHandler                   0x08000dc7   Thumb Code     0  startup_stm32f40_41xxx.o(.text)
    PVD_IRQHandler                           0x08000dc7   Thumb Code     0  startup_stm32f40_41xxx.o(.text)
    RCC_IRQHandler                           0x08000dc7   Thumb Code     0  startup_stm32f40_41xxx.o(.text)
    RTC_Alarm_IRQHandler                     0x08000dc7   Thumb Code     0  startup_stm32f40_41xxx.o(.text)
    RTC_WKUP_IRQHandler                      0x08000dc7   Thumb Code     0  startup_stm32f40_41xxx.o(.text)
    SDIO_IRQHandler                          0x08000dc7   Thumb Code     0  startup_stm32f40_41xxx.o(.text)
    SPI1_IRQHandler                          0x08000dc7   Thumb Code     0  startup_stm32f40_41xxx.o(.text)
    SPI2_IRQHandler                          0x08000dc7   Thumb Code     0  startup_stm32f40_41xxx.o(.text)
    SPI3_IRQHandler                          0x08000dc7   Thumb Code     0  startup_stm32f40_41xxx.o(.text)
    TAMP_STAMP_IRQHandler                    0x08000dc7   Thumb Code     0  startup_stm32f40_41xxx.o(.text)
    TIM1_BRK_TIM9_IRQHandler                 0x08000dc7   Thumb Code     0  startup_stm32f40_41xxx.o(.text)
    TIM1_CC_IRQHandler                       0x08000dc7   Thumb Code     0  startup_stm32f40_41xxx.o(.text)
    TIM1_TRG_COM_TIM11_IRQHandler            0x08000dc7   Thumb Code     0  startup_stm32f40_41xxx.o(.text)
    TIM1_UP_TIM10_IRQHandler                 0x08000dc7   Thumb Code     0  startup_stm32f40_41xxx.o(.text)
    TIM2_IRQHandler                          0x08000dc7   Thumb Code     0  startup_stm32f40_41xxx.o(.text)
    TIM4_IRQHandler                          0x08000dc7   Thumb Code     0  startup_stm32f40_41xxx.o(.text)
    TIM5_IRQHandler                          0x08000dc7   Thumb Code     0  startup_stm32f40_41xxx.o(.text)
    TIM6_DAC_IRQHandler                      0x08000dc7   Thumb Code     0  startup_stm32f40_41xxx.o(.text)
    TIM7_IRQHandler                          0x08000dc7   Thumb Code     0  startup_stm32f40_41xxx.o(.text)
    TIM8_BRK_TIM12_IRQHandler                0x08000dc7   Thumb Code     0  startup_stm32f40_41xxx.o(.text)
    TIM8_CC_IRQHandler                       0x08000dc7   Thumb Code     0  startup_stm32f40_41xxx.o(.text)
    TIM8_TRG_COM_TIM14_IRQHandler            0x08000dc7   Thumb Code     0  startup_stm32f40_41xxx.o(.text)
    TIM8_UP_TIM13_IRQHandler                 0x08000dc7   Thumb Code     0  startup_stm32f40_41xxx.o(.text)
    UART4_IRQHandler                         0x08000dc7   Thumb Code     0  startup_stm32f40_41xxx.o(.text)
    UART5_IRQHandler                         0x08000dc7   Thumb Code     0  startup_stm32f40_41xxx.o(.text)
    USART2_IRQHandler                        0x08000dc7   Thumb Code     0  startup_stm32f40_41xxx.o(.text)
    USART6_IRQHandler                        0x08000dc7   Thumb Code     0  startup_stm32f40_41xxx.o(.text)
    WWDG_IRQHandler                          0x08000dc7   Thumb Code     0  startup_stm32f40_41xxx.o(.text)
    __user_initial_stackheap                 0x08000dc9   Thumb Code     0  startup_stm32f40_41xxx.o(.text)
    NVIC_PriorityGroupConfig                 0x08000ded   Thumb Code    10  misc.o(.text)
    NVIC_Init                                0x08000df7   Thumb Code   106  misc.o(.text)
    NVIC_SetVectorTable                      0x08000e61   Thumb Code    14  misc.o(.text)
    NVIC_SystemLPConfig                      0x08000e6f   Thumb Code    34  misc.o(.text)
    SysTick_CLKSourceConfig                  0x08000e91   Thumb Code    40  misc.o(.text)
    DCMI_DeInit                              0x08000ecd   Thumb Code    24  stm32f4xx_dcmi.o(.text)
    DCMI_Init                                0x08000ee5   Thumb Code    60  stm32f4xx_dcmi.o(.text)
    DCMI_StructInit                          0x08000f21   Thumb Code    18  stm32f4xx_dcmi.o(.text)
    DCMI_CROPConfig                          0x08000f33   Thumb Code    26  stm32f4xx_dcmi.o(.text)
    DCMI_CROPCmd                             0x08000f4d   Thumb Code    30  stm32f4xx_dcmi.o(.text)
    DCMI_SetEmbeddedSynchroCodes             0x08000f6b   Thumb Code    26  stm32f4xx_dcmi.o(.text)
    DCMI_JPEGCmd                             0x08000f85   Thumb Code    30  stm32f4xx_dcmi.o(.text)
    DCMI_Cmd                                 0x08000fa3   Thumb Code    30  stm32f4xx_dcmi.o(.text)
    DCMI_CaptureCmd                          0x08000fc1   Thumb Code    30  stm32f4xx_dcmi.o(.text)
    DCMI_ReadData                            0x08000fdf   Thumb Code     6  stm32f4xx_dcmi.o(.text)
    DCMI_ITConfig                            0x08000fe5   Thumb Code    30  stm32f4xx_dcmi.o(.text)
    DCMI_GetFlagStatus                       0x08001003   Thumb Code    46  stm32f4xx_dcmi.o(.text)
    DCMI_ClearFlag                           0x08001031   Thumb Code     6  stm32f4xx_dcmi.o(.text)
    DCMI_GetITStatus                         0x08001037   Thumb Code    24  stm32f4xx_dcmi.o(.text)
    DCMI_ClearITPendingBit                   0x0800104f   Thumb Code     6  stm32f4xx_dcmi.o(.text)
    FSMC_NORSRAMDeInit                       0x08001059   Thumb Code    54  stm32f4xx_fsmc.o(.text)
    FSMC_NORSRAMInit                         0x0800108f   Thumb Code   230  stm32f4xx_fsmc.o(.text)
    FSMC_NORSRAMStructInit                   0x08001175   Thumb Code    48  stm32f4xx_fsmc.o(.text)
    FSMC_NORSRAMCmd                          0x080011a5   Thumb Code    46  stm32f4xx_fsmc.o(.text)
    FSMC_NANDDeInit                          0x080011d3   Thumb Code    62  stm32f4xx_fsmc.o(.text)
    FSMC_NANDInit                            0x08001211   Thumb Code   132  stm32f4xx_fsmc.o(.text)
    FSMC_NANDStructInit                      0x08001295   Thumb Code    54  stm32f4xx_fsmc.o(.text)
    FSMC_NANDCmd                             0x080012cb   Thumb Code    86  stm32f4xx_fsmc.o(.text)
    FSMC_NANDECCCmd                          0x08001321   Thumb Code    86  stm32f4xx_fsmc.o(.text)
    FSMC_GetECC                              0x08001377   Thumb Code    24  stm32f4xx_fsmc.o(.text)
    FSMC_PCCARDDeInit                        0x0800138f   Thumb Code    36  stm32f4xx_fsmc.o(.text)
    FSMC_PCCARDInit                          0x080013b3   Thumb Code   130  stm32f4xx_fsmc.o(.text)
    FSMC_PCCARDStructInit                    0x08001435   Thumb Code    60  stm32f4xx_fsmc.o(.text)
    FSMC_PCCARDCmd                           0x08001471   Thumb Code    44  stm32f4xx_fsmc.o(.text)
    FSMC_ITConfig                            0x0800149d   Thumb Code   128  stm32f4xx_fsmc.o(.text)
    FSMC_GetFlagStatus                       0x0800151d   Thumb Code    54  stm32f4xx_fsmc.o(.text)
    FSMC_ClearFlag                           0x08001553   Thumb Code    74  stm32f4xx_fsmc.o(.text)
    FSMC_GetITStatus                         0x0800159d   Thumb Code    62  stm32f4xx_fsmc.o(.text)
    FSMC_ClearITPendingBit                   0x080015db   Thumb Code    66  stm32f4xx_fsmc.o(.text)
    GPIO_DeInit                              0x08001621   Thumb Code   268  stm32f4xx_gpio.o(.text)
    GPIO_Init                                0x0800172d   Thumb Code   144  stm32f4xx_gpio.o(.text)
    GPIO_StructInit                          0x080017bd   Thumb Code    18  stm32f4xx_gpio.o(.text)
    GPIO_PinLockConfig                       0x080017cf   Thumb Code    34  stm32f4xx_gpio.o(.text)
    GPIO_ReadInputDataBit                    0x080017f1   Thumb Code    18  stm32f4xx_gpio.o(.text)
    GPIO_ReadInputData                       0x08001803   Thumb Code     8  stm32f4xx_gpio.o(.text)
    GPIO_ReadOutputDataBit                   0x0800180b   Thumb Code    18  stm32f4xx_gpio.o(.text)
    GPIO_ReadOutputData                      0x0800181d   Thumb Code     8  stm32f4xx_gpio.o(.text)
    GPIO_SetBits                             0x08001825   Thumb Code     4  stm32f4xx_gpio.o(.text)
    GPIO_ResetBits                           0x08001829   Thumb Code     4  stm32f4xx_gpio.o(.text)
    GPIO_WriteBit                            0x0800182d   Thumb Code    10  stm32f4xx_gpio.o(.text)
    GPIO_Write                               0x08001837   Thumb Code     4  stm32f4xx_gpio.o(.text)
    GPIO_ToggleBits                          0x0800183b   Thumb Code     8  stm32f4xx_gpio.o(.text)
    GPIO_PinAFConfig                         0x08001843   Thumb Code    70  stm32f4xx_gpio.o(.text)
    RCC_DeInit                               0x080018b5   Thumb Code    82  stm32f4xx_rcc.o(.text)
    RCC_HSEConfig                            0x08001907   Thumb Code    14  stm32f4xx_rcc.o(.text)
    RCC_GetFlagStatus                        0x08001915   Thumb Code    60  stm32f4xx_rcc.o(.text)
    RCC_WaitForHSEStartUp                    0x08001951   Thumb Code    56  stm32f4xx_rcc.o(.text)
    RCC_AdjustHSICalibrationValue            0x08001989   Thumb Code    20  stm32f4xx_rcc.o(.text)
    RCC_HSICmd                               0x0800199d   Thumb Code     6  stm32f4xx_rcc.o(.text)
    RCC_LSEConfig                            0x080019a3   Thumb Code    46  stm32f4xx_rcc.o(.text)
    RCC_LSICmd                               0x080019d1   Thumb Code     6  stm32f4xx_rcc.o(.text)
    RCC_PLLConfig                            0x080019d7   Thumb Code    32  stm32f4xx_rcc.o(.text)
    RCC_PLLCmd                               0x080019f7   Thumb Code     6  stm32f4xx_rcc.o(.text)
    RCC_PLLI2SConfig                         0x080019fd   Thumb Code    14  stm32f4xx_rcc.o(.text)
    RCC_PLLI2SCmd                            0x08001a0b   Thumb Code     6  stm32f4xx_rcc.o(.text)
    RCC_PLLSAIConfig                         0x08001a11   Thumb Code    20  stm32f4xx_rcc.o(.text)
    RCC_PLLSAICmd                            0x08001a25   Thumb Code     6  stm32f4xx_rcc.o(.text)
    RCC_ClockSecuritySystemCmd               0x08001a2b   Thumb Code     6  stm32f4xx_rcc.o(.text)
    RCC_MCO1Config                           0x08001a31   Thumb Code    28  stm32f4xx_rcc.o(.text)
    RCC_MCO2Config                           0x08001a4d   Thumb Code    28  stm32f4xx_rcc.o(.text)
    RCC_SYSCLKConfig                         0x08001a69   Thumb Code    20  stm32f4xx_rcc.o(.text)
    RCC_GetSYSCLKSource                      0x08001a7d   Thumb Code    12  stm32f4xx_rcc.o(.text)
    RCC_HCLKConfig                           0x08001a89   Thumb Code    20  stm32f4xx_rcc.o(.text)
    RCC_PCLK1Config                          0x08001a9d   Thumb Code    20  stm32f4xx_rcc.o(.text)
    RCC_PCLK2Config                          0x08001ab1   Thumb Code    22  stm32f4xx_rcc.o(.text)
    RCC_GetClocksFreq                        0x08001ac7   Thumb Code   222  stm32f4xx_rcc.o(.text)
    RCC_RTCCLKConfig                         0x08001ba5   Thumb Code    54  stm32f4xx_rcc.o(.text)
    RCC_RTCCLKCmd                            0x08001bdb   Thumb Code     8  stm32f4xx_rcc.o(.text)
    RCC_BackupResetCmd                       0x08001be3   Thumb Code     8  stm32f4xx_rcc.o(.text)
    RCC_I2SCLKConfig                         0x08001beb   Thumb Code     6  stm32f4xx_rcc.o(.text)
    RCC_SAIPLLI2SClkDivConfig                0x08001bf1   Thumb Code    26  stm32f4xx_rcc.o(.text)
    RCC_SAIPLLSAIClkDivConfig                0x08001c0b   Thumb Code    28  stm32f4xx_rcc.o(.text)
    RCC_SAIBlockACLKConfig                   0x08001c27   Thumb Code    20  stm32f4xx_rcc.o(.text)
    RCC_SAIBlockBCLKConfig                   0x08001c3b   Thumb Code    20  stm32f4xx_rcc.o(.text)
    RCC_LTDCCLKDivConfig                     0x08001c4f   Thumb Code    20  stm32f4xx_rcc.o(.text)
    RCC_TIMCLKPresConfig                     0x08001c63   Thumb Code     6  stm32f4xx_rcc.o(.text)
    RCC_AHB1PeriphClockCmd                   0x08001c69   Thumb Code    34  stm32f4xx_rcc.o(.text)
    RCC_AHB2PeriphClockCmd                   0x08001c8b   Thumb Code    78  stm32f4xx_rcc.o(.text)
    RCC_AHB3PeriphClockCmd                   0x08001cd9   Thumb Code    34  stm32f4xx_rcc.o(.text)
    RCC_APB1PeriphClockCmd                   0x08001cfb   Thumb Code    34  stm32f4xx_rcc.o(.text)
    RCC_APB2PeriphClockCmd                   0x08001d1d   Thumb Code    34  stm32f4xx_rcc.o(.text)
    RCC_AHB1PeriphResetCmd                   0x08001d3f   Thumb Code    34  stm32f4xx_rcc.o(.text)
    RCC_AHB2PeriphResetCmd                   0x08001d61   Thumb Code    34  stm32f4xx_rcc.o(.text)
    RCC_AHB3PeriphResetCmd                   0x08001d83   Thumb Code    34  stm32f4xx_rcc.o(.text)
    RCC_APB1PeriphResetCmd                   0x08001da5   Thumb Code    34  stm32f4xx_rcc.o(.text)
    RCC_APB2PeriphResetCmd                   0x08001dc7   Thumb Code    34  stm32f4xx_rcc.o(.text)
    RCC_AHB1PeriphClockLPModeCmd             0x08001de9   Thumb Code    34  stm32f4xx_rcc.o(.text)
    RCC_AHB2PeriphClockLPModeCmd             0x08001e0b   Thumb Code    34  stm32f4xx_rcc.o(.text)
    RCC_AHB3PeriphClockLPModeCmd             0x08001e2d   Thumb Code    34  stm32f4xx_rcc.o(.text)
    RCC_APB1PeriphClockLPModeCmd             0x08001e4f   Thumb Code    34  stm32f4xx_rcc.o(.text)
    RCC_APB2PeriphClockLPModeCmd             0x08001e71   Thumb Code    34  stm32f4xx_rcc.o(.text)
    RCC_LSEModeConfig                        0x08001e93   Thumb Code    40  stm32f4xx_rcc.o(.text)
    RCC_ITConfig                             0x08001ebb   Thumb Code    34  stm32f4xx_rcc.o(.text)
    RCC_ClearFlag                            0x08001edd   Thumb Code    18  stm32f4xx_rcc.o(.text)
    RCC_GetITStatus                          0x08001eef   Thumb Code    22  stm32f4xx_rcc.o(.text)
    RCC_ClearITPendingBit                    0x08001f05   Thumb Code     8  stm32f4xx_rcc.o(.text)
    TIM_DeInit                               0x08001f11   Thumb Code   346  stm32f4xx_tim.o(.text)
    TIM_TimeBaseInit                         0x0800206b   Thumb Code   104  stm32f4xx_tim.o(.text)
    TIM_TimeBaseStructInit                   0x080020d3   Thumb Code    18  stm32f4xx_tim.o(.text)
    TIM_PrescalerConfig                      0x080020e5   Thumb Code     6  stm32f4xx_tim.o(.text)
    TIM_CounterModeConfig                    0x080020eb   Thumb Code    18  stm32f4xx_tim.o(.text)
    TIM_SetCounter                           0x080020fd   Thumb Code     4  stm32f4xx_tim.o(.text)
    TIM_SetAutoreload                        0x08002101   Thumb Code     4  stm32f4xx_tim.o(.text)
    TIM_GetCounter                           0x08002105   Thumb Code     6  stm32f4xx_tim.o(.text)
    TIM_GetPrescaler                         0x0800210b   Thumb Code     6  stm32f4xx_tim.o(.text)
    TIM_UpdateDisableConfig                  0x08002111   Thumb Code    24  stm32f4xx_tim.o(.text)
    TIM_UpdateRequestConfig                  0x08002129   Thumb Code    24  stm32f4xx_tim.o(.text)
    TIM_ARRPreloadConfig                     0x08002141   Thumb Code    24  stm32f4xx_tim.o(.text)
    TIM_SelectOnePulseMode                   0x08002159   Thumb Code    18  stm32f4xx_tim.o(.text)
    TIM_SetClockDivision                     0x0800216b   Thumb Code    18  stm32f4xx_tim.o(.text)
    TIM_Cmd                                  0x0800217d   Thumb Code    24  stm32f4xx_tim.o(.text)
    TIM_OC1Init                              0x08002195   Thumb Code   114  stm32f4xx_tim.o(.text)
    TIM_OC2Init                              0x08002207   Thumb Code   154  stm32f4xx_tim.o(.text)
    TIM_OC3Init                              0x080022a1   Thumb Code   204  stm32f4xx_tim.o(.text)
    TIM_OC4Init                              0x0800236d   Thumb Code   112  stm32f4xx_tim.o(.text)
    TIM_OCStructInit                         0x080023dd   Thumb Code    20  stm32f4xx_tim.o(.text)
    TIM_SelectOCxM                           0x080023f1   Thumb Code    86  stm32f4xx_tim.o(.text)
    TIM_SetCompare1                          0x08002447   Thumb Code     4  stm32f4xx_tim.o(.text)
    TIM_SetCompare2                          0x0800244b   Thumb Code     4  stm32f4xx_tim.o(.text)
    TIM_SetCompare3                          0x0800244f   Thumb Code     4  stm32f4xx_tim.o(.text)
    TIM_SetCompare4                          0x08002453   Thumb Code     4  stm32f4xx_tim.o(.text)
    TIM_ForcedOC1Config                      0x08002457   Thumb Code    18  stm32f4xx_tim.o(.text)
    TIM_ForcedOC2Config                      0x08002469   Thumb Code    26  stm32f4xx_tim.o(.text)
    TIM_ForcedOC3Config                      0x08002483   Thumb Code    18  stm32f4xx_tim.o(.text)
    TIM_ForcedOC4Config                      0x08002495   Thumb Code    26  stm32f4xx_tim.o(.text)
    TIM_OC1PreloadConfig                     0x080024af   Thumb Code    18  stm32f4xx_tim.o(.text)
    TIM_OC2PreloadConfig                     0x080024c1   Thumb Code    26  stm32f4xx_tim.o(.text)
    TIM_OC3PreloadConfig                     0x080024db   Thumb Code    18  stm32f4xx_tim.o(.text)
    TIM_OC4PreloadConfig                     0x080024ed   Thumb Code    26  stm32f4xx_tim.o(.text)
    TIM_OC1FastConfig                        0x08002507   Thumb Code    18  stm32f4xx_tim.o(.text)
    TIM_OC2FastConfig                        0x08002519   Thumb Code    26  stm32f4xx_tim.o(.text)
    TIM_OC3FastConfig                        0x08002533   Thumb Code    18  stm32f4xx_tim.o(.text)
    TIM_OC4FastConfig                        0x08002545   Thumb Code    26  stm32f4xx_tim.o(.text)
    TIM_ClearOC1Ref                          0x0800255f   Thumb Code    18  stm32f4xx_tim.o(.text)
    TIM_ClearOC2Ref                          0x08002571   Thumb Code    24  stm32f4xx_tim.o(.text)
    TIM_ClearOC3Ref                          0x08002589   Thumb Code    18  stm32f4xx_tim.o(.text)
    TIM_ClearOC4Ref                          0x0800259b   Thumb Code    24  stm32f4xx_tim.o(.text)
    TIM_OC1PolarityConfig                    0x080025b3   Thumb Code    18  stm32f4xx_tim.o(.text)
    TIM_OC1NPolarityConfig                   0x080025c5   Thumb Code    18  stm32f4xx_tim.o(.text)
    TIM_OC2PolarityConfig                    0x080025d7   Thumb Code    26  stm32f4xx_tim.o(.text)
    TIM_OC2NPolarityConfig                   0x080025f1   Thumb Code    26  stm32f4xx_tim.o(.text)
    TIM_OC3PolarityConfig                    0x0800260b   Thumb Code    26  stm32f4xx_tim.o(.text)
    TIM_OC3NPolarityConfig                   0x08002625   Thumb Code    26  stm32f4xx_tim.o(.text)
    TIM_OC4PolarityConfig                    0x0800263f   Thumb Code    26  stm32f4xx_tim.o(.text)
    TIM_CCxCmd                               0x08002659   Thumb Code    30  stm32f4xx_tim.o(.text)
    TIM_CCxNCmd                              0x08002677   Thumb Code    30  stm32f4xx_tim.o(.text)
    TIM_SetIC4Prescaler                      0x08002695   Thumb Code    26  stm32f4xx_tim.o(.text)
    TIM_SetIC3Prescaler                      0x080026ff   Thumb Code    18  stm32f4xx_tim.o(.text)
    TIM_SetIC2Prescaler                      0x08002759   Thumb Code    26  stm32f4xx_tim.o(.text)
    TIM_SetIC1Prescaler                      0x080027cd   Thumb Code    18  stm32f4xx_tim.o(.text)
    TIM_ICInit                               0x08002819   Thumb Code   110  stm32f4xx_tim.o(.text)
    TIM_ICStructInit                         0x08002887   Thumb Code    18  stm32f4xx_tim.o(.text)
    TIM_PWMIConfig                           0x08002899   Thumb Code   124  stm32f4xx_tim.o(.text)
    TIM_GetCapture1                          0x08002915   Thumb Code     6  stm32f4xx_tim.o(.text)
    TIM_GetCapture2                          0x0800291b   Thumb Code     6  stm32f4xx_tim.o(.text)
    TIM_GetCapture3                          0x08002921   Thumb Code     6  stm32f4xx_tim.o(.text)
    TIM_GetCapture4                          0x08002927   Thumb Code     6  stm32f4xx_tim.o(.text)
    TIM_BDTRConfig                           0x0800292d   Thumb Code    32  stm32f4xx_tim.o(.text)
    TIM_BDTRStructInit                       0x0800294d   Thumb Code    18  stm32f4xx_tim.o(.text)
    TIM_CtrlPWMOutputs                       0x0800295f   Thumb Code    30  stm32f4xx_tim.o(.text)
    TIM_SelectCOM                            0x0800297d   Thumb Code    24  stm32f4xx_tim.o(.text)
    TIM_CCPreloadControl                     0x08002995   Thumb Code    24  stm32f4xx_tim.o(.text)
    TIM_ITConfig                             0x080029ad   Thumb Code    18  stm32f4xx_tim.o(.text)
    TIM_GenerateEvent                        0x080029bf   Thumb Code     4  stm32f4xx_tim.o(.text)
    TIM_GetFlagStatus                        0x080029c3   Thumb Code    18  stm32f4xx_tim.o(.text)
    TIM_ClearFlag                            0x080029d5   Thumb Code     6  stm32f4xx_tim.o(.text)
    TIM_GetITStatus                          0x080029db   Thumb Code    34  stm32f4xx_tim.o(.text)
    TIM_ClearITPendingBit                    0x080029fd   Thumb Code     6  stm32f4xx_tim.o(.text)
    TIM_DMAConfig                            0x08002a03   Thumb Code    10  stm32f4xx_tim.o(.text)
    TIM_DMACmd                               0x08002a0d   Thumb Code    18  stm32f4xx_tim.o(.text)
    TIM_SelectCCDMA                          0x08002a1f   Thumb Code    24  stm32f4xx_tim.o(.text)
    TIM_InternalClockConfig                  0x08002a37   Thumb Code    12  stm32f4xx_tim.o(.text)
    TIM_SelectInputTrigger                   0x08002a43   Thumb Code    18  stm32f4xx_tim.o(.text)
    TIM_ITRxExternalClockConfig              0x08002a55   Thumb Code    24  stm32f4xx_tim.o(.text)
    TIM_TIxExternalClockConfig               0x08002a6d   Thumb Code    62  stm32f4xx_tim.o(.text)
    TIM_ETRConfig                            0x08002aab   Thumb Code    28  stm32f4xx_tim.o(.text)
    TIM_ETRClockMode1Config                  0x08002ac7   Thumb Code    54  stm32f4xx_tim.o(.text)
    TIM_ETRClockMode2Config                  0x08002afd   Thumb Code    32  stm32f4xx_tim.o(.text)
    TIM_SelectOutputTrigger                  0x08002b1d   Thumb Code    18  stm32f4xx_tim.o(.text)
    TIM_SelectSlaveMode                      0x08002b2f   Thumb Code    18  stm32f4xx_tim.o(.text)
    TIM_SelectMasterSlaveMode                0x08002b41   Thumb Code    18  stm32f4xx_tim.o(.text)
    TIM_EncoderInterfaceConfig               0x08002b53   Thumb Code    66  stm32f4xx_tim.o(.text)
    TIM_SelectHallSensor                     0x08002b95   Thumb Code    24  stm32f4xx_tim.o(.text)
    TIM_RemapConfig                          0x08002bad   Thumb Code     6  stm32f4xx_tim.o(.text)
    USART_DeInit                             0x08002bb5   Thumb Code   206  stm32f4xx_usart.o(.text)
    USART_Init                               0x08002c83   Thumb Code   204  stm32f4xx_usart.o(.text)
    USART_StructInit                         0x08002d4f   Thumb Code    24  stm32f4xx_usart.o(.text)
    USART_ClockInit                          0x08002d67   Thumb Code    32  stm32f4xx_usart.o(.text)
    USART_ClockStructInit                    0x08002d87   Thumb Code    12  stm32f4xx_usart.o(.text)
    USART_Cmd                                0x08002d93   Thumb Code    24  stm32f4xx_usart.o(.text)
    USART_SetPrescaler                       0x08002dab   Thumb Code    16  stm32f4xx_usart.o(.text)
    USART_OverSampling8Cmd                   0x08002dbb   Thumb Code    22  stm32f4xx_usart.o(.text)
    USART_OneBitMethodCmd                    0x08002dd1   Thumb Code    24  stm32f4xx_usart.o(.text)
    USART_SendData                           0x08002de9   Thumb Code     8  stm32f4xx_usart.o(.text)
    USART_ReceiveData                        0x08002df1   Thumb Code    10  stm32f4xx_usart.o(.text)
    USART_SetAddress                         0x08002dfb   Thumb Code    18  stm32f4xx_usart.o(.text)
    USART_ReceiverWakeUpCmd                  0x08002e0d   Thumb Code    24  stm32f4xx_usart.o(.text)
    USART_WakeUpConfig                       0x08002e25   Thumb Code    18  stm32f4xx_usart.o(.text)
    USART_LINBreakDetectLengthConfig         0x08002e37   Thumb Code    18  stm32f4xx_usart.o(.text)
    USART_LINCmd                             0x08002e49   Thumb Code    24  stm32f4xx_usart.o(.text)
    USART_SendBreak                          0x08002e61   Thumb Code    10  stm32f4xx_usart.o(.text)
    USART_HalfDuplexCmd                      0x08002e6b   Thumb Code    24  stm32f4xx_usart.o(.text)
    USART_SetGuardTime                       0x08002e83   Thumb Code    16  stm32f4xx_usart.o(.text)
    USART_SmartCardCmd                       0x08002e93   Thumb Code    24  stm32f4xx_usart.o(.text)
    USART_SmartCardNACKCmd                   0x08002eab   Thumb Code    24  stm32f4xx_usart.o(.text)
    USART_IrDAConfig                         0x08002ec3   Thumb Code    18  stm32f4xx_usart.o(.text)
    USART_IrDACmd                            0x08002ed5   Thumb Code    24  stm32f4xx_usart.o(.text)
    USART_DMACmd                             0x08002eed   Thumb Code    18  stm32f4xx_usart.o(.text)
    USART_ITConfig                           0x08002eff   Thumb Code    74  stm32f4xx_usart.o(.text)
    USART_GetFlagStatus                      0x08002f49   Thumb Code    26  stm32f4xx_usart.o(.text)
    USART_ClearFlag                          0x08002f63   Thumb Code    18  stm32f4xx_usart.o(.text)
    USART_GetITStatus                        0x08002f75   Thumb Code   118  stm32f4xx_usart.o(.text)
    USART_ClearITPendingBit                  0x08002feb   Thumb Code    30  stm32f4xx_usart.o(.text)
    DMA_DeInit                               0x08003009   Thumb Code   324  stm32f4xx_dma.o(.text)
    DMA_Init                                 0x0800314d   Thumb Code    82  stm32f4xx_dma.o(.text)
    DMA_StructInit                           0x0800319f   Thumb Code    34  stm32f4xx_dma.o(.text)
    DMA_Cmd                                  0x080031c1   Thumb Code    22  stm32f4xx_dma.o(.text)
    DMA_PeriphIncOffsetSizeConfig            0x080031d7   Thumb Code    22  stm32f4xx_dma.o(.text)
    DMA_FlowControllerConfig                 0x080031ed   Thumb Code    22  stm32f4xx_dma.o(.text)
    DMA_SetCurrDataCounter                   0x08003203   Thumb Code     4  stm32f4xx_dma.o(.text)
    DMA_GetCurrDataCounter                   0x08003207   Thumb Code     8  stm32f4xx_dma.o(.text)
    DMA_DoubleBufferModeConfig               0x0800320f   Thumb Code    24  stm32f4xx_dma.o(.text)
    DMA_DoubleBufferModeCmd                  0x08003227   Thumb Code    22  stm32f4xx_dma.o(.text)
    DMA_MemoryTargetConfig                   0x0800323d   Thumb Code    10  stm32f4xx_dma.o(.text)
    DMA_GetCurrentMemoryTarget               0x08003247   Thumb Code    20  stm32f4xx_dma.o(.text)
    DMA_GetCmdStatus                         0x0800325b   Thumb Code    20  stm32f4xx_dma.o(.text)
    DMA_GetFIFOStatus                        0x0800326f   Thumb Code    12  stm32f4xx_dma.o(.text)
    DMA_GetFlagStatus                        0x0800327b   Thumb Code    56  stm32f4xx_dma.o(.text)
    DMA_ClearFlag                            0x080032b3   Thumb Code    40  stm32f4xx_dma.o(.text)
    DMA_ITConfig                             0x080032db   Thumb Code    58  stm32f4xx_dma.o(.text)
    DMA_GetITStatus                          0x08003315   Thumb Code    84  stm32f4xx_dma.o(.text)
    DMA_ClearITPendingBit                    0x08003369   Thumb Code    40  stm32f4xx_dma.o(.text)
    delay_init                               0x080033b1   Thumb Code    52  delay.o(.text)
    delay_us                                 0x080033e5   Thumb Code    72  delay.o(.text)
    delay_xms                                0x0800342d   Thumb Code    72  delay.o(.text)
    delay_ms                                 0x08003475   Thumb Code    56  delay.o(.text)
    _sys_exit                                0x080034b5   Thumb Code     6  usart.o(.text)
    fputc                                    0x080034bb   Thumb Code    22  usart.o(.text)
    uart_init                                0x080034d1   Thumb Code   164  usart.o(.text)
    USART1_IRQHandler                        0x08003575   Thumb Code   122  usart.o(.text)
    motor_init                               0x08003601   Thumb Code   192  motor.o(.text)
    LCD_WR_REG                               0x080036cd   Thumb Code    18  lcd.o(.text)
    LCD_WR_DATA                              0x080036df   Thumb Code    20  lcd.o(.text)
    LCD_RD_DATA                              0x080036f3   Thumb Code    16  lcd.o(.text)
    LCD_WriteReg                             0x08003703   Thumb Code    10  lcd.o(.text)
    LCD_ReadReg                              0x0800370d   Thumb Code    22  lcd.o(.text)
    LCD_WriteRAM_Prepare                     0x08003723   Thumb Code    10  lcd.o(.text)
    LCD_WriteRAM                             0x0800372d   Thumb Code     8  lcd.o(.text)
    LCD_BGR2RGB                              0x08003735   Thumb Code    26  lcd.o(.text)
    opt_delay                                0x0800374f   Thumb Code    14  lcd.o(.text)
    LCD_SetCursor                            0x0800375d   Thumb Code   418  lcd.o(.text)
    LCD_ReadPoint                            0x080038ff   Thumb Code   360  lcd.o(.text)
    LCD_DisplayOn                            0x08003a67   Thumb Code   102  lcd.o(.text)
    LCD_DisplayOff                           0x08003acd   Thumb Code    90  lcd.o(.text)
    LCD_Scan_Dir                             0x08003b27   Thumb Code   744  lcd.o(.text)
    LCD_DrawPoint                            0x08003e0f   Thumb Code    28  lcd.o(.text)
    LCD_Fast_DrawPoint                       0x08003e2b   Thumb Code   384  lcd.o(.text)
    LCD_SSD_BackLightSet                     0x08003fab   Thumb Code    88  lcd.o(.text)
    LCD_Display_Dir                          0x08004003   Thumb Code   444  lcd.o(.text)
    LCD_Set_Window                           0x080041bf   Thumb Code   544  lcd.o(.text)
    LCD_Clear                                0x080043df   Thumb Code   100  lcd.o(.text)
    LCD_Init                                 0x08004443   Thumb Code 14690  lcd.o(.text)
    LCD_Fill                                 0x08007da5   Thumb Code   178  lcd.o(.text)
    LCD_Color_Fill                           0x08007e57   Thumb Code   106  lcd.o(.text)
    LCD_DrawLine                             0x08007ec1   Thumb Code   176  lcd.o(.text)
    LCD_DrawRectangle                        0x08007f71   Thumb Code    60  lcd.o(.text)
    LCD_Draw_Circle                          0x08007fad   Thumb Code   152  lcd.o(.text)
    LCD_ShowChar                             0x08008045   Thumb Code   272  lcd.o(.text)
    LCD_Pow                                  0x08008155   Thumb Code    22  lcd.o(.text)
    LCD_ShowNum                              0x0800816b   Thumb Code   148  lcd.o(.text)
    LCD_ShowxNum                             0x080081ff   Thumb Code   220  lcd.o(.text)
    LCD_ShowString                           0x080082db   Thumb Code   102  lcd.o(.text)
    DCMI_DMA_Init                            0x08008341   Thumb Code   172  dcmi.o(.text)
    DMA2_Stream1_IRQHandler                  0x080083ed   Thumb Code    30  dcmi.o(.text)
    My_DCMI_Init                             0x0800840b   Thumb Code   280  dcmi.o(.text)
    DCMI_Start                               0x08008523   Thumb Code    30  dcmi.o(.text)
    DCMI_Stop                                0x08008541   Thumb Code    34  dcmi.o(.text)
    DCMI_Set_Window                          0x08008563   Thumb Code    74  dcmi.o(.text)
    DCMI_CR_Set                              0x080085ad   Thumb Code    58  dcmi.o(.text)
    SCCB_Init                                0x0800860d   Thumb Code    78  sccb.o(.text)
    SCCB_Start                               0x0800865b   Thumb Code    42  sccb.o(.text)
    SCCB_Stop                                0x08008685   Thumb Code    42  sccb.o(.text)
    SCCB_No_Ack                              0x080086af   Thumb Code    56  sccb.o(.text)
    SCCB_WR_Byte                             0x080086e7   Thumb Code   154  sccb.o(.text)
    SCCB_RD_Byte                             0x08008781   Thumb Code   104  sccb.o(.text)
    SCCB_WR_Reg                              0x080087e9   Thumb Code    62  sccb.o(.text)
    SCCB_RD_Reg                              0x08008827   Thumb Code    78  sccb.o(.text)
    OV2640_Init                              0x08008881   Thumb Code   226  ov2640.o(.text)
    OV2640_JPEG_Mode                         0x08008963   Thumb Code    66  ov2640.o(.text)
    OV2640_RGB565_Mode                       0x080089a5   Thumb Code    36  ov2640.o(.text)
    OV2640_Auto_Exposure                     0x080089c9   Thumb Code    40  ov2640.o(.text)
    OV2640_Light_Mode                        0x080089f1   Thumb Code   118  ov2640.o(.text)
    OV2640_Color_Saturation                  0x08008a67   Thumb Code    64  ov2640.o(.text)
    OV2640_Brightness                        0x08008aa7   Thumb Code    56  ov2640.o(.text)
    OV2640_Contrast                          0x08008adf   Thumb Code   116  ov2640.o(.text)
    OV2640_Special_Effects                   0x08008b53   Thumb Code   122  ov2640.o(.text)
    OV2640_Color_Bar                         0x08008bcd   Thumb Code    40  ov2640.o(.text)
    OV2640_Window_Set                        0x08008bf5   Thumb Code   196  ov2640.o(.text)
    OV2640_OutSize_Set                       0x08008cb9   Thumb Code   136  ov2640.o(.text)
    OV2640_ImageWin_Set                      0x08008d41   Thumb Code   188  ov2640.o(.text)
    OV2640_ImageSize_Set                     0x08008dfd   Thumb Code    80  ov2640.o(.text)
    pid_init                                 0x08008e4d   Thumb Code   116  pid.o(.text)
    TIM3_init                                0x08008ec1   Thumb Code   104  pid.o(.text)
    usart3_init                              0x08008f35   Thumb Code   164  usart3.o(.text)
    USART3_IRQHandler                        0x08008fd9   Thumb Code   806  usart3.o(.text)
    sys_init                                 0x08009345   Thumb Code   598  init.o(.text)
    __use_no_semihosting                     0x080095d1   Thumb Code     2  use_no_semi_2.o(.text)
    __2printf                                0x080095d5   Thumb Code    20  noretval__2printf.o(.text)
    __2sprintf                               0x080095ed   Thumb Code    34  noretval__2sprintf.o(.text)
    _printf_int_dec                          0x08009615   Thumb Code   100  _printf_dec.o(.text)
    _printf_int_hex                          0x08009689   Thumb Code    84  _printf_hex_int.o(.text)
    _printf_longlong_hex                     0x08009689   Thumb Code     0  _printf_hex_int.o(.text)
    __printf                                 0x080096e1   Thumb Code   270  __printf_wp.o(.text)
    __aeabi_memclr                           0x080097ef   Thumb Code     0  rt_memclr.o(.text)
    __rt_memclr                              0x080097ef   Thumb Code    68  rt_memclr.o(.text)
    _memset                                  0x080097f3   Thumb Code     0  rt_memclr.o(.text)
    __aeabi_memclr4                          0x08009833   Thumb Code     0  rt_memclr_w.o(.text)
    __aeabi_memclr8                          0x08009833   Thumb Code     0  rt_memclr_w.o(.text)
    __rt_memclr_w                            0x08009833   Thumb Code    78  rt_memclr_w.o(.text)
    _memset_w                                0x08009837   Thumb Code     0  rt_memclr_w.o(.text)
    __use_two_region_memory                  0x08009881   Thumb Code     2  heapauxi.o(.text)
    __rt_heap_escrow$2region                 0x08009883   Thumb Code     2  heapauxi.o(.text)
    __rt_heap_expand$2region                 0x08009885   Thumb Code     2  heapauxi.o(.text)
    __I$use$semihosting                      0x08009887   Thumb Code     0  use_no_semi.o(.text)
    __use_no_semihosting_swi                 0x08009887   Thumb Code     2  use_no_semi.o(.text)
    _printf_int_common                       0x08009889   Thumb Code   178  _printf_intcommon.o(.text)
    __lib_sel_fp_printf                      0x0800993b   Thumb Code     2  _printf_fp_dec.o(.text)
    _printf_fp_dec_real                      0x08009ae9   Thumb Code   616  _printf_fp_dec.o(.text)
    _printf_char_common                      0x08009d5b   Thumb Code    32  _printf_char_common.o(.text)
    _sputc                                   0x08009d81   Thumb Code    10  _sputc.o(.text)
    _printf_char_file                        0x08009d8d   Thumb Code    32  _printf_char_file.o(.text)
    __rt_locale                              0x08009db1   Thumb Code     8  rt_locale_intlibspace.o(.text)
    _ll_udiv10                               0x08009db9   Thumb Code   138  lludiv10.o(.text)
    _printf_fp_infnan                        0x08009e45   Thumb Code   112  _printf_fp_infnan.o(.text)
    _btod_etento                             0x08009ec5   Thumb Code   212  bigflt0.o(.text)
    ferror                                   0x08009f9d   Thumb Code     8  ferror.o(.text)
    __user_libspace                          0x08009fa5   Thumb Code     8  libspace.o(.text)
    __user_perproc_libspace                  0x08009fa5   Thumb Code     0  libspace.o(.text)
    __user_perthread_libspace                0x08009fa5   Thumb Code     0  libspace.o(.text)
    __user_setup_stackheap                   0x08009fad   Thumb Code    74  sys_stackheap_outer.o(.text)
    exit                                     0x08009ff7   Thumb Code    12  exit.o(.text)
    strcmp                                   0x0800a005   Thumb Code   128  strcmpv7m.o(.text)
    _btod_d2e                                0x0800a085   Thumb Code    62  btod.o(CL$$btod_d2e)
    _d2e_denorm_low                          0x0800a0c3   Thumb Code    70  btod.o(CL$$btod_d2e_denorm_low)
    _d2e_norm_op1                            0x0800a109   Thumb Code    96  btod.o(CL$$btod_d2e_norm_op1)
    __btod_div_common                        0x0800a169   Thumb Code   696  btod.o(CL$$btod_div_common)
    _e2e                                     0x0800a4a1   Thumb Code   198  btod.o(CL$$btod_e2e)
    _btod_ediv                               0x0800a567   Thumb Code    40  btod.o(CL$$btod_ediv)
    _btod_emul                               0x0800a58f   Thumb Code    40  btod.o(CL$$btod_emul)
    __btod_mult_common                       0x0800a5b7   Thumb Code   580  btod.o(CL$$btod_mult_common)
    __ARM_fpclassify                         0x0800a7fb   Thumb Code    48  fpclassify.o(i.__ARM_fpclassify)
    _is_digit                                0x0800a82b   Thumb Code    14  __printf_wp.o(i._is_digit)
    _get_lc_numeric                          0x0800a839   Thumb Code    44  lc_numeric_c.o(locale$$code)
    __aeabi_d2f                              0x0800a865   Thumb Code     0  d2f.o(x$fpl$d2f)
    _d2f                                     0x0800a865   Thumb Code    98  d2f.o(x$fpl$d2f)
    __aeabi_dadd                             0x0800a8c9   Thumb Code     0  daddsub_clz.o(x$fpl$dadd)
    _dadd                                    0x0800a8c9   Thumb Code   332  daddsub_clz.o(x$fpl$dadd)
    __aeabi_d2uiz                            0x0800aa19   Thumb Code     0  dfixu.o(x$fpl$dfixu)
    _dfixu                                   0x0800aa19   Thumb Code    90  dfixu.o(x$fpl$dfixu)
    __aeabi_i2d                              0x0800aa73   Thumb Code     0  dflt_clz.o(x$fpl$dflt)
    _dflt                                    0x0800aa73   Thumb Code    46  dflt_clz.o(x$fpl$dflt)
    __aeabi_ui2d                             0x0800aaa1   Thumb Code     0  dflt_clz.o(x$fpl$dfltu)
    _dfltu                                   0x0800aaa1   Thumb Code    38  dflt_clz.o(x$fpl$dfltu)
    __aeabi_dmul                             0x0800aac9   Thumb Code     0  dmul.o(x$fpl$dmul)
    _dmul                                    0x0800aac9   Thumb Code   332  dmul.o(x$fpl$dmul)
    __fpl_dnaninf                            0x0800ac1d   Thumb Code   156  dnaninf.o(x$fpl$dnaninf)
    __fpl_dretinf                            0x0800acb9   Thumb Code    12  dretinf.o(x$fpl$dretinf)
    __aeabi_dsub                             0x0800acc5   Thumb Code     0  daddsub_clz.o(x$fpl$dsub)
    _dsub                                    0x0800acc5   Thumb Code   464  daddsub_clz.o(x$fpl$dsub)
    __aeabi_f2d                              0x0800ae99   Thumb Code     0  f2d.o(x$fpl$f2d)
    _f2d                                     0x0800ae99   Thumb Code    86  f2d.o(x$fpl$f2d)
    __fpl_fnaninf                            0x0800aeef   Thumb Code   140  fnaninf.o(x$fpl$fnaninf)
    _fp_init                                 0x0800af7b   Thumb Code    10  fpinit.o(x$fpl$fpinit)
    __fplib_config_fpu_vfp                   0x0800af83   Thumb Code     0  fpinit.o(x$fpl$fpinit)
    __fplib_config_pureend_doubles           0x0800af83   Thumb Code     0  fpinit.o(x$fpl$fpinit)
    __fpl_fretinf                            0x0800af85   Thumb Code    10  fretinf.o(x$fpl$fretinf)
    _printf_fp_dec                           0x0800af8f   Thumb Code     4  printf1.o(x$fpl$printf1)
    __I$use$fp                               0x0800af92   Number         0  usenofp.o(x$fpl$usenofp)
    FSMC_DefaultTimingStruct                 0x0800af94   Data          28  stm32f4xx_fsmc.o(.constdata)
    asc2_1206                                0x0800afb0   Data        1140  lcd.o(.constdata)
    asc2_1608                                0x0800b424   Data        1520  lcd.o(.constdata)
    asc2_2412                                0x0800ba14   Data        3420  lcd.o(.constdata)
    ov2640_qqvga_init_reg_tbl                0x0800c770   Data         656  ov2640.o(.constdata)
    ov2640_sxga_init_reg_tbl                 0x0800ca00   Data         356  ov2640.o(.constdata)
    ov2640_svga_init_reg_tbl                 0x0800cb64   Data         354  ov2640.o(.constdata)
    ov2640_jpeg_reg_tbl                      0x0800ccc6   Data          14  ov2640.o(.constdata)
    ov2640_rgb565_reg_tbl                    0x0800ccd4   Data          28  ov2640.o(.constdata)
    ov2640_yuv422_reg_tbl                    0x0800ccf0   Data          16  ov2640.o(.constdata)
    Region$$Table$$Base                      0x0800cde4   Number         0  anon$$obj.o(Region$$Table)
    Region$$Table$$Limit                     0x0800ce04   Number         0  anon$$obj.o(Region$$Table)
    displayMode                              0x20000000   Data           4  main.o(.data)
    gray                                     0x20000004   Data           2  main.o(.data)
    success                                  0x20000008   Data           4  main.o(.data)
    aim_routine                              0x2000000c   Data         180  main.o(.data)
    Task_index                               0x200000c0   Data           4  main.o(.data)
    aim_index                                0x200000c4   Data           4  main.o(.data)
    have_ball                                0x200000c8   Data           1  main.o(.data)
    PWM_X                                    0x200000cc   Data           4  main.o(.data)
    PWM_Y                                    0x200000d0   Data           4  main.o(.data)
    ov_frame_flag                            0x200000d4   Data           1  main.o(.data)
    ball_static                              0x200000d8   Data           4  main.o(.data)
    Enable_I_flag                            0x200000dc   Data           1  main.o(.data)
    ov_frame                                 0x200000e0   Data           4  main.o(.data)
    close_counter                            0x200000e4   Data           4  main.o(.data)
    SystemCoreClock                          0x200000ec   Data           4  system_stm32f4xx.o(.data)
    AHBPrescTable                            0x200000f0   Data          16  system_stm32f4xx.o(.data)
    __stdout                                 0x20000114   Data           4  usart.o(.data)
    USART_RX_STA                             0x20000118   Data           2  usart.o(.data)
    POINT_COLOR                              0x2000011a   Data           2  lcd.o(.data)
    BACK_COLOR                               0x2000011c   Data           2  lcd.o(.data)
    dcmi_rx_callback                         0x20000120   Data           4  dcmi.o(.data)
    USART3_RX_STA                            0x20000124   Data           2  usart3.o(.data)
    rgb_buf                                  0x20000128   Data       58016  main.o(.bss)
    Aim                                      0x2000e3c8   Data         480  main.o(.bss)
    PWM_init_X                               0x2000e5a8   Data          80  main.o(.bss)
    PWM_init_Y                               0x2000e5f8   Data          80  main.o(.bss)
    pid_X                                    0x2000e648   Data          84  main.o(.bss)
    pid_Y                                    0x2000e69c   Data          84  main.o(.bss)
    USART_RX_BUF                             0x2000e6f0   Data         200  usart.o(.bss)
    lcddev                                   0x2000e7b8   Data          14  lcd.o(.bss)
    DCMI_InitStructure                       0x2000e7c6   Data          14  dcmi.o(.bss)
    USART3_RX_BUF                            0x2000e7d4   Data          20  usart3.o(.bss)
    __libspace_start                         0x2000e7e8   Data          96  libspace.o(.bss)
    __temporary_stack_top$libspace           0x2000e848   Data           0  libspace.o(.bss)



==============================================================================

Memory Map of the image

  Image Entry point : 0x08000189

  Load Region LR_IROM1 (Base: 0x08000000, Size: 0x0000cf48, Max: 0x00100000, ABSOLUTE)

    Execution Region ER_IROM1 (Base: 0x08000000, Size: 0x0000ce20, Max: 0x00100000, ABSOLUTE)

    Base Addr    Size         Type   Attr      Idx    E Section Name        Object

    0x08000000   0x00000188   Data   RO          226    RESET               startup_stm32f40_41xxx.o
    0x08000188   0x00000008   Code   RO          891  * !!!main             c_w.l(__main.o)
    0x08000190   0x00000034   Code   RO         1136    !!!scatter          c_w.l(__scatter.o)
    0x080001c4   0x0000001a   Code   RO         1138    !!handler_copy      c_w.l(__scatter_copy.o)
    0x080001de   0x00000002   PAD
    0x080001e0   0x0000001c   Code   RO         1140    !!handler_zi        c_w.l(__scatter_zi.o)
    0x080001fc   0x00000000   Code   RO          884    .ARM.Collect$$_printf_percent$$00000000  c_w.l(_printf_percent.o)
    0x080001fc   0x00000006   Code   RO          883    .ARM.Collect$$_printf_percent$$00000003  c_w.l(_printf_f.o)
    0x08000202   0x00000006   Code   RO          882    .ARM.Collect$$_printf_percent$$00000009  c_w.l(_printf_d.o)
    0x08000208   0x00000006   Code   RO          881    .ARM.Collect$$_printf_percent$$0000000C  c_w.l(_printf_x.o)
    0x0800020e   0x00000004   Code   RO          930    .ARM.Collect$$_printf_percent$$00000017  c_w.l(_printf_percent_end.o)
    0x08000212   0x00000002   Code   RO         1016    .ARM.Collect$$libinit$$00000000  c_w.l(libinit.o)
    0x08000214   0x00000004   Code   RO         1017    .ARM.Collect$$libinit$$00000001  c_w.l(libinit2.o)
    0x08000218   0x00000000   Code   RO         1021    .ARM.Collect$$libinit$$00000008  c_w.l(libinit2.o)
    0x08000218   0x00000000   Code   RO         1023    .ARM.Collect$$libinit$$0000000A  c_w.l(libinit2.o)
    0x08000218   0x00000000   Code   RO         1025    .ARM.Collect$$libinit$$0000000C  c_w.l(libinit2.o)
    0x08000218   0x00000006   Code   RO         1026    .ARM.Collect$$libinit$$0000000D  c_w.l(libinit2.o)
    0x0800021e   0x00000000   Code   RO         1028    .ARM.Collect$$libinit$$0000000F  c_w.l(libinit2.o)
    0x0800021e   0x00000000   Code   RO         1030    .ARM.Collect$$libinit$$00000011  c_w.l(libinit2.o)
    0x0800021e   0x00000000   Code   RO         1032    .ARM.Collect$$libinit$$00000013  c_w.l(libinit2.o)
    0x0800021e   0x0000000a   Code   RO         1033    .ARM.Collect$$libinit$$00000014  c_w.l(libinit2.o)
    0x08000228   0x00000000   Code   RO         1034    .ARM.Collect$$libinit$$00000015  c_w.l(libinit2.o)
    0x08000228   0x00000000   Code   RO         1036    .ARM.Collect$$libinit$$00000017  c_w.l(libinit2.o)
    0x08000228   0x00000000   Code   RO         1038    .ARM.Collect$$libinit$$00000019  c_w.l(libinit2.o)
    0x08000228   0x00000000   Code   RO         1040    .ARM.Collect$$libinit$$0000001B  c_w.l(libinit2.o)
    0x08000228   0x00000000   Code   RO         1042    .ARM.Collect$$libinit$$0000001D  c_w.l(libinit2.o)
    0x08000228   0x00000000   Code   RO         1044    .ARM.Collect$$libinit$$0000001F  c_w.l(libinit2.o)
    0x08000228   0x00000000   Code   RO         1046    .ARM.Collect$$libinit$$00000021  c_w.l(libinit2.o)
    0x08000228   0x00000000   Code   RO         1048    .ARM.Collect$$libinit$$00000023  c_w.l(libinit2.o)
    0x08000228   0x00000000   Code   RO         1052    .ARM.Collect$$libinit$$0000002A  c_w.l(libinit2.o)
    0x08000228   0x00000000   Code   RO         1054    .ARM.Collect$$libinit$$0000002C  c_w.l(libinit2.o)
    0x08000228   0x00000000   Code   RO         1056    .ARM.Collect$$libinit$$0000002E  c_w.l(libinit2.o)
    0x08000228   0x00000000   Code   RO         1058    .ARM.Collect$$libinit$$00000030  c_w.l(libinit2.o)
    0x08000228   0x00000002   Code   RO         1059    .ARM.Collect$$libinit$$00000031  c_w.l(libinit2.o)
    0x0800022a   0x00000002   Code   RO         1087    .ARM.Collect$$libshutdown$$00000000  c_w.l(libshutdown.o)
    0x0800022c   0x00000000   Code   RO         1097    .ARM.Collect$$libshutdown$$00000003  c_w.l(libshutdown2.o)
    0x0800022c   0x00000000   Code   RO         1100    .ARM.Collect$$libshutdown$$00000006  c_w.l(libshutdown2.o)
    0x0800022c   0x00000000   Code   RO         1103    .ARM.Collect$$libshutdown$$00000009  c_w.l(libshutdown2.o)
    0x0800022c   0x00000000   Code   RO         1105    .ARM.Collect$$libshutdown$$0000000B  c_w.l(libshutdown2.o)
    0x0800022c   0x00000000   Code   RO         1108    .ARM.Collect$$libshutdown$$0000000E  c_w.l(libshutdown2.o)
    0x0800022c   0x00000002   Code   RO         1109    .ARM.Collect$$libshutdown$$0000000F  c_w.l(libshutdown2.o)
    0x0800022e   0x00000000   Code   RO          919    .ARM.Collect$$rtentry$$00000000  c_w.l(rtentry.o)
    0x0800022e   0x00000000   Code   RO          941    .ARM.Collect$$rtentry$$00000002  c_w.l(rtentry2.o)
    0x0800022e   0x00000006   Code   RO          953    .ARM.Collect$$rtentry$$00000004  c_w.l(rtentry4.o)
    0x08000234   0x00000000   Code   RO          943    .ARM.Collect$$rtentry$$00000009  c_w.l(rtentry2.o)
    0x08000234   0x00000004   Code   RO          944    .ARM.Collect$$rtentry$$0000000A  c_w.l(rtentry2.o)
    0x08000238   0x00000000   Code   RO          946    .ARM.Collect$$rtentry$$0000000C  c_w.l(rtentry2.o)
    0x08000238   0x00000008   Code   RO          947    .ARM.Collect$$rtentry$$0000000D  c_w.l(rtentry2.o)
    0x08000240   0x00000002   Code   RO         1060    .ARM.Collect$$rtexit$$00000000  c_w.l(rtexit.o)
    0x08000242   0x00000000   Code   RO         1067    .ARM.Collect$$rtexit$$00000002  c_w.l(rtexit2.o)
    0x08000242   0x00000004   Code   RO         1068    .ARM.Collect$$rtexit$$00000003  c_w.l(rtexit2.o)
    0x08000246   0x00000006   Code   RO         1069    .ARM.Collect$$rtexit$$00000004  c_w.l(rtexit2.o)
    0x0800024c   0x00000934   Code   RO            3    .text               main.o
    0x08000b80   0x0000001a   Code   RO          177    .text               stm32f4xx_it.o
    0x08000b9a   0x00000002   PAD
    0x08000b9c   0x00000210   Code   RO          200    .text               system_stm32f4xx.o
    0x08000dac   0x00000040   Code   RO          227    .text               startup_stm32f40_41xxx.o
    0x08000dec   0x000000e0   Code   RO          233    .text               misc.o
    0x08000ecc   0x0000018c   Code   RO          319    .text               stm32f4xx_dcmi.o
    0x08001058   0x000005c8   Code   RO          359    .text               stm32f4xx_fsmc.o
    0x08001620   0x00000294   Code   RO          382    .text               stm32f4xx_gpio.o
    0x080018b4   0x0000065c   Code   RO          445    .text               stm32f4xx_rcc.o
    0x08001f10   0x00000ca2   Code   RO          487    .text               stm32f4xx_tim.o
    0x08002bb2   0x00000002   PAD
    0x08002bb4   0x00000454   Code   RO          507    .text               stm32f4xx_usart.o
    0x08003008   0x000003a8   Code   RO          527    .text               stm32f4xx_dma.o
    0x080033b0   0x00000104   Code   RO          547    .text               delay.o
    0x080034b4   0x0000014c   Code   RO          587    .text               usart.o
    0x08003600   0x000000cc   Code   RO          618    .text               motor.o
    0x080036cc   0x00004c74   Code   RO          638    .text               lcd.o
    0x08008340   0x000002cc   Code   RO          680    .text               dcmi.o
    0x0800860c   0x00000274   Code   RO          711    .text               sccb.o
    0x08008880   0x000005cc   Code   RO          731    .text               ov2640.o
    0x08008e4c   0x000000e8   Code   RO          757    .text               pid.o
    0x08008f34   0x00000410   Code   RO          777    .text               usart3.o
    0x08009344   0x0000028c   Code   RO          805    .text               init.o
    0x080095d0   0x00000002   Code   RO          826    .text               c_w.l(use_no_semi_2.o)
    0x080095d2   0x00000002   PAD
    0x080095d4   0x00000018   Code   RO          832    .text               c_w.l(noretval__2printf.o)
    0x080095ec   0x00000028   Code   RO          834    .text               c_w.l(noretval__2sprintf.o)
    0x08009614   0x00000074   Code   RO          838    .text               c_w.l(_printf_dec.o)
    0x08009688   0x00000058   Code   RO          843    .text               c_w.l(_printf_hex_int.o)
    0x080096e0   0x0000010e   Code   RO          869    .text               c_w.l(__printf_wp.o)
    0x080097ee   0x00000044   Code   RO          885    .text               c_w.l(rt_memclr.o)
    0x08009832   0x0000004e   Code   RO          887    .text               c_w.l(rt_memclr_w.o)
    0x08009880   0x00000006   Code   RO          889    .text               c_w.l(heapauxi.o)
    0x08009886   0x00000002   Code   RO          917    .text               c_w.l(use_no_semi.o)
    0x08009888   0x000000b2   Code   RO          920    .text               c_w.l(_printf_intcommon.o)
    0x0800993a   0x00000416   Code   RO          922    .text               c_w.l(_printf_fp_dec.o)
    0x08009d50   0x00000030   Code   RO          924    .text               c_w.l(_printf_char_common.o)
    0x08009d80   0x0000000a   Code   RO          926    .text               c_w.l(_sputc.o)
    0x08009d8a   0x00000002   PAD
    0x08009d8c   0x00000024   Code   RO          928    .text               c_w.l(_printf_char_file.o)
    0x08009db0   0x00000008   Code   RO          958    .text               c_w.l(rt_locale_intlibspace.o)
    0x08009db8   0x0000008a   Code   RO          960    .text               c_w.l(lludiv10.o)
    0x08009e42   0x00000002   PAD
    0x08009e44   0x00000080   Code   RO          962    .text               c_w.l(_printf_fp_infnan.o)
    0x08009ec4   0x000000d8   Code   RO          966    .text               c_w.l(bigflt0.o)
    0x08009f9c   0x00000008   Code   RO          991    .text               c_w.l(ferror.o)
    0x08009fa4   0x00000008   Code   RO         1002    .text               c_w.l(libspace.o)
    0x08009fac   0x0000004a   Code   RO         1005    .text               c_w.l(sys_stackheap_outer.o)
    0x08009ff6   0x0000000c   Code   RO         1007    .text               c_w.l(exit.o)
    0x0800a002   0x00000002   PAD
    0x0800a004   0x00000080   Code   RO         1009    .text               c_w.l(strcmpv7m.o)
    0x0800a084   0x0000003e   Code   RO          969    CL$$btod_d2e        c_w.l(btod.o)
    0x0800a0c2   0x00000046   Code   RO          971    CL$$btod_d2e_denorm_low  c_w.l(btod.o)
    0x0800a108   0x00000060   Code   RO          970    CL$$btod_d2e_norm_op1  c_w.l(btod.o)
    0x0800a168   0x00000338   Code   RO          979    CL$$btod_div_common  c_w.l(btod.o)
    0x0800a4a0   0x000000c6   Code   RO          976    CL$$btod_e2e        c_w.l(btod.o)
    0x0800a566   0x00000028   Code   RO          973    CL$$btod_ediv       c_w.l(btod.o)
    0x0800a58e   0x00000028   Code   RO          972    CL$$btod_emul       c_w.l(btod.o)
    0x0800a5b6   0x00000244   Code   RO          978    CL$$btod_mult_common  c_w.l(btod.o)
    0x0800a7fa   0x00000030   Code   RO         1000    i.__ARM_fpclassify  m_wm.l(fpclassify.o)
    0x0800a82a   0x0000000e   Code   RO          871    i._is_digit         c_w.l(__printf_wp.o)
    0x0800a838   0x0000002c   Code   RO          996    locale$$code        c_w.l(lc_numeric_c.o)
    0x0800a864   0x00000062   Code   RO          893    x$fpl$d2f           fz_wm.l(d2f.o)
    0x0800a8c6   0x00000002   PAD
    0x0800a8c8   0x00000150   Code   RO          895    x$fpl$dadd          fz_wm.l(daddsub_clz.o)
    0x0800aa18   0x0000005a   Code   RO          901    x$fpl$dfixu         fz_wm.l(dfixu.o)
    0x0800aa72   0x0000002e   Code   RO          906    x$fpl$dflt          fz_wm.l(dflt_clz.o)
    0x0800aaa0   0x00000026   Code   RO          905    x$fpl$dfltu         fz_wm.l(dflt_clz.o)
    0x0800aac6   0x00000002   PAD
    0x0800aac8   0x00000154   Code   RO          911    x$fpl$dmul          fz_wm.l(dmul.o)
    0x0800ac1c   0x0000009c   Code   RO          931    x$fpl$dnaninf       fz_wm.l(dnaninf.o)
    0x0800acb8   0x0000000c   Code   RO          933    x$fpl$dretinf       fz_wm.l(dretinf.o)
    0x0800acc4   0x000001d4   Code   RO          897    x$fpl$dsub          fz_wm.l(daddsub_clz.o)
    0x0800ae98   0x00000056   Code   RO          913    x$fpl$f2d           fz_wm.l(f2d.o)
    0x0800aeee   0x0000008c   Code   RO          935    x$fpl$fnaninf       fz_wm.l(fnaninf.o)
    0x0800af7a   0x0000000a   Code   RO         1064    x$fpl$fpinit        fz_wm.l(fpinit.o)
    0x0800af84   0x0000000a   Code   RO          937    x$fpl$fretinf       fz_wm.l(fretinf.o)
    0x0800af8e   0x00000004   Code   RO          915    x$fpl$printf1       fz_wm.l(printf1.o)
    0x0800af92   0x00000000   Code   RO          939    x$fpl$usenofp       fz_wm.l(usenofp.o)
    0x0800af92   0x00000002   PAD
    0x0800af94   0x0000001c   Data   RO          360    .constdata          stm32f4xx_fsmc.o
    0x0800afb0   0x000017c0   Data   RO          640    .constdata          lcd.o
    0x0800c770   0x000005b8   Data   RO          732    .constdata          ov2640.o
    0x0800cd28   0x00000028   Data   RO          844    .constdata          c_w.l(_printf_hex_int.o)
    0x0800cd50   0x00000094   Data   RO          967    .constdata          c_w.l(bigflt0.o)
    0x0800cde4   0x00000020   Data   RO         1134    Region$$Table       anon$$obj.o
    0x0800ce04   0x0000001c   Data   RO          995    locale$$data        c_w.l(lc_numeric_c.o)


    Execution Region RW_IRAM1 (Base: 0x20000000, Size: 0x0000ee48, Max: 0x00020000, ABSOLUTE)

    Base Addr    Size         Type   Attr      Idx    E Section Name        Object

    0x20000000   0x000000e9   Data   RW            5    .data               main.o
    0x200000e9   0x00000003   PAD
    0x200000ec   0x00000014   Data   RW          201    .data               system_stm32f4xx.o
    0x20000100   0x00000010   Data   RW          446    .data               stm32f4xx_rcc.o
    0x20000110   0x00000004   Data   RW          548    .data               delay.o
    0x20000114   0x00000006   Data   RW          589    .data               usart.o
    0x2000011a   0x00000004   Data   RW          641    .data               lcd.o
    0x2000011e   0x00000002   PAD
    0x20000120   0x00000004   Data   RW          682    .data               dcmi.o
    0x20000124   0x00000002   Data   RW          779    .data               usart3.o
    0x20000126   0x00000002   PAD
    0x20000128   0x0000e5c8   Zero   RW            4    .bss                main.o
    0x2000e6f0   0x000000c8   Zero   RW          588    .bss                usart.o
    0x2000e7b8   0x0000000e   Zero   RW          639    .bss                lcd.o
    0x2000e7c6   0x0000000e   Zero   RW          681    .bss                dcmi.o
    0x2000e7d4   0x00000014   Zero   RW          778    .bss                usart3.o
    0x2000e7e8   0x00000060   Zero   RW         1003    .bss                c_w.l(libspace.o)
    0x2000e848   0x00000200   Zero   RW          225    HEAP                startup_stm32f40_41xxx.o
    0x2000ea48   0x00000400   Zero   RW          224    STACK               startup_stm32f40_41xxx.o


==============================================================================

Image component sizes


      Code (inc. data)   RO Data    RW Data    ZI Data      Debug   Object Name

       716         38          0          4         14       2852   dcmi.o
       260          8          0          4          0       1433   delay.o
       652         54          0          0          0        835   init.o
     19572        176       6080          4         14      22298   lcd.o
      2356        274          0        233      58824     308804   main.o
       224         20          0          0          0     230969   misc.o
       204         12          0          0          0        781   motor.o
      1484         48       1464          0          0       5867   ov2640.o
       232         12          0          0          0       1457   pid.o
       628         12          0          0          0       2023   sccb.o
        64         26        392          0       1536        832   startup_stm32f40_41xxx.o
       396          4          0          0          0       3454   stm32f4xx_dcmi.o
       936         32          0          0          0       6289   stm32f4xx_dma.o
      1480         18         28          0          0       5610   stm32f4xx_fsmc.o
       660         44          0          0          0       4089   stm32f4xx_gpio.o
        26          0          0          0          0       1218   stm32f4xx_it.o
      1628         52          0         16          0      12876   stm32f4xx_rcc.o
      3234         60          0          0          0      22292   stm32f4xx_tim.o
      1108         34          0          0          0       7788   stm32f4xx_usart.o
       528         46          0         20          0       1771   system_stm32f4xx.o
       332         18          0          6        200       3346   usart.o
      1040         70          0          2         20       2257   usart3.o

    ----------------------------------------------------------------------
     37764       1058       7996        296      60608     649141   Object Totals
         0          0         32          0          0          0   (incl. Generated)
         4          0          0          7          0          0   (incl. Padding)

    ----------------------------------------------------------------------

      Code (inc. data)   RO Data    RW Data    ZI Data      Debug   Library Member Name

         8          0          0          0          0         68   __main.o
       284          0          0          0          0        156   __printf_wp.o
        52          8          0          0          0          0   __scatter.o
        26          0          0          0          0          0   __scatter_copy.o
        28          0          0          0          0          0   __scatter_zi.o
        48          6          0          0          0         96   _printf_char_common.o
        36          4          0          0          0         80   _printf_char_file.o
         6          0          0          0          0          0   _printf_d.o
       116         16          0          0          0         92   _printf_dec.o
         6          0          0          0          0          0   _printf_f.o
      1046          0          0          0          0        216   _printf_fp_dec.o
       128         16          0          0          0         84   _printf_fp_infnan.o
        88          4         40          0          0         88   _printf_hex_int.o
       178          0          0          0          0         88   _printf_intcommon.o
         0          0          0          0          0          0   _printf_percent.o
         4          0          0          0          0          0   _printf_percent_end.o
         6          0          0          0          0          0   _printf_x.o
        10          0          0          0          0         68   _sputc.o
       216          4        148          0          0         96   bigflt0.o
      1910        128          0          0          0        672   btod.o
        12          0          0          0          0         72   exit.o
         8          0          0          0          0         68   ferror.o
         6          0          0          0          0        152   heapauxi.o
        44         10         28          0          0         76   lc_numeric_c.o
         2          0          0          0          0          0   libinit.o
        22          0          0          0          0          0   libinit2.o
         2          0          0          0          0          0   libshutdown.o
         2          0          0          0          0          0   libshutdown2.o
         8          4          0          0         96         68   libspace.o
       138          0          0          0          0         80   lludiv10.o
        24          4          0          0          0         84   noretval__2printf.o
        40          6          0          0          0         84   noretval__2sprintf.o
         8          4          0          0          0         68   rt_locale_intlibspace.o
        68          0          0          0          0         68   rt_memclr.o
        78          0          0          0          0         80   rt_memclr_w.o
         0          0          0          0          0          0   rtentry.o
        12          0          0          0          0          0   rtentry2.o
         6          0          0          0          0          0   rtentry4.o
         2          0          0          0          0          0   rtexit.o
        10          0          0          0          0          0   rtexit2.o
       128          0          0          0          0         68   strcmpv7m.o
        74          0          0          0          0         80   sys_stackheap_outer.o
         2          0          0          0          0         68   use_no_semi.o
         2          0          0          0          0         68   use_no_semi_2.o
        98          4          0          0          0        140   d2f.o
       804         16          0          0          0        368   daddsub_clz.o
        90          4          0          0          0        140   dfixu.o
        84          0          0          0          0        232   dflt_clz.o
       340         12          0          0          0        152   dmul.o
       156          4          0          0          0        140   dnaninf.o
        12          0          0          0          0        116   dretinf.o
        86          4          0          0          0        132   f2d.o
       140          4          0          0          0        132   fnaninf.o
        10          0          0          0          0        116   fpinit.o
        10          0          0          0          0        116   fretinf.o
         4          0          0          0          0        116   printf1.o
         0          0          0          0          0          0   usenofp.o
        48          0          0          0          0        124   fpclassify.o

    ----------------------------------------------------------------------
      6792        262        216          0         96       5012   Library Totals
        16          0          0          0          0          0   (incl. Padding)

    ----------------------------------------------------------------------

      Code (inc. data)   RO Data    RW Data    ZI Data      Debug   Library Name

      4894        214        216          0         96       2988   c_w.l
      1834         48          0          0          0       1900   fz_wm.l
        48          0          0          0          0        124   m_wm.l

    ----------------------------------------------------------------------
      6792        262        216          0         96       5012   Library Totals

    ----------------------------------------------------------------------

==============================================================================


      Code (inc. data)   RO Data    RW Data    ZI Data      Debug   

     44556       1320       8212        296      60704     646889   Grand Totals
     44556       1320       8212        296      60704     646889   ELF Image Totals
     44556       1320       8212        296          0          0   ROM Totals

==============================================================================

    Total RO  Size (Code + RO Data)                52768 (  51.53kB)
    Total RW  Size (RW Data + ZI Data)             61000 (  59.57kB)
    Total ROM Size (Code + RO Data + RW Data)      53064 (  51.82kB)

==============================================================================

