Product: MDK-ARM Professional 5.10
Component: ARM Compiler 5.04 update 1 (build 49)
Tool: armlink [5040049]

==============================================================================

Section Cross References

    main.o(.text) refers to rt_memclr_w.o(.text) for __aeabi_memclr4
    main.o(.text) refers to motor.o(.text) for set_angle
    main.o(.text) refers to init.o(.text) for sys_init
    main.o(.text) refers to pid.o(.text) for pid_init
    main.o(.text) refers to beep.o(.text) for BEEP_Init
    main.o(.text) refers to lcd.o(.text) for LCD_SetCursor
    main.o(.text) refers to main.o(.data) for displayMode
    main.o(.text) refers to main.o(.bss) for Aim
    main.o(.text) refers to stm32f4xx_gpio.o(.text) for GPIO_SetBits
    main.o(.text) refers to stm32f4xx_dcmi.o(.text) for DCMI_GetITStatus
    main.o(.text) refers to stm32f4xx_tim.o(.text) for TIM_GetITStatus
    system_stm32f4xx.o(.text) refers to system_stm32f4xx.o(.data) for SystemCoreClock
    startup_stm32f40_41xxx.o(STACK) refers (Special) to heapauxi.o(.text) for __use_two_region_memory
    startup_stm32f40_41xxx.o(HEAP) refers (Special) to heapauxi.o(.text) for __use_two_region_memory
    startup_stm32f40_41xxx.o(RESET) refers (Special) to heapauxi.o(.text) for __use_two_region_memory
    startup_stm32f40_41xxx.o(RESET) refers to startup_stm32f40_41xxx.o(STACK) for __initial_sp
    startup_stm32f40_41xxx.o(RESET) refers to startup_stm32f40_41xxx.o(.text) for Reset_Handler
    startup_stm32f40_41xxx.o(RESET) refers to stm32f4xx_it.o(.text) for NMI_Handler
    startup_stm32f40_41xxx.o(RESET) refers to main.o(.text) for TIM3_IRQHandler
    startup_stm32f40_41xxx.o(RESET) refers to usart.o(.text) for USART1_IRQHandler
    startup_stm32f40_41xxx.o(RESET) refers to usart3.o(.text) for USART3_IRQHandler
    startup_stm32f40_41xxx.o(RESET) refers to dcmi.o(.text) for DMA2_Stream1_IRQHandler
    startup_stm32f40_41xxx.o(.text) refers (Special) to heapauxi.o(.text) for __use_two_region_memory
    startup_stm32f40_41xxx.o(.text) refers to system_stm32f4xx.o(.text) for SystemInit
    startup_stm32f40_41xxx.o(.text) refers to __main.o(!!!main) for __main
    startup_stm32f40_41xxx.o(.text) refers to startup_stm32f40_41xxx.o(HEAP) for Heap_Mem
    startup_stm32f40_41xxx.o(.text) refers to startup_stm32f40_41xxx.o(STACK) for Stack_Mem
    stm32f4xx_fsmc.o(.text) refers to stm32f4xx_fsmc.o(.constdata) for FSMC_DefaultTimingStruct
    stm32f4xx_gpio.o(.text) refers to stm32f4xx_rcc.o(.text) for RCC_AHB1PeriphResetCmd
    stm32f4xx_ltdc.o(.text) refers to stm32f4xx_rcc.o(.text) for RCC_APB2PeriphResetCmd
    stm32f4xx_pwr.o(.text) refers to stm32f4xx_rcc.o(.text) for RCC_APB1PeriphResetCmd
    stm32f4xx_rcc.o(.text) refers to stm32f4xx_rcc.o(.data) for APBAHBPrescTable
    stm32f4xx_syscfg.o(.text) refers to stm32f4xx_rcc.o(.text) for RCC_APB2PeriphResetCmd
    stm32f4xx_tim.o(.text) refers to stm32f4xx_rcc.o(.text) for RCC_APB2PeriphResetCmd
    stm32f4xx_usart.o(.text) refers to stm32f4xx_rcc.o(.text) for RCC_APB2PeriphResetCmd
    delay.o(.text) refers to misc.o(.text) for SysTick_CLKSourceConfig
    delay.o(.text) refers to delay.o(.data) for fac_us
    usart.o(.rev16_text) refers (Special) to use_no_semi_2.o(.text) for __use_no_semihosting
    usart.o(.revsh_text) refers (Special) to use_no_semi_2.o(.text) for __use_no_semihosting
    usart.o(.text) refers (Special) to use_no_semi_2.o(.text) for __use_no_semihosting
    usart.o(.text) refers to stm32f4xx_rcc.o(.text) for RCC_AHB1PeriphClockCmd
    usart.o(.text) refers to stm32f4xx_gpio.o(.text) for GPIO_PinAFConfig
    usart.o(.text) refers to stm32f4xx_usart.o(.text) for USART_Init
    usart.o(.text) refers to misc.o(.text) for NVIC_Init
    usart.o(.text) refers to usart.o(.data) for USART_RX_STA
    usart.o(.text) refers to usart.o(.bss) for USART_RX_BUF
    usart.o(.bss) refers (Special) to use_no_semi_2.o(.text) for __use_no_semihosting
    usart.o(.data) refers (Special) to use_no_semi_2.o(.text) for __use_no_semihosting
    motor.o(.text) refers to stm32f4xx_rcc.o(.text) for RCC_APB1PeriphClockCmd
    motor.o(.text) refers to stm32f4xx_gpio.o(.text) for GPIO_PinAFConfig
    motor.o(.text) refers to stm32f4xx_tim.o(.text) for TIM_TimeBaseInit
    lcd.o(.text) refers to _printf_percent.o(.ARM.Collect$$_printf_percent$$00000000) for _printf_percent
    lcd.o(.text) refers to _printf_x.o(.ARM.Collect$$_printf_percent$$0000000C) for _printf_x
    lcd.o(.text) refers to _printf_hex_int.o(.text) for _printf_longlong_hex
    lcd.o(.text) refers to delay.o(.text) for delay_us
    lcd.o(.text) refers to lcd.o(.bss) for lcddev
    lcd.o(.text) refers to lcd.o(.data) for POINT_COLOR
    lcd.o(.text) refers to dflt_clz.o(x$fpl$dfltu) for __aeabi_ui2d
    lcd.o(.text) refers to dmul.o(x$fpl$dmul) for __aeabi_dmul
    lcd.o(.text) refers to dfixu.o(x$fpl$dfixu) for __aeabi_d2uiz
    lcd.o(.text) refers to stm32f4xx_rcc.o(.text) for RCC_AHB1PeriphClockCmd
[...]
    RESET                                    0x08000000   Section      392  startup_stm32f40_41xxx.o(RESET)
    !!!main                                  0x08000188   Section        8  __main.o(!!!main)
    !!!scatter                               0x08000190   Section       52  __scatter.o(!!!scatter)
    !!handler_copy                           0x080001c4   Section       26  __scatter_copy.o(!!handler_copy)
    !!handler_zi                             0x080001e0   Section       28  __scatter_zi.o(!!handler_zi)
    .ARM.Collect$$_printf_percent$$00000000  0x080001fc   Section        0  _printf_percent.o(.ARM.Collect$$_printf_percent$$00000000)
    .ARM.Collect$$_printf_percent$$00000009  0x080001fc   Section        6  _printf_d.o(.ARM.Collect$$_printf_percent$$00000009)
    .ARM.Collect$$_printf_percent$$0000000C  0x08000202   Section        6  _printf_x.o(.ARM.Collect$$_printf_percent$$0000000C)
    .ARM.Collect$$_printf_percent$$00000017  0x08000208   Section        4  _printf_percent_end.o(.ARM.Collect$$_printf_percent$$00000017)
    .ARM.Collect$$libinit$$00000000          0x0800020c   Section        2  libinit.o(.ARM.Collect$$libinit$$00000000)
    .ARM.Collect$$libinit$$00000001          0x0800020e   Section        4  libinit2.o(.ARM.Collect$$libinit$$00000001)
    .ARM.Collect$$libinit$$00000008          0x08000212   Section        0  libinit2.o(.ARM.Collect$$libinit$$00000008)
    .ARM.Collect$$libinit$$0000000A          0x08000212   Section        0  libinit2.o(.ARM.Collect$$libinit$$0000000A)
    .ARM.Collect$$libinit$$0000000C          0x08000212   Section        0  libinit2.o(.ARM.Collect$$libinit$$0000000C)
    .ARM.Collect$$libinit$$0000000F          0x08000212   Section        0  libinit2.o(.ARM.Collect$$libinit$$0000000F)
    .ARM.Collect$$libinit$$00000011          0x08000212   Section        0  libinit2.o(.ARM.Collect$$libinit$$00000011)
    .ARM.Collect$$libinit$$00000013          0x08000212   Section        0  libinit2.o(.ARM.Collect$$libinit$$00000013)
    .ARM.Collect$$libinit$$00000015          0x08000212   Section        0  libinit2.o(.ARM.Collect$$libinit$$00000015)
    .ARM.Collect$$libinit$$00000017          0x08000212   Section        0  libinit2.o(.ARM.Collect$$libinit$$00000017)
    .ARM.Collect$$libinit$$00000019          0x08000212   Section        0  libinit2.o(.ARM.Collect$$libinit$$00000019)
    .ARM.Collect$$libinit$$0000001B          0x08000212   Section        0  libinit2.o(.ARM.Collect$$libinit$$0000001B)
    .ARM.Collect$$libinit$$0000001D          0x08000212   Section        0  libinit2.o(.ARM.Collect$$libinit$$0000001D)
    .ARM.Collect$$libinit$$0000001F          0x08000212   Section        0  libinit2.o(.ARM.Collect$$libinit$$0000001F)
    .ARM.Collect$$libinit$$00000021          0x08000212   Section        0  libinit2.o(.ARM.Collect$$libinit$$00000021)
    .ARM.Collect$$libinit$$00000023          0x08000212   Section        0  libinit2.o(.ARM.Collect$$libinit$$00000023)
    .ARM.Collect$$libinit$$0000002A          0x08000212   Section        0  libinit2.o(.ARM.Collect$$libinit$$0000002A)
    .ARM.Collect$$libinit$$0000002C          0x08000212   Section        0  libinit2.o(.ARM.Collect$$libinit$$0000002C)
    .ARM.Collect$$libinit$$0000002E          0x08000212   Section        0  libinit2.o(.ARM.Collect$$libinit$$0000002E)
    .ARM.Collect$$libinit$$00000030          0x08000212   Section        0  libinit2.o(.ARM.Collect$$libinit$$00000030)
    .ARM.Collect$$libinit$$00000031          0x08000212   Section        2  libinit2.o(.ARM.Collect$$libinit$$00000031)
    .ARM.Collect$$libshutdown$$00000000      0x08000214   Section        2  libshutdown.o(.ARM.Collect$$libshutdown$$00000000)
    .ARM.Collect$$libshutdown$$00000003      0x08000216   Section        0  libshutdown2.o(.ARM.Collect$$libshutdown$$00000003)
    .ARM.Collect$$libshutdown$$00000006      0x08000216   Section        0  libshutdown2.o(.ARM.Collect$$libshutdown$$00000006)
    .ARM.Collect$$libshutdown$$00000009      0x08000216   Section        0  libshutdown2.o(.ARM.Collect$$libshutdown$$00000009)
    .ARM.Collect$$libshutdown$$0000000B      0x08000216   Section        0  libshutdown2.o(.ARM.Collect$$libshutdown$$0000000B)
    .ARM.Collect$$libshutdown$$0000000E      0x08000216   Section        0  libshutdown2.o(.ARM.Collect$$libshutdown$$0000000E)
    .ARM.Collect$$libshutdown$$0000000F      0x08000216   Section        2  libshutdown2.o(.ARM.Collect$$libshutdown$$0000000F)
    .ARM.Collect$$rtentry$$00000000          0x08000218   Section        0  rtentry.o(.ARM.Collect$$rtentry$$00000000)
    .ARM.Collect$$rtentry$$00000002          0x08000218   Section        0  rtentry2.o(.ARM.Collect$$rtentry$$00000002)
    .ARM.Collect$$rtentry$$00000004          0x08000218   Section        6  rtentry4.o(.ARM.Collect$$rtentry$$00000004)
    .ARM.Collect$$rtentry$$00000009          0x0800021e   Section        0  rtentry2.o(.ARM.Collect$$rtentry$$00000009)
    .ARM.Collect$$rtentry$$0000000A          0x0800021e   Section        4  rtentry2.o(.ARM.Collect$$rtentry$$0000000A)
    .ARM.Collect$$rtentry$$0000000C          0x08000222   Section        0  rtentry2.o(.ARM.Collect$$rtentry$$0000000C)
    .ARM.Collect$$rtentry$$0000000D          0x08000222   Section        8  rtentry2.o(.ARM.Collect$$rtentry$$0000000D)
    .ARM.Collect$$rtexit$$00000000           0x0800022a   Section        2  rtexit.o(.ARM.Collect$$rtexit$$00000000)
    .ARM.Collect$$rtexit$$00000002           0x0800022c   Section        0  rtexit2.o(.ARM.Collect$$rtexit$$00000002)
    .ARM.Collect$$rtexit$$00000003           0x0800022c   Section        4  rtexit2.o(.ARM.Collect$$rtexit$$00000003)
    .ARM.Collect$$rtexit$$00000004           0x08000230   Section        6  rtexit2.o(.ARM.Collect$$rtexit$$00000004)
    .text                                    0x08000238   Section        0  main.o(.text)
    .text                                    0x08000aac   Section        0  stm32f4xx_it.o(.text)
    .text                                    0x08000ac8   Section        0  system_stm32f4xx.o(.text)
    SetSysClock                              0x08000ac9   Thumb Code   220  system_stm32f4xx.o(.text)
    .text                                    0x08000cd8   Section       64  startup_stm32f40_41xxx.o(.text)
    $v0                                      0x08000cd8   Number         0  startup_stm32f40_41xxx.o(.text)
    .text                                    0x08000d18   Section        0  misc.o(.text)
    .text                                    0x08000df8   Section        0  stm32f4xx_dcmi.o(.text)
    .text                                    0x08000f84   Section        0  stm32f4xx_fsmc.o(.text)
    .text                                    0x0800154c   Section        0  stm32f4xx_gpio.o(.text)
    .text                                    0x080017e0   Section        0  stm32f4xx_rcc.o(.text)
    .text                                    0x08001e3c   Section        0  stm32f4xx_tim.o(.text)
    TI4_Config                               0x080025db   Thumb Code    80  stm32f4xx_tim.o(.text)
    TI3_Config                               0x0800263d   Thumb Code    72  stm32f4xx_tim.o(.text)
    TI2_Config                               0x0800269f   Thumb Code    90  stm32f4xx_tim.o(.text)
    TI1_Config                               0x0800270b   Thumb Code    58  stm32f4xx_tim.o(.text)
    .text                                    0x08002ae0   Section        0  stm32f4xx_usart.o(.text)
    .text                                    0x08002f34   Section        0  stm32f4xx_dma.o(.text)
    .text                                    0x080032dc   Section        0  delay.o(.text)
    .text                                    0x080033e0   Section        0  usart.o(.text)
    .text                                    0x0800352c   Section        0  motor.o(.text)
    .text                                    0x08003660   Section        0  lcd.o(.text)
    .text                                    0x080082d4   Section        0  dcmi.o(.text)
    .text                                    0x080085a0   Section        0  sccb.o(.text)
    .text                                    0x08008814   Section        0  ov2640.o(.text)
    .text                                    0x08008de0   Section        0  pid.o(.text)
    .text                                    0x08008ec8   Section        0  usart3.o(.text)
    .text                                    0x080092d8   Section        0  init.o(.text)
    .text                                    0x080096ac   Section        0  beep.o(.text)
    .text                                    0x080096ec   Section        2  use_no_semi_2.o(.text)
    .text                                    0x080096f0   Section        0  noretval__2printf.o(.text)
    .text                                    0x08009708   Section        0  __printf.o(.text)
    .text                                    0x08009770   Section        0  _printf_dec.o(.text)
    .text                                    0x080097e4   Section        0  _printf_hex_int.o(.text)
    .text                                    0x0800983c   Section       68  rt_memclr.o(.text)
    .text                                    0x08009880   Section       78  rt_memclr_w.o(.text)
    .text                                    0x080098ce   Section        0  heapauxi.o(.text)
    .text                                    0x080098d4   Section        2  use_no_semi.o(.text)
    .text                                    0x080098d6   Section        0  _printf_intcommon.o(.text)
    .text                                    0x08009988   Section        0  _printf_char_file.o(.text)
    .text                                    0x080099ac   Section        0  _printf_char_common.o(.text)
    _printf_input_char                       0x080099ad   Thumb Code    10  _printf_char_common.o(.text)
    .text                                    0x080099dc   Section        0  ferror.o(.text)
    .text                                    0x080099e4   Section       74  sys_stackheap_outer.o(.text)
    .text                                    0x08009a2e   Section        0  exit.o(.text)
    .text                                    0x08009a3c   Section        8  libspace.o(.text)
    x$fpl$d2f                                0x08009a44   Section       98  d2f.o(x$fpl$d2f)
    $v0                                      0x08009a44   Number         0  d2f.o(x$fpl$d2f)
    x$fpl$dadd                               0x08009aa8   Section      336  daddsub_clz.o(x$fpl$dadd)
    $v0                                      0x08009aa8   Number         0  daddsub_clz.o(x$fpl$dadd)
    _dadd1                                   0x08009ab9   Thumb Code     0  daddsub_clz.o(x$fpl$dadd)
    x$fpl$dfixu                              0x08009bf8   Section       90  dfixu.o(x$fpl$dfixu)
    $v0                                      0x08009bf8   Number         0  dfixu.o(x$fpl$dfixu)
    x$fpl$dflt                               0x08009c52   Section       46  dflt_clz.o(x$fpl$dflt)
    $v0                                      0x08009c52   Number         0  dflt_clz.o(x$fpl$dflt)
    x$fpl$dfltu                              0x08009c80   Section       38  dflt_clz.o(x$fpl$dfltu)
    $v0                                      0x08009c80   Number         0  dflt_clz.o(x$fpl$dfltu)
    x$fpl$dmul                               0x08009ca8   Section      340  dmul.o(x$fpl$dmul)
    $v0                                      0x08009ca8   Number         0  dmul.o(x$fpl$dmul)
    x$fpl$dnaninf                            0x08009dfc   Section      156  dnaninf.o(x$fpl$dnaninf)
    $v0                                      0x08009dfc   Number         0  dnaninf.o(x$fpl$dnaninf)
    x$fpl$dretinf                            0x08009e98   Section       12  dretinf.o(x$fpl$dretinf)
    $v0                                      0x08009e98   Number         0  dretinf.o(x$fpl$dretinf)
    x$fpl$dsub                               0x08009ea4   Section      468  daddsub_clz.o(x$fpl$dsub)
    $v0                                      0x08009ea4   Number         0  daddsub_clz.o(x$fpl$dsub)
    _dsub1                                   0x08009eb5   Thumb Code     0  daddsub_clz.o(x$fpl$dsub)
    x$fpl$fpinit                             0x0800a078   Section       10  fpinit.o(x$fpl$fpinit)
    $v0                                      0x0800a078   Number         0  fpinit.o(x$fpl$fpinit)
    x$fpl$fretinf                            0x0800a082   Section       10  fretinf.o(x$fpl$fretinf)
    $v0                                      0x0800a082   Number         0  fretinf.o(x$fpl$fretinf)
    .constdata                               0x0800a08c   Section       28  stm32f4xx_fsmc.o(.constdata)
    x$fpl$usenofp                            0x0800a08c   Section        0  usenofp.o(x$fpl$usenofp)
    .constdata                               0x0800a0a8   Section     6080  lcd.o(.constdata)
    .constdata                               0x0800b868   Section     1464  ov2640.o(.constdata)
    OV2640_AUTOEXPOSURE_LEVEL                0x0800bdf8   Data          40  ov2640.o(.constdata)
    .constdata                               0x0800be20   Section       40  _printf_hex_int.o(.constdata)
    uc_hextab                                0x0800be20   Data          20  _printf_hex_int.o(.constdata)
    lc_hextab                                0x0800be34   Data          20  _printf_hex_int.o(.constdata)
    .data                                    0x20000000   Section      220  main.o(.data)
    I_count                                  0x200000db   Data           1  main.o(.data)
    .data                                    0x200000dc   Section       20  system_stm32f4xx.o(.data)
    .data                                    0x200000f0   Section       16  stm32f4xx_rcc.o(.data)
    APBAHBPrescTable                         0x200000f0   Data          16  stm32f4xx_rcc.o(.data)
    .data                                    0x20000100   Section        4  delay.o(.data)
    fac_us                                   0x20000100   Data           1  delay.o(.data)
    fac_ms                                   0x20000102   Data           2  delay.o(.data)
    .data                                    0x20000104   Section        6  usart.o(.data)
    .data                                    0x2000010a   Section        4  lcd.o(.data)
    .data                                    0x20000110   Section        4  dcmi.o(.data)
    .data                                    0x20000114   Section        2  usart3.o(.data)
    .bss                                     0x20000118   Section    58984  main.o(.bss)
    .bss                                     0x2000e780   Section      200  usart.o(.bss)
    .bss                                     0x2000e848   Section       14  lcd.o(.bss)
    .bss                                     0x2000e856   Section       14  dcmi.o(.bss)
    .bss                                     0x2000e864   Section       20  usart3.o(.bss)
    .bss                                     0x2000e878   Section       96  libspace.o(.bss)
    HEAP                                     0x2000e8d8   Section      512  startup_stm32f40_41xxx.o(HEAP)
    Heap_Mem                                 0x2000e8d8   Data         512  startup_stm32f40_41xxx.o(HEAP)
    STACK                                    0x2000ead8   Section     1024  startup_stm32f40_41xxx.o(STACK)
    Stack_Mem                                0x2000ead8   Data        1024  startup_stm32f40_41xxx.o(STACK)
    __initial_sp                             0x2000eed8   Data           0  startup_stm32f40_41xxx.o(STACK)

    Global Symbols

    Symbol Name                              Value     Ov Type        Size  Object(Section)

    BuildAttributes$$THM_ISAv4$E$P$D$K$B$S$7EM$VFPi3$EXTD16$VFPS$VFMA$PE$A:L22UL41UL21$X:L11$S22US41US21$IEEE1$IW$USESV6$~STKCKD$USESV7$~SHL$OSPACE$ROPI$EBA8$UX$STANDARDLIB$REQ8$PRES8$EABIv2 0x00000000   Number         0  anon$$obj.o ABSOLUTE
    __ARM_use_no_argv                        0x00000000   Number         0  main.o ABSOLUTE
    __ARM_exceptions_init                     - Undefined Weak Reference
    __alloca_initialize                       - Undefined Weak Reference
    __cpp_initialize__aeabi_                  - Undefined Weak Reference
    __cxa_finalize                            - Undefined Weak Reference
    __rt_locale                               - Undefined Weak Reference
    __sigvec_lookup                           - Undefined Weak Reference
    _atexit_init                              - Undefined Weak Reference
    _call_atexit_fns                          - Undefined Weak Reference
    _clock_init                               - Undefined Weak Reference
    _fp_trap_init                             - Undefined Weak Reference
    _fp_trap_shutdown                         - Undefined Weak Reference
    _get_lc_collate                           - Undefined Weak Reference
    _get_lc_ctype                             - Undefined Weak Reference
    _get_lc_monetary                          - Undefined Weak Reference
    _get_lc_numeric                           - Undefined Weak Reference
    _get_lc_time                              - Undefined Weak Reference
    _getenv_init                              - Undefined Weak Reference
    _handle_redirection                       - Undefined Weak Reference
    _init_alloc                               - Undefined Weak Reference
    _init_user_alloc                          - Undefined Weak Reference
    _initio                                   - Undefined Weak Reference
    _mutex_acquire                            - Undefined Weak Reference
    _mutex_release                            - Undefined Weak Reference
    _printf_post_padding                      - Undefined Weak Reference
    _printf_pre_padding                       - Undefined Weak Reference
    _printf_truncate_signed                   - Undefined Weak Reference
    _printf_truncate_unsigned                 - Undefined Weak Reference
    _rand_init                                - Undefined Weak Reference
    _signal_finish                            - Undefined Weak Reference
    _signal_init                              - Undefined Weak Reference
    _terminate_alloc                          - Undefined Weak Reference
    _terminate_user_alloc                     - Undefined Weak Reference
    _terminateio                              - Undefined Weak Reference
    __Vectors_Size                           0x00000188   Number         0  startup_stm32f40_41xxx.o ABSOLUTE
    __Vectors                                0x08000000   Data           4  startup_stm32f40_41xxx.o(RESET)
    __Vectors_End                            0x08000188   Data           0  startup_stm32f40_41xxx.o(RESET)
    __main                                   0x08000189   Thumb Code     8  __main.o(!!!main)
    __scatterload                            0x08000191   Thumb Code     0  __scatter.o(!!!scatter)
    __scatterload_rt2                        0x08000191   Thumb Code    44  __scatter.o(!!!scatter)
    __scatterload_rt2_thumb_only             0x08000191   Thumb Code     0  __scatter.o(!!!scatter)
    __scatterload_null                       0x0800019f   Thumb Code     0  __scatter.o(!!!scatter)
    __scatterload_copy                       0x080001c5   Thumb Code    26  __scatter_copy.o(!!handler_copy)
    __scatterload_zeroinit                   0x080001e1   Thumb Code    28  __scatter_zi.o(!!handler_zi)
    _printf_d                                0x080001fd   Thumb Code     0  _printf_d.o(.ARM.Collect$$_printf_percent$$00000009)
    _printf_percent                          0x080001fd   Thumb Code     0  _printf_percent.o(.ARM.Collect$$_printf_percent$$00000000)
    _printf_x                                0x08000203   Thumb Code     0  _printf_x.o(.ARM.Collect$$_printf_percent$$0000000C)
    _printf_percent_end                      0x08000209   Thumb Code     0  _printf_percent_end.o(.ARM.Collect$$_printf_percent$$00000017)
    __rt_lib_init                            0x0800020d   Thumb Code     0  libinit.o(.ARM.Collect$$libinit$$00000000)
    __rt_lib_init_fp_1                       0x0800020f   Thumb Code     0  libinit2.o(.ARM.Collect$$libinit$$00000001)
    __rt_lib_init_alloca_1                   0x08000213   Thumb Code     0  libinit2.o(.ARM.Collect$$libinit$$0000002C)
    __rt_lib_init_argv_1                     0x08000213   Thumb Code     0  libinit2.o(.ARM.Collect$$libinit$$0000002A)
    __rt_lib_init_atexit_1                   0x08000213   Thumb Code     0  libinit2.o(.ARM.Collect$$libinit$$00000019)
    __rt_lib_init_clock_1                    0x08000213   Thumb Code     0  libinit2.o(.ARM.Collect$$libinit$$0000001F)
    __rt_lib_init_cpp_1                      0x08000213   Thumb Code     0  libinit2.o(.ARM.Collect$$libinit$$00000030)
    __rt_lib_init_exceptions_1               0x08000213   Thumb Code     0  libinit2.o(.ARM.Collect$$libinit$$0000002E)
    __rt_lib_init_fp_trap_1                  0x08000213   Thumb Code     0  libinit2.o(.ARM.Collect$$libinit$$0000001D)
    __rt_lib_init_getenv_1                   0x08000213   Thumb Code     0  libinit2.o(.ARM.Collect$$libinit$$00000021)
    __rt_lib_init_heap_1                     0x08000213   Thumb Code     0  libinit2.o(.ARM.Collect$$libinit$$00000008)
    __rt_lib_init_lc_collate_1               0x08000213   Thumb Code     0  libinit2.o(.ARM.Collect$$libinit$$0000000F)
    __rt_lib_init_lc_ctype_1                 0x08000213   Thumb Code     0  libinit2.o(.ARM.Collect$$libinit$$00000011)
    __rt_lib_init_lc_monetary_1              0x08000213   Thumb Code     0  libinit2.o(.ARM.Collect$$libinit$$00000013)
    __rt_lib_init_lc_numeric_1               0x08000213   Thumb Code     0  libinit2.o(.ARM.Collect$$libinit$$00000015)
    __rt_lib_init_lc_time_1                  0x08000213   Thumb Code     0  libinit2.o(.ARM.Collect$$libinit$$00000017)
    __rt_lib_init_rand_1                     0x08000213   Thumb Code     0  libinit2.o(.ARM.Collect$$libinit$$0000000C)
    __rt_lib_init_return                     0x08000213   Thumb Code     0  libinit2.o(.ARM.Collect$$libinit$$00000031)
    __rt_lib_init_signal_1                   0x08000213   Thumb Code     0  libinit2.o(.ARM.Collect$$libinit$$0000001B)
    __rt_lib_init_stdio_1                    0x08000213   Thumb Code     0  libinit2.o(.ARM.Collect$$libinit$$00000023)
    __rt_lib_init_user_alloc_1               0x08000213   Thumb Code     0  libinit2.o(.ARM.Collect$$libinit$$0000000A)
    __rt_lib_shutdown                        0x08000215   Thumb Code     0  libshutdown.o(.ARM.Collect$$libshutdown$$00000000)
    __rt_lib_shutdown_fp_trap_1              0x08000217   Thumb Code     0  libshutdown2.o(.ARM.Collect$$libshutdown$$00000006)
    __rt_lib_shutdown_heap_1                 0x08000217   Thumb Code     0  libshutdown2.o(.ARM.Collect$$libshutdown$$0000000E)
    __rt_lib_shutdown_return                 0x08000217   Thumb Code     0  libshutdown2.o(.ARM.Collect$$libshutdown$$0000000F)
    __rt_lib_shutdown_signal_1               0x08000217   Thumb Code     0  libshutdown2.o(.ARM.Collect$$libshutdown$$00000009)
    __rt_lib_shutdown_stdio_1                0x08000217   Thumb Code     0  libshutdown2.o(.ARM.Collect$$libshutdown$$00000003)
    __rt_lib_shutdown_user_alloc_1           0x08000217   Thumb Code     0  libshutdown2.o(.ARM.Collect$$libshutdown$$0000000B)
    __rt_entry                               0x08000219   Thumb Code     0  rtentry.o(.ARM.Collect$$rtentry$$00000000)
    __rt_entry_presh_1                       0x08000219   Thumb Code     0  rtentry2.o(.ARM.Collect$$rtentry$$00000002)
    __rt_entry_sh                            0x08000219   Thumb Code     0  rtentry4.o(.ARM.Collect$$rtentry$$00000004)
    __rt_entry_li                            0x0800021f   Thumb Code     0  rtentry2.o(.ARM.Collect$$rtentry$$0000000A)
    __rt_entry_postsh_1                      0x0800021f   Thumb Code     0  rtentry2.o(.ARM.Collect$$rtentry$$00000009)
    __rt_entry_main                          0x08000223   Thumb Code     0  rtentry2.o(.ARM.Collect$$rtentry$$0000000D)
    __rt_entry_postli_1                      0x08000223   Thumb Code     0  rtentry2.o(.ARM.Collect$$rtentry$$0000000C)
    __rt_exit                                0x0800022b   Thumb Code     0  rtexit.o(.ARM.Collect$$rtexit$$00000000)
    __rt_exit_ls                             0x0800022d   Thumb Code     0  rtexit2.o(.ARM.Collect$$rtexit$$00000003)
    __rt_exit_prels_1                        0x0800022d   Thumb Code     0  rtexit2.o(.ARM.Collect$$rtexit$$00000002)
    __rt_exit_exit                           0x08000231   Thumb Code     0  rtexit2.o(.ARM.Collect$$rtexit$$00000004)
    pid_calculate                            0x08000239   Thumb Code   678  main.o(.text)
    main                                     0x080004df   Thumb Code  1248  main.o(.text)
    DCMI_IRQHandler                          0x080009bf   Thumb Code    24  main.o(.text)
    TIM3_IRQHandler                          0x080009d7   Thumb Code   134  main.o(.text)
    NMI_Handler                              0x08000aad   Thumb Code     2  stm32f4xx_it.o(.text)
    HardFault_Handler                        0x08000aaf   Thumb Code     4  stm32f4xx_it.o(.text)
    MemManage_Handler                        0x08000ab3   Thumb Code     4  stm32f4xx_it.o(.text)
    BusFault_Handler                         0x08000ab7   Thumb Code     4  stm32f4xx_it.o(.text)
    UsageFault_Handler                       0x08000abb   Thumb Code     4  stm32f4xx_it.o(.text)
    SVC_Handler                              0x08000abf   Thumb Code     2  stm32f4xx_it.o(.text)
    DebugMon_Handler                         0x08000ac1   Thumb Code     2  stm32f4xx_it.o(.text)
    PendSV_Handler                           0x08000ac3   Thumb Code     2  stm32f4xx_it.o(.text)
    SysTick_Handler                          0x08000ac5   Thumb Code     2  stm32f4xx_it.o(.text)
    SystemInit                               0x08000ba5   Thumb Code    88  system_stm32f4xx.o(.text)
    SystemCoreClockUpdate                    0x08000bfd   Thumb Code   174  system_stm32f4xx.o(.text)
    Reset_Handler                            0x08000cd9   Thumb Code     8  startup_stm32f40_41xxx.o(.text)
    ADC_IRQHandler                           0x08000cf3   Thumb Code     0  startup_stm32f40_41xxx.o(.text)
    CAN1_RX0_IRQHandler                      0x08000cf3   Thumb Code     0  startup_stm32f40_41xxx.o(.text)
    CAN1_RX1_IRQHandler                      0x08000cf3   Thumb Code     0  startup_stm32f40_41xxx.o(.text)
    CAN1_SCE_IRQHandler                      0x08000cf3   Thumb Code     0  startup_stm32f40_41xxx.o(.text)
    CAN1_TX_IRQHandler                       0x08000cf3   Thumb Code     0  startup_stm32f40_41xxx.o(.text)
    CAN2_RX0_IRQHandler                      0x08000cf3   Thumb Code     0  startup_stm32f40_41xxx.o(.text)
    CAN2_RX1_IRQHandler                      0x08000cf3   Thumb Code     0  startup_stm32f40_41xxx.o(.text)
    CAN2_SCE_IRQHandler                      0x08000cf3   Thumb Code     0  startup_stm32f40_41xxx.o(.text)
    CAN2_TX_IRQHandler                       0x08000cf3   Thumb Code     0  startup_stm32f40_41xxx.o(.text)
    CRYP_IRQHandler                          0x08000cf3   Thumb Code     0  startup_stm32f40_41xxx.o(.text)
    DMA1_Stream0_IRQHandler                  0x08000cf3   Thumb Code     0  startup_stm32f40_41xxx.o(.text)
    DMA1_Stream1_IRQHandler                  0x08000cf3   Thumb Code     0  startup_stm32f40_41xxx.o(.text)
    DMA1_Stream2_IRQHandler                  0x08000cf3   Thumb Code     0  startup_stm32f40_41xxx.o(.text)
    DMA1_Stream3_IRQHandler                  0x08000cf3   Thumb Code     0  startup_stm32f40_41xxx.o(.text)
    DMA1_Stream4_IRQHandler                  0x08000cf3   Thumb Code     0  startup_stm32f40_41xxx.o(.text)
    DMA1_Stream5_IRQHandler                  0x08000cf3   Thumb Code     0  startup_stm32f40_41xxx.o(.text)
    DMA1_Stream6_IRQHandler                  0x08000cf3   Thumb Code     0  startup_stm32f40_41xxx.o(.text)
    DMA1_Stream7_IRQHandler                  0x08000cf3   Thumb Code     0  startup_stm32f40_41xxx.o(.text)
    DMA2_Stream0_IRQHandler                  0x08000cf3   Thumb Code     0  startup_stm32f40_41xxx.o(.text)
    DMA2_Stream2_IRQHandler                  0x08000cf3   Thumb Code     0  startup_stm32f40_41xxx.o(.text)
    DMA2_Stream3_IRQHandler                  0x08000cf3   Thumb Code     0  startup_stm32f40_41xxx.o(.text)
    DMA2_Stream4_IRQHandler                  0x08000cf3   Thumb Code     0  startup_stm32f40_41xxx.o(.text)
    DMA2_Stream5_IRQHandler                  0x08000cf3   Thumb Code     0  startup_stm32f40_41xxx.o(.text)
    DMA2_Stream6_IRQHandler                  0x08000cf3   Thumb Code     0  startup_stm32f40_41xxx.o(.text)
    DMA2_Stream7_IRQHandler                  0x08000cf3   Thumb Code     0  startup_stm32f40_41xxx.o(.text)
    ETH_IRQHandler                           0x08000cf3   Thumb Code     0  startup_stm32f40_41xxx.o(.text)
    ETH_WKUP_IRQHandler                      0x08000cf3   Thumb Code     0  startup_stm32f40_41xxx.o(.text)
    EXTI0_IRQHandler                         0x08000cf3   Thumb Code     0  startup_stm32f40_41xxx.o(.text)
    EXTI15_10_IRQHandler                     0x08000cf3   Thumb Code     0  startup_stm32f40_41xxx.o(.text)
    EXTI1_IRQHandler                         0x08000cf3   Thumb Code     0  startup_stm32f40_41xxx.o(.text)
    EXTI2_IRQHandler                         0x08000cf3   Thumb Code     0  startup_stm32f40_41xxx.o(.text)
    EXTI3_IRQHandler                         0x08000cf3   Thumb Code     0  startup_stm32f40_41xxx.o(.text)
    EXTI4_IRQHandler                         0x08000cf3   Thumb Code     0  startup_stm32f40_41xxx.o(.text)
    EXTI9_5_IRQHandler                       0x08000cf3   Thumb Code     0  startup_stm32f40_41xxx.o(.text)
    FLASH_IRQHandler                         0x08000cf3   Thumb Code     0  startup_stm32f40_41xxx.o(.text)
    FPU_IRQHandler                           0x08000cf3   Thumb Code     0  startup_stm32f40_41xxx.o(.text)
    FSMC_IRQHandler                          0x08000cf3   Thumb Code     0  startup_stm32f40_41xxx.o(.text)
    HASH_RNG_IRQHandler                      0x08000cf3   Thumb Code     0  startup_stm32f40_41xxx.o(.text)
    I2C1_ER_IRQHandler                       0x08000cf3   Thumb Code     0  startup_stm32f40_41xxx.o(.text)
    I2C1_EV_IRQHandler                       0x08000cf3   Thumb Code     0  startup_stm32f40_41xxx.o(.text)
    I2C2_ER_IRQHandler                       0x08000cf3   Thumb Code     0  startup_stm32f40_41xxx.o(.text)
    I2C2_EV_IRQHandler                       0x08000cf3   Thumb Code     0  startup_stm32f40_41xxx.o(.text)
    I2C3_ER_IRQHandler                       0x08000cf3   Thumb Code     0  startup_stm32f40_41xxx.o(.text)
    I2C3_EV_IRQHandler                       0x08000cf3   Thumb Code     0  startup_stm32f40_41xxx.o(.text)
    OTG_FS_IRQHandler                        0x08000cf3   Thumb Code     0  startup_stm32f40_41xxx.o(.text)
    OTG_FS_WKUP_IRQHandler                   0x08000cf3   Thumb Code     0  startup_stm32f40_41xxx.o(.text)
    OTG_HS_EP1_IN_IRQHandler                 0x08000cf3   Thumb Code     0  startup_stm32f40_41xxx.o(.text)
    OTG_HS_EP1_OUT_IRQHandler                0x08000cf3   Thumb Code     0  startup_stm32f40_41xxx.o(.text)
    OTG_HS_IRQHandler                        0x08000cf3   Thumb Code     0  startup_stm32f40_41xxx.o(.text)
    OTG_HS_WKUP_IRQHandler                   0x08000cf3   Thumb Code     0  startup_stm32f40_41xxx.o(.text)
    PVD_IRQHandler                           0x08000cf3   Thumb Code     0  startup_stm32f40_41xxx.o(.text)
    RCC_IRQHandler                           0x08000cf3   Thumb Code     0  startup_stm32f40_41xxx.o(.text)
    RTC_Alarm_IRQHandler                     0x08000cf3   Thumb Code     0  startup_stm32f40_41xxx.o(.text)
    RTC_WKUP_IRQHandler                      0x08000cf3   Thumb Code     0  startup_stm32f40_41xxx.o(.text)
    SDIO_IRQHandler                          0x08000cf3   Thumb Code     0  startup_stm32f40_41xxx.o(.text)
    SPI1_IRQHandler                          0x08000cf3   Thumb Code     0  startup_stm32f40_41xxx.o(.text)
    SPI2_IRQHandler                          0x08000cf3   Thumb Code     0  startup_stm32f40_41xxx.o(.text)
    SPI3_IRQHandler                          0x08000cf3   Thumb Code     0  startup_stm32f40_41xxx.o(.text)
    TAMP_STAMP_IRQHandler                    0x08000cf3   Thumb Code     0  startup_stm32f40_41xxx.o(.text)
    TIM1_BRK_TIM9_IRQHandler                 0x08000cf3   Thumb Code     0  startup_stm32f40_41xxx.o(.text)
    TIM1_CC_IRQHandler                       0x08000cf3   Thumb Code     0  startup_stm32f40_41xxx.o(.text)
    TIM1_TRG_COM_TIM11_IRQHandler            0x08000cf3   Thumb Code     0  startup_stm32f40_41xxx.o(.text)
    TIM1_UP_TIM10_IRQHandler                 0x08000cf3   Thumb Code     0  startup_stm32f40_41xxx.o(.text)
    TIM2_IRQHandler                          0x08000cf3   Thumb Code     0  startup_stm32f40_41xxx.o(.text)
    TIM4_IRQHandler                          0x08000cf3   Thumb Code     0  startup_stm32f40_41xxx.o(.text)
    TIM5_IRQHandler                          0x08000cf3   Thumb Code     0  startup_stm32f40_41xxx.o(.text)
    TIM6_DAC_IRQHandler                      0x08000cf3   Thumb Code     0  startup_stm32f40_41xxx.o(.text)
    TIM7_IRQHandler                          0x08000cf3   Thumb Code     0  startup_stm32f40_41xxx.o(.text)
    TIM8_BRK_TIM12_IRQHandler                0x08000cf3   Thumb Code     0  startup_stm32f40_41xxx.o(.text)
    TIM8_CC_IRQHandler                       0x08000cf3   Thumb Code     0  startup_stm32f40_41xxx.o(.text)
    TIM8_TRG_COM_TIM14_IRQHandler            0x08000cf3   Thumb Code     0  startup_stm32f40_41xxx.o(.text)
    TIM8_UP_TIM13_IRQHandler                 0x08000cf3   Thumb Code     0  startup_stm32f40_41xxx.o(.text)
    UART4_IRQHandler                         0x08000cf3   Thumb Code     0  startup_stm32f40_41xxx.o(.text)
    UART5_IRQHandler                         0x08000cf3   Thumb Code     0  startup_stm32f40_41xxx.o(.text)
    USART2_IRQHandler                        0x08000cf3   Thumb Code     0  startup_stm32f40_41xxx.o(.text)
    USART6_IRQHandler                        0x08000cf3   Thumb Code     0  startup_stm32f40_41xxx.o(.text)
    WWDG_IRQHandler                          0x08000cf3   Thumb Code     0  startup_stm32f40_41xxx.o(.text)
    __user_initial_stackheap                 0x08000cf5   Thumb Code     0  startup_stm32f40_41xxx.o(.text)
    NVIC_PriorityGroupConfig                 0x08000d19   Thumb Code    10  misc.o(.text)
    NVIC_Init                                0x08000d23   Thumb Code   106  misc.o(.text)
    NVIC_SetVectorTable                      0x08000d8d   Thumb Code    14  misc.o(.text)
    NVIC_SystemLPConfig                      0x08000d9b   Thumb Code    34  misc.o(.text)
    SysTick_CLKSourceConfig                  0x08000dbd   Thumb Code    40  misc.o(.text)
    DCMI_DeInit                              0x08000df9   Thumb Code    24  stm32f4xx_dcmi.o(.text)
    DCMI_Init                                0x08000e11   Thumb Code    60  stm32f4xx_dcmi.o(.text)
    DCMI_StructInit                          0x08000e4d   Thumb Code    18  stm32f4xx_dcmi.o(.text)
    DCMI_CROPConfig                          0x08000e5f   Thumb Code    26  stm32f4xx_dcmi.o(.text)
    DCMI_CROPCmd                             0x08000e79   Thumb Code    30  stm32f4xx_dcmi.o(.text)
    DCMI_SetEmbeddedSynchroCodes             0x08000e97   Thumb Code    26  stm32f4xx_dcmi.o(.text)
    DCMI_JPEGCmd                             0x08000eb1   Thumb Code    30  stm32f4xx_dcmi.o(.text)
    DCMI_Cmd                                 0x08000ecf   Thumb Code    30  stm32f4xx_dcmi.o(.text)
    DCMI_CaptureCmd                          0x08000eed   Thumb Code    30  stm32f4xx_dcmi.o(.text)
    DCMI_ReadData                            0x08000f0b   Thumb Code     6  stm32f4xx_dcmi.o(.text)
    DCMI_ITConfig                            0x08000f11   Thumb Code    30  stm32f4xx_dcmi.o(.text)
    DCMI_GetFlagStatus                       0x08000f2f   Thumb Code    46  stm32f4xx_dcmi.o(.text)
    DCMI_ClearFlag                           0x08000f5d   Thumb Code     6  stm32f4xx_dcmi.o(.text)
    DCMI_GetITStatus                         0x08000f63   Thumb Code    24  stm32f4xx_dcmi.o(.text)
    DCMI_ClearITPendingBit                   0x08000f7b   Thumb Code     6  stm32f4xx_dcmi.o(.text)
    FSMC_NORSRAMDeInit                       0x08000f85   Thumb Code    54  stm32f4xx_fsmc.o(.text)
    FSMC_NORSRAMInit                         0x08000fbb   Thumb Code   230  stm32f4xx_fsmc.o(.text)
    FSMC_NORSRAMStructInit                   0x080010a1   Thumb Code    48  stm32f4xx_fsmc.o(.text)
    FSMC_NORSRAMCmd                          0x080010d1   Thumb Code    46  stm32f4xx_fsmc.o(.text)
    FSMC_NANDDeInit                          0x080010ff   Thumb Code    62  stm32f4xx_fsmc.o(.text)
    FSMC_NANDInit                            0x0800113d   Thumb Code   132  stm32f4xx_fsmc.o(.text)
    FSMC_NANDStructInit                      0x080011c1   Thumb Code    54  stm32f4xx_fsmc.o(.text)
    FSMC_NANDCmd                             0x080011f7   Thumb Code    86  stm32f4xx_fsmc.o(.text)
    FSMC_NANDECCCmd                          0x0800124d   Thumb Code    86  stm32f4xx_fsmc.o(.text)
    FSMC_GetECC                              0x080012a3   Thumb Code    24  stm32f4xx_fsmc.o(.text)
    FSMC_PCCARDDeInit                        0x080012bb   Thumb Code    36  stm32f4xx_fsmc.o(.text)
    FSMC_PCCARDInit                          0x080012df   Thumb Code   130  stm32f4xx_fsmc.o(.text)
    FSMC_PCCARDStructInit                    0x08001361   Thumb Code    60  stm32f4xx_fsmc.o(.text)
    FSMC_PCCARDCmd                           0x0800139d   Thumb Code    44  stm32f4xx_fsmc.o(.text)
    FSMC_ITConfig                            0x080013c9   Thumb Code   128  stm32f4xx_fsmc.o(.text)
    FSMC_GetFlagStatus                       0x08001449   Thumb Code    54  stm32f4xx_fsmc.o(.text)
    FSMC_ClearFlag                           0x0800147f   Thumb Code    74  stm32f4xx_fsmc.o(.text)
    FSMC_GetITStatus                         0x080014c9   Thumb Code    62  stm32f4xx_fsmc.o(.text)
    FSMC_ClearITPendingBit                   0x08001507   Thumb Code    66  stm32f4xx_fsmc.o(.text)
    GPIO_DeInit                              0x0800154d   Thumb Code   268  stm32f4xx_gpio.o(.text)
    GPIO_Init                                0x08001659   Thumb Code   144  stm32f4xx_gpio.o(.text)
    GPIO_StructInit                          0x080016e9   Thumb Code    18  stm32f4xx_gpio.o(.text)
    GPIO_PinLockConfig                       0x080016fb   Thumb Code    34  stm32f4xx_gpio.o(.text)
    GPIO_ReadInputDataBit                    0x0800171d   Thumb Code    18  stm32f4xx_gpio.o(.text)
    GPIO_ReadInputData                       0x0800172f   Thumb Code     8  stm32f4xx_gpio.o(.text)
    GPIO_ReadOutputDataBit                   0x08001737   Thumb Code    18  stm32f4xx_gpio.o(.text)
    GPIO_ReadOutputData                      0x08001749   Thumb Code     8  stm32f4xx_gpio.o(.text)
    GPIO_SetBits                             0x08001751   Thumb Code     4  stm32f4xx_gpio.o(.text)
    GPIO_ResetBits                           0x08001755   Thumb Code     4  stm32f4xx_gpio.o(.text)
    GPIO_WriteBit                            0x08001759   Thumb Code    10  stm32f4xx_gpio.o(.text)
    GPIO_Write                               0x08001763   Thumb Code     4  stm32f4xx_gpio.o(.text)
    GPIO_ToggleBits                          0x08001767   Thumb Code     8  stm32f4xx_gpio.o(.text)
    GPIO_PinAFConfig                         0x0800176f   Thumb Code    70  stm32f4xx_gpio.o(.text)
    RCC_DeInit                               0x080017e1   Thumb Code    82  stm32f4xx_rcc.o(.text)
    RCC_HSEConfig                            0x08001833   Thumb Code    14  stm32f4xx_rcc.o(.text)
    RCC_GetFlagStatus                        0x08001841   Thumb Code    60  stm32f4xx_rcc.o(.text)
    RCC_WaitForHSEStartUp                    0x0800187d   Thumb Code    56  stm32f4xx_rcc.o(.text)
    RCC_AdjustHSICalibrationValue            0x080018b5   Thumb Code    20  stm32f4xx_rcc.o(.text)
    RCC_HSICmd                               0x080018c9   Thumb Code     6  stm32f4xx_rcc.o(.text)
    RCC_LSEConfig                            0x080018cf   Thumb Code    46  stm32f4xx_rcc.o(.text)
    RCC_LSICmd                               0x080018fd   Thumb Code     6  stm32f4xx_rcc.o(.text)
    RCC_PLLConfig                            0x08001903   Thumb Code    32  stm32f4xx_rcc.o(.text)
    RCC_PLLCmd                               0x08001923   Thumb Code     6  stm32f4xx_rcc.o(.text)
    RCC_PLLI2SConfig                         0x08001929   Thumb Code    14  stm32f4xx_rcc.o(.text)
    RCC_PLLI2SCmd                            0x08001937   Thumb Code     6  stm32f4xx_rcc.o(.text)
    RCC_PLLSAIConfig                         0x0800193d   Thumb Code    20  stm32f4xx_rcc.o(.text)
    RCC_PLLSAICmd                            0x08001951   Thumb Code     6  stm32f4xx_rcc.o(.text)
    RCC_ClockSecuritySystemCmd               0x08001957   Thumb Code     6  stm32f4xx_rcc.o(.text)
    RCC_MCO1Config                           0x0800195d   Thumb Code    28  stm32f4xx_rcc.o(.text)
    RCC_MCO2Config                           0x08001979   Thumb Code    28  stm32f4xx_rcc.o(.text)
    RCC_SYSCLKConfig                         0x08001995   Thumb Code    20  stm32f4xx_rcc.o(.text)
    RCC_GetSYSCLKSource                      0x080019a9   Thumb Code    12  stm32f4xx_rcc.o(.text)
    RCC_HCLKConfig                           0x080019b5   Thumb Code    20  stm32f4xx_rcc.o(.text)
    RCC_PCLK1Config                          0x080019c9   Thumb Code    20  stm32f4xx_rcc.o(.text)
    RCC_PCLK2Config                          0x080019dd   Thumb Code    22  stm32f4xx_rcc.o(.text)
    RCC_GetClocksFreq                        0x080019f3   Thumb Code   222  stm32f4xx_rcc.o(.text)
    RCC_RTCCLKConfig                         0x08001ad1   Thumb Code    54  stm32f4xx_rcc.o(.text)
    RCC_RTCCLKCmd                            0x08001b07   Thumb Code     8  stm32f4xx_rcc.o(.text)
    RCC_BackupResetCmd                       0x08001b0f   Thumb Code     8  stm32f4xx_rcc.o(.text)
    RCC_I2SCLKConfig                         0x08001b17   Thumb Code     6  stm32f4xx_rcc.o(.text)
    RCC_SAIPLLI2SClkDivConfig                0x08001b1d   Thumb Code    26  stm32f4xx_rcc.o(.text)
    RCC_SAIPLLSAIClkDivConfig                0x08001b37   Thumb Code    28  stm32f4xx_rcc.o(.text)
    RCC_SAIBlockACLKConfig                   0x08001b53   Thumb Code    20  stm32f4xx_rcc.o(.text)
    RCC_SAIBlockBCLKConfig                   0x08001b67   Thumb Code    20  stm32f4xx_rcc.o(.text)
    RCC_LTDCCLKDivConfig                     0x08001b7b   Thumb Code    20  stm32f4xx_rcc.o(.text)
    RCC_TIMCLKPresConfig                     0x08001b8f   Thumb Code     6  stm32f4xx_rcc.o(.text)
    RCC_AHB1PeriphClockCmd                   0x08001b95   Thumb Code    34  stm32f4xx_rcc.o(.text)
    RCC_AHB2PeriphClockCmd                   0x08001bb7   Thumb Code    78  stm32f4xx_rcc.o(.text)
    RCC_AHB3PeriphClockCmd                   0x08001c05   Thumb Code    34  stm32f4xx_rcc.o(.text)
    RCC_APB1PeriphClockCmd                   0x08001c27   Thumb Code    34  stm32f4xx_rcc.o(.text)
    RCC_APB2PeriphClockCmd                   0x08001c49   Thumb Code    34  stm32f4xx_rcc.o(.text)
    RCC_AHB1PeriphResetCmd                   0x08001c6b   Thumb Code    34  stm32f4xx_rcc.o(.text)
    RCC_AHB2PeriphResetCmd                   0x08001c8d   Thumb Code    34  stm32f4xx_rcc.o(.text)
    RCC_AHB3PeriphResetCmd                   0x08001caf   Thumb Code    34  stm32f4xx_rcc.o(.text)
    RCC_APB1PeriphResetCmd                   0x08001cd1   Thumb Code    34  stm32f4xx_rcc.o(.text)
    RCC_APB2PeriphResetCmd                   0x08001cf3   Thumb Code    34  stm32f4xx_rcc.o(.text)
    RCC_AHB1PeriphClockLPModeCmd             0x08001d15   Thumb Code    34  stm32f4xx_rcc.o(.text)
    RCC_AHB2PeriphClockLPModeCmd             0x08001d37   Thumb Code    34  stm32f4xx_rcc.o(.text)
    RCC_AHB3PeriphClockLPModeCmd             0x08001d59   Thumb Code    34  stm32f4xx_rcc.o(.text)
    RCC_APB1PeriphClockLPModeCmd             0x08001d7b   Thumb Code    34  stm32f4xx_rcc.o(.text)
    RCC_APB2PeriphClockLPModeCmd             0x08001d9d   Thumb Code    34  stm32f4xx_rcc.o(.text)
    RCC_LSEModeConfig                        0x08001dbf   Thumb Code    40  stm32f4xx_rcc.o(.text)
    RCC_ITConfig                             0x08001de7   Thumb Code    34  stm32f4xx_rcc.o(.text)
    RCC_ClearFlag                            0x08001e09   Thumb Code    18  stm32f4xx_rcc.o(.text)
    RCC_GetITStatus                          0x08001e1b   Thumb Code    22  stm32f4xx_rcc.o(.text)
    RCC_ClearITPendingBit                    0x08001e31   Thumb Code     8  stm32f4xx_rcc.o(.text)
    TIM_DeInit                               0x08001e3d   Thumb Code   346  stm32f4xx_tim.o(.text)
    TIM_TimeBaseInit                         0x08001f97   Thumb Code   104  stm32f4xx_tim.o(.text)
    TIM_TimeBaseStructInit                   0x08001fff   Thumb Code    18  stm32f4xx_tim.o(.text)
    TIM_PrescalerConfig                      0x08002011   Thumb Code     6  stm32f4xx_tim.o(.text)
    TIM_CounterModeConfig                    0x08002017   Thumb Code    18  stm32f4xx_tim.o(.text)
    TIM_SetCounter                           0x08002029   Thumb Code     4  stm32f4xx_tim.o(.text)
    TIM_SetAutoreload                        0x0800202d   Thumb Code     4  stm32f4xx_tim.o(.text)
    TIM_GetCounter                           0x08002031   Thumb Code     6  stm32f4xx_tim.o(.text)
    TIM_GetPrescaler                         0x08002037   Thumb Code     6  stm32f4xx_tim.o(.text)
    TIM_UpdateDisableConfig                  0x0800203d   Thumb Code    24  stm32f4xx_tim.o(.text)
    TIM_UpdateRequestConfig                  0x08002055   Thumb Code    24  stm32f4xx_tim.o(.text)
    TIM_ARRPreloadConfig                     0x0800206d   Thumb Code    24  stm32f4xx_tim.o(.text)
    TIM_SelectOnePulseMode                   0x08002085   Thumb Code    18  stm32f4xx_tim.o(.text)
    TIM_SetClockDivision                     0x08002097   Thumb Code    18  stm32f4xx_tim.o(.text)
    TIM_Cmd                                  0x080020a9   Thumb Code    24  stm32f4xx_tim.o(.text)
    TIM_OC1Init                              0x080020c1   Thumb Code   114  stm32f4xx_tim.o(.text)
    TIM_OC2Init                              0x08002133   Thumb Code   154  stm32f4xx_tim.o(.text)
    TIM_OC3Init                              0x080021cd   Thumb Code   204  stm32f4xx_tim.o(.text)
    TIM_OC4Init                              0x08002299   Thumb Code   112  stm32f4xx_tim.o(.text)
    TIM_OCStructInit                         0x08002309   Thumb Code    20  stm32f4xx_tim.o(.text)
    TIM_SelectOCxM                           0x0800231d   Thumb Code    86  stm32f4xx_tim.o(.text)
    TIM_SetCompare1                          0x08002373   Thumb Code     4  stm32f4xx_tim.o(.text)
    TIM_SetCompare2                          0x08002377   Thumb Code     4  stm32f4xx_tim.o(.text)
    TIM_SetCompare3                          0x0800237b   Thumb Code     4  stm32f4xx_tim.o(.text)
    TIM_SetCompare4                          0x0800237f   Thumb Code     4  stm32f4xx_tim.o(.text)
    TIM_ForcedOC1Config                      0x08002383   Thumb Code    18  stm32f4xx_tim.o(.text)
    TIM_ForcedOC2Config                      0x08002395   Thumb Code    26  stm32f4xx_tim.o(.text)
    TIM_ForcedOC3Config                      0x080023af   Thumb Code    18  stm32f4xx_tim.o(.text)
    TIM_ForcedOC4Config                      0x080023c1   Thumb Code    26  stm32f4xx_tim.o(.text)
    TIM_OC1PreloadConfig                     0x080023db   Thumb Code    18  stm32f4xx_tim.o(.text)
    TIM_OC2PreloadConfig                     0x080023ed   Thumb Code    26  stm32f4xx_tim.o(.text)
    TIM_OC3PreloadConfig                     0x08002407   Thumb Code    18  stm32f4xx_tim.o(.text)
    TIM_OC4PreloadConfig                     0x08002419   Thumb Code    26  stm32f4xx_tim.o(.text)
    TIM_OC1FastConfig                        0x08002433   Thumb Code    18  stm32f4xx_tim.o(.text)
    TIM_OC2FastConfig                        0x08002445   Thumb Code    26  stm32f4xx_tim.o(.text)
    TIM_OC3FastConfig                        0x0800245f   Thumb Code    18  stm32f4xx_tim.o(.text)
    TIM_OC4FastConfig                        0x08002471   Thumb Code    26  stm32f4xx_tim.o(.text)
    TIM_ClearOC1Ref                          0x0800248b   Thumb Code    18  stm32f4xx_tim.o(.text)
    TIM_ClearOC2Ref                          0x0800249d   Thumb Code    24  stm32f4xx_tim.o(.text)
    TIM_ClearOC3Ref                          0x080024b5   Thumb Code    18  stm32f4xx_tim.o(.text)
    TIM_ClearOC4Ref                          0x080024c7   Thumb Code    24  stm32f4xx_tim.o(.text)
    TIM_OC1PolarityConfig                    0x080024df   Thumb Code    18  stm32f4xx_tim.o(.text)
    TIM_OC1NPolarityConfig                   0x080024f1   Thumb Code    18  stm32f4xx_tim.o(.text)
    TIM_OC2PolarityConfig                    0x08002503   Thumb Code    26  stm32f4xx_tim.o(.text)
    TIM_OC2NPolarityConfig                   0x0800251d   Thumb Code    26  stm32f4xx_tim.o(.text)
    TIM_OC3PolarityConfig                    0x08002537   Thumb Code    26  stm32f4xx_tim.o(.text)
    TIM_OC3NPolarityConfig                   0x08002551   Thumb Code    26  stm32f4xx_tim.o(.text)
    TIM_OC4PolarityConfig                    0x0800256b   Thumb Code    26  stm32f4xx_tim.o(.text)
    TIM_CCxCmd                               0x08002585   Thumb Code    30  stm32f4xx_tim.o(.text)
    TIM_CCxNCmd                              0x080025a3   Thumb Code    30  stm32f4xx_tim.o(.text)
    TIM_SetIC4Prescaler                      0x080025c1   Thumb Code    26  stm32f4xx_tim.o(.text)
    TIM_SetIC3Prescaler                      0x0800262b   Thumb Code    18  stm32f4xx_tim.o(.text)
    TIM_SetIC2Prescaler                      0x08002685   Thumb Code    26  stm32f4xx_tim.o(.text)
    TIM_SetIC1Prescaler                      0x080026f9   Thumb Code    18  stm32f4xx_tim.o(.text)
    TIM_ICInit                               0x08002745   Thumb Code   110  stm32f4xx_tim.o(.text)
    TIM_ICStructInit                         0x080027b3   Thumb Code    18  stm32f4xx_tim.o(.text)
    TIM_PWMIConfig                           0x080027c5   Thumb Code   124  stm32f4xx_tim.o(.text)
    TIM_GetCapture1                          0x08002841   Thumb Code     6  stm32f4xx_tim.o(.text)
    TIM_GetCapture2                          0x08002847   Thumb Code     6  stm32f4xx_tim.o(.text)
    TIM_GetCapture3                          0x0800284d   Thumb Code     6  stm32f4xx_tim.o(.text)
    TIM_GetCapture4                          0x08002853   Thumb Code     6  stm32f4xx_tim.o(.text)
    TIM_BDTRConfig                           0x08002859   Thumb Code    32  stm32f4xx_tim.o(.text)
    TIM_BDTRStructInit                       0x08002879   Thumb Code    18  stm32f4xx_tim.o(.text)
    TIM_CtrlPWMOutputs                       0x0800288b   Thumb Code    30  stm32f4xx_tim.o(.text)
    TIM_SelectCOM                            0x080028a9   Thumb Code    24  stm32f4xx_tim.o(.text)
    TIM_CCPreloadControl                     0x080028c1   Thumb Code    24  stm32f4xx_tim.o(.text)
    TIM_ITConfig                             0x080028d9   Thumb Code    18  stm32f4xx_tim.o(.text)
    TIM_GenerateEvent                        0x080028eb   Thumb Code     4  stm32f4xx_tim.o(.text)
    TIM_GetFlagStatus                        0x080028ef   Thumb Code    18  stm32f4xx_tim.o(.text)
    TIM_ClearFlag                            0x08002901   Thumb Code     6  stm32f4xx_tim.o(.text)
    TIM_GetITStatus                          0x08002907   Thumb Code    34  stm32f4xx_tim.o(.text)
    TIM_ClearITPendingBit                    0x08002929   Thumb Code     6  stm32f4xx_tim.o(.text)
    TIM_DMAConfig                            0x0800292f   Thumb Code    10  stm32f4xx_tim.o(.text)
    TIM_DMACmd                               0x08002939   Thumb Code    18  stm32f4xx_tim.o(.text)
    TIM_SelectCCDMA                          0x0800294b   Thumb Code    24  stm32f4xx_tim.o(.text)
    TIM_InternalClockConfig                  0x08002963   Thumb Code    12  stm32f4xx_tim.o(.text)
    TIM_SelectInputTrigger                   0x0800296f   Thumb Code    18  stm32f4xx_tim.o(.text)
    TIM_ITRxExternalClockConfig              0x08002981   Thumb Code    24  stm32f4xx_tim.o(.text)
    TIM_TIxExternalClockConfig               0x08002999   Thumb Code    62  stm32f4xx_tim.o(.text)
    TIM_ETRConfig                            0x080029d7   Thumb Code    28  stm32f4xx_tim.o(.text)
    TIM_ETRClockMode1Config                  0x080029f3   Thumb Code    54  stm32f4xx_tim.o(.text)
    TIM_ETRClockMode2Config                  0x08002a29   Thumb Code    32  stm32f4xx_tim.o(.text)
    TIM_SelectOutputTrigger                  0x08002a49   Thumb Code    18  stm32f4xx_tim.o(.text)
    TIM_SelectSlaveMode                      0x08002a5b   Thumb Code    18  stm32f4xx_tim.o(.text)
    TIM_SelectMasterSlaveMode                0x08002a6d   Thumb Code    18  stm32f4xx_tim.o(.text)
    TIM_EncoderInterfaceConfig               0x08002a7f   Thumb Code    66  stm32f4xx_tim.o(.text)
    TIM_SelectHallSensor                     0x08002ac1   Thumb Code    24  stm32f4xx_tim.o(.text)
    TIM_RemapConfig                          0x08002ad9   Thumb Code     6  stm32f4xx_tim.o(.text)
    USART_DeInit                             0x08002ae1   Thumb Code   206  stm32f4xx_usart.o(.text)
    USART_Init                               0x08002baf   Thumb Code   204  stm32f4xx_usart.o(.text)
    USART_StructInit                         0x08002c7b   Thumb Code    24  stm32f4xx_usart.o(.text)
    USART_ClockInit                          0x08002c93   Thumb Code    32  stm32f4xx_usart.o(.text)
    USART_ClockStructInit                    0x08002cb3   Thumb Code    12  stm32f4xx_usart.o(.text)
    USART_Cmd                                0x08002cbf   Thumb Code    24  stm32f4xx_usart.o(.text)
    USART_SetPrescaler                       0x08002cd7   Thumb Code    16  stm32f4xx_usart.o(.text)
    USART_OverSampling8Cmd                   0x08002ce7   Thumb Code    22  stm32f4xx_usart.o(.text)
    USART_OneBitMethodCmd                    0x08002cfd   Thumb Code    24  stm32f4xx_usart.o(.text)
    USART_SendData                           0x08002d15   Thumb Code     8  stm32f4xx_usart.o(.text)
    USART_ReceiveData                        0x08002d1d   Thumb Code    10  stm32f4xx_usart.o(.text)
    USART_SetAddress                         0x08002d27   Thumb Code    18  stm32f4xx_usart.o(.text)
    USART_ReceiverWakeUpCmd                  0x08002d39   Thumb Code    24  stm32f4xx_usart.o(.text)
    USART_WakeUpConfig                       0x08002d51   Thumb Code    18  stm32f4xx_usart.o(.text)
    USART_LINBreakDetectLengthConfig         0x08002d63   Thumb Code    18  stm32f4xx_usart.o(.text)
    USART_LINCmd                             0x08002d75   Thumb Code    24  stm32f4xx_usart.o(.text)
    USART_SendBreak                          0x08002d8d   Thumb Code    10  stm32f4xx_usart.o(.text)
    USART_HalfDuplexCmd                      0x08002d97   Thumb Code    24  stm32f4xx_usart.o(.text)
    USART_SetGuardTime                       0x08002daf   Thumb Code    16  stm32f4xx_usart.o(.text)
    USART_SmartCardCmd                       0x08002dbf   Thumb Code    24  stm32f4xx_usart.o(.text)
    USART_SmartCardNACKCmd                   0x08002dd7   Thumb Code    24  stm32f4xx_usart.o(.text)
    USART_IrDAConfig                         0x08002def   Thumb Code    18  stm32f4xx_usart.o(.text)
    USART_IrDACmd                            0x08002e01   Thumb Code    24  stm32f4xx_usart.o(.text)
    USART_DMACmd                             0x08002e19   Thumb Code    18  stm32f4xx_usart.o(.text)
    USART_ITConfig                           0x08002e2b   Thumb Code    74  stm32f4xx_usart.o(.text)
    USART_GetFlagStatus                      0x08002e75   Thumb Code    26  stm32f4xx_usart.o(.text)
    USART_ClearFlag                          0x08002e8f   Thumb Code    18  stm32f4xx_usart.o(.text)
    USART_GetITStatus                        0x08002ea1   Thumb Code   118  stm32f4xx_usart.o(.text)
    USART_ClearITPendingBit                  0x08002f17   Thumb Code    30  stm32f4xx_usart.o(.text)
    DMA_DeInit                               0x08002f35   Thumb Code   324  stm32f4xx_dma.o(.text)
    DMA_Init                                 0x08003079   Thumb Code    82  stm32f4xx_dma.o(.text)
    DMA_StructInit                           0x080030cb   Thumb Code    34  stm32f4xx_dma.o(.text)
    DMA_Cmd                                  0x080030ed   Thumb Code    22  stm32f4xx_dma.o(.text)
    DMA_PeriphIncOffsetSizeConfig            0x08003103   Thumb Code    22  stm32f4xx_dma.o(.text)
    DMA_FlowControllerConfig                 0x08003119   Thumb Code    22  stm32f4xx_dma.o(.text)
    DMA_SetCurrDataCounter                   0x0800312f   Thumb Code     4  stm32f4xx_dma.o(.text)
    DMA_GetCurrDataCounter                   0x08003133   Thumb Code     8  stm32f4xx_dma.o(.text)
    DMA_DoubleBufferModeConfig               0x0800313b   Thumb Code    24  stm32f4xx_dma.o(.text)
    DMA_DoubleBufferModeCmd                  0x08003153   Thumb Code    22  stm32f4xx_dma.o(.text)
    DMA_MemoryTargetConfig                   0x08003169   Thumb Code    10  stm32f4xx_dma.o(.text)
    DMA_GetCurrentMemoryTarget               0x08003173   Thumb Code    20  stm32f4xx_dma.o(.text)
    DMA_GetCmdStatus                         0x08003187   Thumb Code    20  stm32f4xx_dma.o(.text)
    DMA_GetFIFOStatus                        0x0800319b   Thumb Code    12  stm32f4xx_dma.o(.text)
    DMA_GetFlagStatus                        0x080031a7   Thumb Code    56  stm32f4xx_dma.o(.text)
    DMA_ClearFlag                            0x080031df   Thumb Code    40  stm32f4xx_dma.o(.text)
    DMA_ITConfig                             0x08003207   Thumb Code    58  stm32f4xx_dma.o(.text)
    DMA_GetITStatus                          0x08003241   Thumb Code    84  stm32f4xx_dma.o(.text)
    DMA_ClearITPendingBit                    0x08003295   Thumb Code    40  stm32f4xx_dma.o(.text)
    delay_init                               0x080032dd   Thumb Code    52  delay.o(.text)
    delay_us                                 0x08003311   Thumb Code    72  delay.o(.text)
    delay_xms                                0x08003359   Thumb Code    72  delay.o(.text)
    delay_ms                                 0x080033a1   Thumb Code    56  delay.o(.text)
    _sys_exit                                0x080033e1   Thumb Code     6  usart.o(.text)
    fputc                                    0x080033e7   Thumb Code    22  usart.o(.text)
    uart_init                                0x080033fd   Thumb Code   164  usart.o(.text)
    USART1_IRQHandler                        0x080034a1   Thumb Code   122  usart.o(.text)
    motor_init                               0x0800352d   Thumb Code   192  motor.o(.text)
    set_angle                                0x080035ed   Thumb Code    92  motor.o(.text)
    LCD_WR_REG                               0x08003661   Thumb Code    18  lcd.o(.text)
    LCD_WR_DATA                              0x08003673   Thumb Code    20  lcd.o(.text)
    LCD_RD_DATA                              0x08003687   Thumb Code    16  lcd.o(.text)
    LCD_WriteReg                             0x08003697   Thumb Code    10  lcd.o(.text)
    LCD_ReadReg                              0x080036a1   Thumb Code    22  lcd.o(.text)
    LCD_WriteRAM_Prepare                     0x080036b7   Thumb Code    10  lcd.o(.text)
    LCD_WriteRAM                             0x080036c1   Thumb Code     8  lcd.o(.text)
    LCD_BGR2RGB                              0x080036c9   Thumb Code    26  lcd.o(.text)
    opt_delay                                0x080036e3   Thumb Code    14  lcd.o(.text)
    LCD_SetCursor                            0x080036f1   Thumb Code   418  lcd.o(.text)
    LCD_ReadPoint                            0x08003893   Thumb Code   360  lcd.o(.text)
    LCD_DisplayOn                            0x080039fb   Thumb Code   102  lcd.o(.text)
    LCD_DisplayOff                           0x08003a61   Thumb Code    90  lcd.o(.text)
    LCD_Scan_Dir                             0x08003abb   Thumb Code   744  lcd.o(.text)
    LCD_DrawPoint                            0x08003da3   Thumb Code    28  lcd.o(.text)
    LCD_Fast_DrawPoint                       0x08003dbf   Thumb Code   384  lcd.o(.text)
    LCD_SSD_BackLightSet                     0x08003f3f   Thumb Code    88  lcd.o(.text)
    LCD_Display_Dir                          0x08003f97   Thumb Code   444  lcd.o(.text)
    LCD_Set_Window                           0x08004153   Thumb Code   544  lcd.o(.text)
    LCD_Clear                                0x08004373   Thumb Code   100  lcd.o(.text)
    LCD_Init                                 0x080043d7   Thumb Code 14690  lcd.o(.text)
    LCD_Fill                                 0x08007d39   Thumb Code   178  lcd.o(.text)
    LCD_Color_Fill                           0x08007deb   Thumb Code   106  lcd.o(.text)
    LCD_DrawLine                             0x08007e55   Thumb Code   176  lcd.o(.text)
    LCD_DrawRectangle                        0x08007f05   Thumb Code    60  lcd.o(.text)
    LCD_Draw_Circle                          0x08007f41   Thumb Code   152  lcd.o(.text)
    LCD_ShowChar                             0x08007fd9   Thumb Code   272  lcd.o(.text)
    LCD_Pow                                  0x080080e9   Thumb Code    22  lcd.o(.text)
    LCD_ShowNum                              0x080080ff   Thumb Code   148  lcd.o(.text)
    LCD_ShowxNum                             0x08008193   Thumb Code   220  lcd.o(.text)
    LCD_ShowString                           0x0800826f   Thumb Code   102  lcd.o(.text)
    DCMI_DMA_Init                            0x080082d5   Thumb Code   172  dcmi.o(.text)
    DMA2_Stream1_IRQHandler                  0x08008381   Thumb Code    30  dcmi.o(.text)
    My_DCMI_Init                             0x0800839f   Thumb Code   280  dcmi.o(.text)
    DCMI_Start                               0x080084b7   Thumb Code    30  dcmi.o(.text)
    DCMI_Stop                                0x080084d5   Thumb Code    34  dcmi.o(.text)
    DCMI_Set_Window                          0x080084f7   Thumb Code    74  dcmi.o(.text)
    DCMI_CR_Set                              0x08008541   Thumb Code    58  dcmi.o(.text)
    SCCB_Init                                0x080085a1   Thumb Code    78  sccb.o(.text)
    SCCB_Start                               0x080085ef   Thumb Code    42  sccb.o(.text)
    SCCB_Stop                                0x08008619   Thumb Code    42  sccb.o(.text)
    SCCB_No_Ack                              0x08008643   Thumb Code    56  sccb.o(.text)
    SCCB_WR_Byte                             0x0800867b   Thumb Code   154  sccb.o(.text)
    SCCB_RD_Byte                             0x08008715   Thumb Code   104  sccb.o(.text)
    SCCB_WR_Reg                              0x0800877d   Thumb Code    62  sccb.o(.text)
    SCCB_RD_Reg                              0x080087bb   Thumb Code    78  sccb.o(.text)
    OV2640_Init                              0x08008815   Thumb Code   226  ov2640.o(.text)
    OV2640_JPEG_Mode                         0x080088f7   Thumb Code    66  ov2640.o(.text)
    OV2640_RGB565_Mode                       0x08008939   Thumb Code    36  ov2640.o(.text)
    OV2640_Auto_Exposure                     0x0800895d   Thumb Code    40  ov2640.o(.text)
    OV2640_Light_Mode                        0x08008985   Thumb Code   118  ov2640.o(.text)
    OV2640_Color_Saturation                  0x080089fb   Thumb Code    64  ov2640.o(.text)
    OV2640_Brightness                        0x08008a3b   Thumb Code    56  ov2640.o(.text)
    OV2640_Contrast                          0x08008a73   Thumb Code   116  ov2640.o(.text)
    OV2640_Special_Effects                   0x08008ae7   Thumb Code   122  ov2640.o(.text)
    OV2640_Color_Bar                         0x08008b61   Thumb Code    40  ov2640.o(.text)
    OV2640_Window_Set                        0x08008b89   Thumb Code   196  ov2640.o(.text)
    OV2640_OutSize_Set                       0x08008c4d   Thumb Code   136  ov2640.o(.text)
    OV2640_ImageWin_Set                      0x08008cd5   Thumb Code   188  ov2640.o(.text)
    OV2640_ImageSize_Set                     0x08008d91   Thumb Code    80  ov2640.o(.text)
    pid_init                                 0x08008de1   Thumb Code   116  pid.o(.text)
    TIM3_init                                0x08008e55   Thumb Code   104  pid.o(.text)
    usart3_init                              0x08008ec9   Thumb Code   164  usart3.o(.text)
    USART3_IRQHandler                        0x08008f6d   Thumb Code   810  usart3.o(.text)
    sys_init                                 0x080092d9   Thumb Code   900  init.o(.text)
    BEEP_Init                                0x080096ad   Thumb Code    56  beep.o(.text)
    __use_no_semihosting                     0x080096ed   Thumb Code     2  use_no_semi_2.o(.text)
    __2printf                                0x080096f1   Thumb Code    20  noretval__2printf.o(.text)
    __printf                                 0x08009709   Thumb Code   104  __printf.o(.text)
    _printf_int_dec                          0x08009771   Thumb Code   100  _printf_dec.o(.text)
    _printf_int_hex                          0x080097e5   Thumb Code    84  _printf_hex_int.o(.text)
    _printf_longlong_hex                     0x080097e5   Thumb Code     0  _printf_hex_int.o(.text)
    __aeabi_memclr                           0x0800983d   Thumb Code     0  rt_memclr.o(.text)
    __rt_memclr                              0x0800983d   Thumb Code    68  rt_memclr.o(.text)
    _memset                                  0x08009841   Thumb Code     0  rt_memclr.o(.text)
    __aeabi_memclr4                          0x08009881   Thumb Code     0  rt_memclr_w.o(.text)
    __aeabi_memclr8                          0x08009881   Thumb Code     0  rt_memclr_w.o(.text)
    __rt_memclr_w                            0x08009881   Thumb Code    78  rt_memclr_w.o(.text)
    _memset_w                                0x08009885   Thumb Code     0  rt_memclr_w.o(.text)
    __use_two_region_memory                  0x080098cf   Thumb Code     2  heapauxi.o(.text)
    __rt_heap_escrow$2region                 0x080098d1   Thumb Code     2  heapauxi.o(.text)
    __rt_heap_expand$2region                 0x080098d3   Thumb Code     2  heapauxi.o(.text)
    __I$use$semihosting                      0x080098d5   Thumb Code     0  use_no_semi.o(.text)
    __use_no_semihosting_swi                 0x080098d5   Thumb Code     2  use_no_semi.o(.text)
    _printf_int_common                       0x080098d7   Thumb Code   178  _printf_intcommon.o(.text)
    _printf_char_file                        0x08009989   Thumb Code    32  _printf_char_file.o(.text)
    _printf_char_common                      0x080099b7   Thumb Code    32  _printf_char_common.o(.text)
    ferror                                   0x080099dd   Thumb Code     8  ferror.o(.text)
    __user_setup_stackheap                   0x080099e5   Thumb Code    74  sys_stackheap_outer.o(.text)
    exit                                     0x08009a2f   Thumb Code    12  exit.o(.text)
    __user_libspace                          0x08009a3d   Thumb Code     8  libspace.o(.text)
    __user_perproc_libspace                  0x08009a3d   Thumb Code     0  libspace.o(.text)
    __user_perthread_libspace                0x08009a3d   Thumb Code     0  libspace.o(.text)
    __aeabi_d2f                              0x08009a45   Thumb Code     0  d2f.o(x$fpl$d2f)
    _d2f                                     0x08009a45   Thumb Code    98  d2f.o(x$fpl$d2f)
    __aeabi_dadd                             0x08009aa9   Thumb Code     0  daddsub_clz.o(x$fpl$dadd)
    _dadd                                    0x08009aa9   Thumb Code   332  daddsub_clz.o(x$fpl$dadd)
    __aeabi_d2uiz                            0x08009bf9   Thumb Code     0  dfixu.o(x$fpl$dfixu)
    _dfixu                                   0x08009bf9   Thumb Code    90  dfixu.o(x$fpl$dfixu)
    __aeabi_i2d                              0x08009c53   Thumb Code     0  dflt_clz.o(x$fpl$dflt)
    _dflt                                    0x08009c53   Thumb Code    46  dflt_clz.o(x$fpl$dflt)
    __aeabi_ui2d                             0x08009c81   Thumb Code     0  dflt_clz.o(x$fpl$dfltu)
    _dfltu                                   0x08009c81   Thumb Code    38  dflt_clz.o(x$fpl$dfltu)
    __aeabi_dmul                             0x08009ca9   Thumb Code     0  dmul.o(x$fpl$dmul)
    _dmul                                    0x08009ca9   Thumb Code   332  dmul.o(x$fpl$dmul)
    __fpl_dnaninf                            0x08009dfd   Thumb Code   156  dnaninf.o(x$fpl$dnaninf)
    __fpl_dretinf                            0x08009e99   Thumb Code    12  dretinf.o(x$fpl$dretinf)
    __aeabi_dsub                             0x08009ea5   Thumb Code     0  daddsub_clz.o(x$fpl$dsub)
    _dsub                                    0x08009ea5   Thumb Code   464  daddsub_clz.o(x$fpl$dsub)
    _fp_init                                 0x0800a079   Thumb Code    10  fpinit.o(x$fpl$fpinit)
    __fplib_config_fpu_vfp                   0x0800a081   Thumb Code     0  fpinit.o(x$fpl$fpinit)
    __fplib_config_pureend_doubles           0x0800a081   Thumb Code     0  fpinit.o(x$fpl$fpinit)
    __fpl_fretinf                            0x0800a083   Thumb Code    10  fretinf.o(x$fpl$fretinf)
    FSMC_DefaultTimingStruct                 0x0800a08c   Data          28  stm32f4xx_fsmc.o(.constdata)
    __I$use$fp                               0x0800a08c   Number         0  usenofp.o(x$fpl$usenofp)
    asc2_1206                                0x0800a0a8   Data        1140  lcd.o(.constdata)
    asc2_1608                                0x0800a51c   Data        1520  lcd.o(.constdata)
    asc2_2412                                0x0800ab0c   Data        3420  lcd.o(.constdata)
    ov2640_qqvga_init_reg_tbl                0x0800b868   Data         656  ov2640.o(.constdata)
    ov2640_sxga_init_reg_tbl                 0x0800baf8   Data         356  ov2640.o(.constdata)
    ov2640_svga_init_reg_tbl                 0x0800bc5c   Data         354  ov2640.o(.constdata)
    ov2640_jpeg_reg_tbl                      0x0800bdbe   Data          14  ov2640.o(.constdata)
    ov2640_rgb565_reg_tbl                    0x0800bdcc   Data          28  ov2640.o(.constdata)
    ov2640_yuv422_reg_tbl                    0x0800bde8   Data          16  ov2640.o(.constdata)
    Region$$Table$$Base                      0x0800be48   Number         0  anon$$obj.o(Region$$Table)
    Region$$Table$$Limit                     0x0800be68   Number         0  anon$$obj.o(Region$$Table)
    displayMode                              0x20000000   Data           4  main.o(.data)
    gray                                     0x20000004   Data           2  main.o(.data)
    success                                  0x20000008   Data           4  main.o(.data)
    aim_routine                              0x2000000c   Data         180  main.o(.data)
    Task_index                               0x200000c0   Data           4  main.o(.data)
    aim_index                                0x200000c4   Data           4  main.o(.data)
    have_ball                                0x200000c8   Data           1  main.o(.data)
    PWM_X                                    0x200000cc   Data           4  main.o(.data)
    PWM_Y                                    0x200000d0   Data           4  main.o(.data)
    ov_frame_flag                            0x200000d4   Data           1  main.o(.data)
    ov_frame                                 0x200000d5   Data           1  main.o(.data)
    success_enable_timing                    0x200000d6   Data           1  main.o(.data)
    success_timeout                          0x200000d7   Data           1  main.o(.data)
    success_timing                           0x200000d8   Data           1  main.o(.data)
    task_time                                0x200000d9   Data           1  main.o(.data)
    on_task                                  0x200000da   Data           1  main.o(.data)
    SystemCoreClock                          0x200000dc   Data           4  system_stm32f4xx.o(.data)
    AHBPrescTable                            0x200000e0   Data          16  system_stm32f4xx.o(.data)
    __stdout                                 0x20000104   Data           4  usart.o(.data)
    USART_RX_STA                             0x20000108   Data           2  usart.o(.data)
    POINT_COLOR                              0x2000010a   Data           2  lcd.o(.data)
    BACK_COLOR                               0x2000010c   Data           2  lcd.o(.data)
    dcmi_rx_callback                         0x20000110   Data           4  dcmi.o(.data)
    USART3_RX_STA                            0x20000114   Data           2  usart3.o(.data)
    rgb_buf                                  0x20000118   Data       58016  main.o(.bss)
    Aim                                      0x2000e3b8   Data         640  main.o(.bss)
    PWM_init_X                               0x2000e638   Data          80  main.o(.bss)
    PWM_init_Y                               0x2000e688   Data          80  main.o(.bss)
    pid_X                                    0x2000e6d8   Data          84  main.o(.bss)
    pid_Y                                    0x2000e72c   Data          84  main.o(.bss)
    USART_RX_BUF                             0x2000e780   Data         200  usart.o(.bss)
    lcddev                                   0x2000e848   Data          14  lcd.o(.bss)
    DCMI_InitStructure                       0x2000e856   Data          14  dcmi.o(.bss)
    USART3_RX_BUF                            0x2000e864   Data          20  usart3.o(.bss)
    __libspace_start                         0x2000e878   Data          96  libspace.o(.bss)
    __temporary_stack_top$libspace           0x2000e8d8   Data           0  libspace.o(.bss)



==============================================================================

Memory Map of the image

  Image Entry point : 0x08000189

  Load Region LR_IROM1 (Base: 0x08000000, Size: 0x0000bf80, Max: 0x00100000, ABSOLUTE)

    Execution Region ER_IROM1 (Base: 0x08000000, Size: 0x0000be68, Max: 0x00100000, ABSOLUTE)

    Base Addr    Size         Type   Attr      Idx    E Section Name        Object

    0x08000000   0x00000188   Data   RO          229    RESET               startup_stm32f40_41xxx.o
    0x08000188   0x00000008   Code   RO          909  * !!!main             c_w.l(__main.o)
    0x08000190   0x00000034   Code   RO         1101    !!!scatter          c_w.l(__scatter.o)
    0x080001c4   0x0000001a   Code   RO         1103    !!handler_copy      c_w.l(__scatter_copy.o)
    0x080001de   0x00000002   PAD
    0x080001e0   0x0000001c   Code   RO         1105    !!handler_zi        c_w.l(__scatter_zi.o)
    0x080001fc   0x00000000   Code   RO          902    .ARM.Collect$$_printf_percent$$00000000  c_w.l(_printf_percent.o)
    0x080001fc   0x00000006   Code   RO          901    .ARM.Collect$$_printf_percent$$00000009  c_w.l(_printf_d.o)
    0x08000202   0x00000006   Code   RO          900    .ARM.Collect$$_printf_percent$$0000000C  c_w.l(_printf_x.o)
    0x08000208   0x00000004   Code   RO          938    .ARM.Collect$$_printf_percent$$00000017  c_w.l(_printf_percent_end.o)
    0x0800020c   0x00000002   Code   RO          978    .ARM.Collect$$libinit$$00000000  c_w.l(libinit.o)
    0x0800020e   0x00000004   Code   RO          984    .ARM.Collect$$libinit$$00000001  c_w.l(libinit2.o)
    0x08000212   0x00000000   Code   RO          988    .ARM.Collect$$libinit$$00000008  c_w.l(libinit2.o)
    0x08000212   0x00000000   Code   RO          990    .ARM.Collect$$libinit$$0000000A  c_w.l(libinit2.o)
    0x08000212   0x00000000   Code   RO          992    .ARM.Collect$$libinit$$0000000C  c_w.l(libinit2.o)
    0x08000212   0x00000000   Code   RO          995    .ARM.Collect$$libinit$$0000000F  c_w.l(libinit2.o)
    0x08000212   0x00000000   Code   RO          997    .ARM.Collect$$libinit$$00000011  c_w.l(libinit2.o)
    0x08000212   0x00000000   Code   RO          999    .ARM.Collect$$libinit$$00000013  c_w.l(libinit2.o)
    0x08000212   0x00000000   Code   RO         1001    .ARM.Collect$$libinit$$00000015  c_w.l(libinit2.o)
    0x08000212   0x00000000   Code   RO         1003    .ARM.Collect$$libinit$$00000017  c_w.l(libinit2.o)
    0x08000212   0x00000000   Code   RO         1005    .ARM.Collect$$libinit$$00000019  c_w.l(libinit2.o)
    0x08000212   0x00000000   Code   RO         1007    .ARM.Collect$$libinit$$0000001B  c_w.l(libinit2.o)
    0x08000212   0x00000000   Code   RO         1009    .ARM.Collect$$libinit$$0000001D  c_w.l(libinit2.o)
    0x08000212   0x00000000   Code   RO         1011    .ARM.Collect$$libinit$$0000001F  c_w.l(libinit2.o)
    0x08000212   0x00000000   Code   RO         1013    .ARM.Collect$$libinit$$00000021  c_w.l(libinit2.o)
    0x08000212   0x00000000   Code   RO         1015    .ARM.Collect$$libinit$$00000023  c_w.l(libinit2.o)
    0x08000212   0x00000000   Code   RO         1019    .ARM.Collect$$libinit$$0000002A  c_w.l(libinit2.o)
    0x08000212   0x00000000   Code   RO         1021    .ARM.Collect$$libinit$$0000002C  c_w.l(libinit2.o)
    0x08000212   0x00000000   Code   RO         1023    .ARM.Collect$$libinit$$0000002E  c_w.l(libinit2.o)
    0x08000212   0x00000000   Code   RO         1025    .ARM.Collect$$libinit$$00000030  c_w.l(libinit2.o)
    0x08000212   0x00000002   Code   RO         1026    .ARM.Collect$$libinit$$00000031  c_w.l(libinit2.o)
    0x08000214   0x00000002   Code   RO         1044    .ARM.Collect$$libshutdown$$00000000  c_w.l(libshutdown.o)
    0x08000216   0x00000000   Code   RO         1055    .ARM.Collect$$libshutdown$$00000003  c_w.l(libshutdown2.o)
    0x08000216   0x00000000   Code   RO         1058    .ARM.Collect$$libshutdown$$00000006  c_w.l(libshutdown2.o)
    0x08000216   0x00000000   Code   RO         1061    .ARM.Collect$$libshutdown$$00000009  c_w.l(libshutdown2.o)
    0x08000216   0x00000000   Code   RO         1063    .ARM.Collect$$libshutdown$$0000000B  c_w.l(libshutdown2.o)
    0x08000216   0x00000000   Code   RO         1066    .ARM.Collect$$libshutdown$$0000000E  c_w.l(libshutdown2.o)
    0x08000216   0x00000002   Code   RO         1067    .ARM.Collect$$libshutdown$$0000000F  c_w.l(libshutdown2.o)
    0x08000218   0x00000000   Code   RO          933    .ARM.Collect$$rtentry$$00000000  c_w.l(rtentry.o)
    0x08000218   0x00000000   Code   RO          947    .ARM.Collect$$rtentry$$00000002  c_w.l(rtentry2.o)
    0x08000218   0x00000006   Code   RO          959    .ARM.Collect$$rtentry$$00000004  c_w.l(rtentry4.o)
    0x0800021e   0x00000000   Code   RO          949    .ARM.Collect$$rtentry$$00000009  c_w.l(rtentry2.o)
    0x0800021e   0x00000004   Code   RO          950    .ARM.Collect$$rtentry$$0000000A  c_w.l(rtentry2.o)
    0x08000222   0x00000000   Code   RO          952    .ARM.Collect$$rtentry$$0000000C  c_w.l(rtentry2.o)
    0x08000222   0x00000008   Code   RO          953    .ARM.Collect$$rtentry$$0000000D  c_w.l(rtentry2.o)
    0x0800022a   0x00000002   Code   RO          982    .ARM.Collect$$rtexit$$00000000  c_w.l(rtexit.o)
    0x0800022c   0x00000000   Code   RO         1028    .ARM.Collect$$rtexit$$00000002  c_w.l(rtexit2.o)
    0x0800022c   0x00000004   Code   RO         1029    .ARM.Collect$$rtexit$$00000003  c_w.l(rtexit2.o)
    0x08000230   0x00000006   Code   RO         1030    .ARM.Collect$$rtexit$$00000004  c_w.l(rtexit2.o)
    0x08000236   0x00000002   PAD
    0x08000238   0x00000874   Code   RO            3    .text               main.o
    0x08000aac   0x0000001a   Code   RO          180    .text               stm32f4xx_it.o
    0x08000ac6   0x00000002   PAD
    0x08000ac8   0x00000210   Code   RO          203    .text               system_stm32f4xx.o
    0x08000cd8   0x00000040   Code   RO          230    .text               startup_stm32f40_41xxx.o
    0x08000d18   0x000000e0   Code   RO          236    .text               misc.o
    0x08000df8   0x0000018c   Code   RO          322    .text               stm32f4xx_dcmi.o
    0x08000f84   0x000005c8   Code   RO          362    .text               stm32f4xx_fsmc.o
    0x0800154c   0x00000294   Code   RO          385    .text               stm32f4xx_gpio.o
    0x080017e0   0x0000065c   Code   RO          448    .text               stm32f4xx_rcc.o
    0x08001e3c   0x00000ca2   Code   RO          490    .text               stm32f4xx_tim.o
    0x08002ade   0x00000002   PAD
    0x08002ae0   0x00000454   Code   RO          510    .text               stm32f4xx_usart.o
    0x08002f34   0x000003a8   Code   RO          530    .text               stm32f4xx_dma.o
    0x080032dc   0x00000104   Code   RO          550    .text               delay.o
    0x080033e0   0x0000014c   Code   RO          590    .text               usart.o
    0x0800352c   0x00000134   Code   RO          621    .text               motor.o
    0x08003660   0x00004c74   Code   RO          641    .text               lcd.o
    0x080082d4   0x000002cc   Code   RO          683    .text               dcmi.o
    0x080085a0   0x00000274   Code   RO          714    .text               sccb.o
    0x08008814   0x000005cc   Code   RO          734    .text               ov2640.o
    0x08008de0   0x000000e8   Code   RO          760    .text               pid.o
    0x08008ec8   0x00000410   Code   RO          780    .text               usart3.o
    0x080092d8   0x000003d4   Code   RO          808    .text               init.o
    0x080096ac   0x00000040   Code   RO          829    .text               beep.o
    0x080096ec   0x00000002   Code   RO          849    .text               c_w.l(use_no_semi_2.o)
    0x080096ee   0x00000002   PAD
    0x080096f0   0x00000018   Code   RO          853    .text               c_w.l(noretval__2printf.o)
    0x08009708   0x00000068   Code   RO          855    .text               c_w.l(__printf.o)
    0x08009770   0x00000074   Code   RO          857    .text               c_w.l(_printf_dec.o)
    0x080097e4   0x00000058   Code   RO          862    .text               c_w.l(_printf_hex_int.o)
    0x0800983c   0x00000044   Code   RO          903    .text               c_w.l(rt_memclr.o)
    0x08009880   0x0000004e   Code   RO          905    .text               c_w.l(rt_memclr_w.o)
    0x080098ce   0x00000006   Code   RO          907    .text               c_w.l(heapauxi.o)
    0x080098d4   0x00000002   Code   RO          931    .text               c_w.l(use_no_semi.o)
    0x080098d6   0x000000b2   Code   RO          934    .text               c_w.l(_printf_intcommon.o)
    0x08009988   0x00000024   Code   RO          936    .text               c_w.l(_printf_char_file.o)
    0x080099ac   0x00000030   Code   RO          961    .text               c_w.l(_printf_char_common.o)
    0x080099dc   0x00000008   Code   RO          963    .text               c_w.l(ferror.o)
    0x080099e4   0x0000004a   Code   RO          967    .text               c_w.l(sys_stackheap_outer.o)
    0x08009a2e   0x0000000c   Code   RO          971    .text               c_w.l(exit.o)
    0x08009a3a   0x00000002   PAD
    0x08009a3c   0x00000008   Code   RO          979    .text               c_w.l(libspace.o)
    0x08009a44   0x00000062   Code   RO          911    x$fpl$d2f           fz_wm.l(d2f.o)
    0x08009aa6   0x00000002   PAD
    0x08009aa8   0x00000150   Code   RO          913    x$fpl$dadd          fz_wm.l(daddsub_clz.o)
    0x08009bf8   0x0000005a   Code   RO          919    x$fpl$dfixu         fz_wm.l(dfixu.o)
    0x08009c52   0x0000002e   Code   RO          924    x$fpl$dflt          fz_wm.l(dflt_clz.o)
    0x08009c80   0x00000026   Code   RO          923    x$fpl$dfltu         fz_wm.l(dflt_clz.o)
    0x08009ca6   0x00000002   PAD
    0x08009ca8   0x00000154   Code   RO          929    x$fpl$dmul          fz_wm.l(dmul.o)
    0x08009dfc   0x0000009c   Code   RO          939    x$fpl$dnaninf       fz_wm.l(dnaninf.o)
    0x08009e98   0x0000000c   Code   RO          941    x$fpl$dretinf       fz_wm.l(dretinf.o)
    0x08009ea4   0x000001d4   Code   RO          915    x$fpl$dsub          fz_wm.l(daddsub_clz.o)
    0x0800a078   0x0000000a   Code   RO         1036    x$fpl$fpinit        fz_wm.l(fpinit.o)
    0x0800a082   0x0000000a   Code   RO          943    x$fpl$fretinf       fz_wm.l(fretinf.o)
    0x0800a08c   0x00000000   Code   RO          945    x$fpl$usenofp       fz_wm.l(usenofp.o)
    0x0800a08c   0x0000001c   Data   RO          363    .constdata          stm32f4xx_fsmc.o
    0x0800a0a8   0x000017c0   Data   RO          643    .constdata          lcd.o
    0x0800b868   0x000005b8   Data   RO          735    .constdata          ov2640.o
    0x0800be20   0x00000028   Data   RO          863    .constdata          c_w.l(_printf_hex_int.o)
    0x0800be48   0x00000020   Data   RO         1099    Region$$Table       anon$$obj.o


    Execution Region RW_IRAM1 (Base: 0x20000000, Size: 0x0000eed8, Max: 0x00020000, ABSOLUTE)

    Base Addr    Size         Type   Attr      Idx    E Section Name        Object

    0x20000000   0x000000dc   Data   RW            5    .data               main.o
    0x200000dc   0x00000014   Data   RW          204    .data               system_stm32f4xx.o
    0x200000f0   0x00000010   Data   RW          449    .data               stm32f4xx_rcc.o
    0x20000100   0x00000004   Data   RW          551    .data               delay.o
    0x20000104   0x00000006   Data   RW          592    .data               usart.o
    0x2000010a   0x00000004   Data   RW          644    .data               lcd.o
    0x2000010e   0x00000002   PAD
    0x20000110   0x00000004   Data   RW          685    .data               dcmi.o
    0x20000114   0x00000002   Data   RW          782    .data               usart3.o
    0x20000116   0x00000002   PAD
    0x20000118   0x0000e668   Zero   RW            4    .bss                main.o
    0x2000e780   0x000000c8   Zero   RW          591    .bss                usart.o
    0x2000e848   0x0000000e   Zero   RW          642    .bss                lcd.o
    0x2000e856   0x0000000e   Zero   RW          684    .bss                dcmi.o
    0x2000e864   0x00000014   Zero   RW          781    .bss                usart3.o
    0x2000e878   0x00000060   Zero   RW          980    .bss                c_w.l(libspace.o)
    0x2000e8d8   0x00000200   Zero   RW          228    HEAP                startup_stm32f40_41xxx.o
    0x2000ead8   0x00000400   Zero   RW          227    STACK               startup_stm32f40_41xxx.o


==============================================================================

Image component sizes


      Code (inc. data)   RO Data    RW Data    ZI Data      Debug   Object Name

        64          8          0          0          0        528   beep.o
       716         38          0          4         14       2852   dcmi.o
       260          8          0          4          0       1433   delay.o
       980         80          0          0          0        955   init.o
     19572        176       6080          4         14      22298   lcd.o
      2164        156          0        220      58984     308979   main.o
       224         20          0          0          0     230969   misc.o
       308         24          0          0          0       1067   motor.o
      1484         48       1464          0          0       5867   ov2640.o
       232         12          0          0          0       1457   pid.o
       628         12          0          0          0       2023   sccb.o
        64         26        392          0       1536        832   startup_stm32f40_41xxx.o
       396          4          0          0          0       3454   stm32f4xx_dcmi.o
       936         32          0          0          0       6289   stm32f4xx_dma.o
      1480         18         28          0          0       5610   stm32f4xx_fsmc.o
       660         44          0          0          0       4089   stm32f4xx_gpio.o
        26          0          0          0          0       1218   stm32f4xx_it.o
      1628         52          0         16          0      12876   stm32f4xx_rcc.o
      3234         60          0          0          0      22292   stm32f4xx_tim.o
      1108         34          0          0          0       7788   stm32f4xx_usart.o
       528         46          0         20          0       1771   system_stm32f4xx.o
       332         18          0          6        200       3346   usart.o
      1040         66          0          2         20       2285   usart3.o

    ----------------------------------------------------------------------
     38068        982       7996        280      60768     650278   Object Totals
         0          0         32          0          0          0   (incl. Generated)
         4          0          0          4          0          0   (incl. Padding)

    ----------------------------------------------------------------------

      Code (inc. data)   RO Data    RW Data    ZI Data      Debug   Library Member Name

         8          0          0          0          0         68   __main.o
       104          0          0          0          0         84   __printf.o
        52          8          0          0          0          0   __scatter.o
        26          0          0          0          0          0   __scatter_copy.o
        28          0          0          0          0          0   __scatter_zi.o
        48          6          0          0          0         96   _printf_char_common.o
        36          4          0          0          0         80   _printf_char_file.o
         6          0          0          0          0          0   _printf_d.o
       116         16          0          0          0         92   _printf_dec.o
        88          4         40          0          0         88   _printf_hex_int.o
       178          0          0          0          0         88   _printf_intcommon.o
         0          0          0          0          0          0   _printf_percent.o
         4          0          0          0          0          0   _printf_percent_end.o
         6          0          0          0          0          0   _printf_x.o
        12          0          0          0          0         72   exit.o
         8          0          0          0          0         68   ferror.o
         6          0          0          0          0        152   heapauxi.o
         2          0          0          0          0          0   libinit.o
         6          0          0          0          0          0   libinit2.o
         2          0          0          0          0          0   libshutdown.o
         2          0          0          0          0          0   libshutdown2.o
         8          4          0          0         96         68   libspace.o
        24          4          0          0          0         84   noretval__2printf.o
        68          0          0          0          0         68   rt_memclr.o
        78          0          0          0          0         80   rt_memclr_w.o
         0          0          0          0          0          0   rtentry.o
        12          0          0          0          0          0   rtentry2.o
         6          0          0          0          0          0   rtentry4.o
         2          0          0          0          0          0   rtexit.o
        10          0          0          0          0          0   rtexit2.o
        74          0          0          0          0         80   sys_stackheap_outer.o
         2          0          0          0          0         68   use_no_semi.o
         2          0          0          0          0         68   use_no_semi_2.o
        98          4          0          0          0        140   d2f.o
       804         16          0          0          0        368   daddsub_clz.o
        90          4          0          0          0        140   dfixu.o
        84          0          0          0          0        232   dflt_clz.o
       340         12          0          0          0        152   dmul.o
       156          4          0          0          0        140   dnaninf.o
        12          0          0          0          0        116   dretinf.o
        10          0          0          0          0        116   fpinit.o
        10          0          0          0          0        116   fretinf.o
         0          0          0          0          0          0   usenofp.o

    ----------------------------------------------------------------------
      2640         86         40          0         96       2924   Library Totals
        12          0          0          0          0          0   (incl. Padding)

    ----------------------------------------------------------------------

      Code (inc. data)   RO Data    RW Data    ZI Data      Debug   Library Name

      1024         46         40          0         96       1404   c_w.l
      1604         40          0          0          0       1520   fz_wm.l

    ----------------------------------------------------------------------
      2640         86         40          0         96       2924   Library Totals

    ----------------------------------------------------------------------

==============================================================================


      Code (inc. data)   RO Data    RW Data    ZI Data      Debug   

     40708       1068       8036        280      60864     647226   Grand Totals
     40708       1068       8036        280      60864     647226   ELF Image Totals
     40708       1068       8036        280          0          0   ROM Totals

==============================================================================

    Total RO  Size (Code + RO Data)                48744 (  47.60kB)
    Total RW  Size (RW Data + ZI Data)             61144 (  59.71kB)
    Total ROM Size (Code + RO Data + RW Data)      49024 (  47.88kB)

==============================================================================

